###############################################################################
#
# IAR ELF Linker V7.30.1.7746/W32 for ARM                 24/Aug/2017  17:36:44
# Copyright 2007-2014 IAR Systems AB.
#
#    Output file  =  
#        F:\信标\国赛最终\双眼欧泡果奶2017年8月20\Prj\IAR\FX15_Debug\Exe\vcan_Kinetis.out
#    Map file     =  
#        F:\信标\国赛最终\双眼欧泡果奶2017年8月20\Prj\IAR\FX15_Debug\List\vcan_Kinetis.map
#    Command line =  
#        F:\信标\国赛最终\双眼欧泡果奶2017年8月20\Prj\IAR\FX15_Debug\Obj\diskio.o
#        F:\信标\国赛最终\双眼欧泡果奶2017年8月20\Prj\IAR\FX15_Debug\Obj\ff.o
#        F:\信标\国赛最终\双眼欧泡果奶2017年8月20\Prj\IAR\FX15_Debug\Obj\Filter.o
#        F:\信标\国赛最终\双眼欧泡果奶2017年8月20\Prj\IAR\FX15_Debug\Obj\FuzzyGiv_DMax.o
#        F:\信标\国赛最终\双眼欧泡果奶2017年8月20\Prj\IAR\FX15_Debug\Obj\FuzzyGIV_DMIN.o
#        F:\信标\国赛最终\双眼欧泡果奶2017年8月20\Prj\IAR\FX15_Debug\Obj\FuzzySet_Speed.o
#        F:\信标\国赛最终\双眼欧泡果奶2017年8月20\Prj\IAR\FX15_Debug\Obj\Init.o
#        F:\信标\国赛最终\双眼欧泡果奶2017年8月20\Prj\IAR\FX15_Debug\Obj\lcd.o
#        F:\信标\国赛最终\双眼欧泡果奶2017年8月20\Prj\IAR\FX15_Debug\Obj\main.o
#        F:\信标\国赛最终\双眼欧泡果奶2017年8月20\Prj\IAR\FX15_Debug\Obj\misc.o
#        F:\信标\国赛最终\双眼欧泡果奶2017年8月20\Prj\IAR\FX15_Debug\Obj\MK60_adc.o
#        F:\信标\国赛最终\双眼欧泡果奶2017年8月20\Prj\IAR\FX15_Debug\Obj\MK60_can.o
#        F:\信标\国赛最终\双眼欧泡果奶2017年8月20\Prj\IAR\FX15_Debug\Obj\MK60_conf.o
#        F:\信标\国赛最终\双眼欧泡果奶2017年8月20\Prj\IAR\FX15_Debug\Obj\MK60_dac.o
#        F:\信标\国赛最终\双眼欧泡果奶2017年8月20\Prj\IAR\FX15_Debug\Obj\MK60_dma.o
#        F:\信标\国赛最终\双眼欧泡果奶2017年8月20\Prj\IAR\FX15_Debug\Obj\MK60_DWT.o
#        F:\信标\国赛最终\双眼欧泡果奶2017年8月20\Prj\IAR\FX15_Debug\Obj\MK60_flash.o
#        F:\信标\国赛最终\双眼欧泡果奶2017年8月20\Prj\IAR\FX15_Debug\Obj\MK60_flexbus.o
#        F:\信标\国赛最终\双眼欧泡果奶2017年8月20\Prj\IAR\FX15_Debug\Obj\MK60_ftm.o
#        F:\信标\国赛最终\双眼欧泡果奶2017年8月20\Prj\IAR\FX15_Debug\Obj\MK60_gpio.o
#        F:\信标\国赛最终\双眼欧泡果奶2017年8月20\Prj\IAR\FX15_Debug\Obj\MK60_i2c.o
#        F:\信标\国赛最终\双眼欧泡果奶2017年8月20\Prj\IAR\FX15_Debug\Obj\MK60_it.o
#        F:\信标\国赛最终\双眼欧泡果奶2017年8月20\Prj\IAR\FX15_Debug\Obj\MK60_lptmr.o
#        F:\信标\国赛最终\双眼欧泡果奶2017年8月20\Prj\IAR\FX15_Debug\Obj\MK60_mcg.o
#        F:\信标\国赛最终\双眼欧泡果奶2017年8月20\Prj\IAR\FX15_Debug\Obj\MK60_PIT.o
#        F:\信标\国赛最终\双眼欧泡果奶2017年8月20\Prj\IAR\FX15_Debug\Obj\MK60_port.o
#        F:\信标\国赛最终\双眼欧泡果奶2017年8月20\Prj\IAR\FX15_Debug\Obj\MK60_rtc.o
#        F:\信标\国赛最终\双眼欧泡果奶2017年8月20\Prj\IAR\FX15_Debug\Obj\MK60_sdhc.o
#        F:\信标\国赛最终\双眼欧泡果奶2017年8月20\Prj\IAR\FX15_Debug\Obj\MK60_spi.o
#        F:\信标\国赛最终\双眼欧泡果奶2017年8月20\Prj\IAR\FX15_Debug\Obj\MK60_SysTick.o
#        F:\信标\国赛最终\双眼欧泡果奶2017年8月20\Prj\IAR\FX15_Debug\Obj\MK60_uart.o
#        F:\信标\国赛最终\双眼欧泡果奶2017年8月20\Prj\IAR\FX15_Debug\Obj\MK60_usb.o
#        F:\信标\国赛最终\双眼欧泡果奶2017年8月20\Prj\IAR\FX15_Debug\Obj\MK60_wdog.o
#        F:\信标\国赛最终\双眼欧泡果奶2017年8月20\Prj\IAR\FX15_Debug\Obj\Motor.o
#        F:\信标\国赛最终\双眼欧泡果奶2017年8月20\Prj\IAR\FX15_Debug\Obj\OLED.o
#        F:\信标\国赛最终\双眼欧泡果奶2017年8月20\Prj\IAR\FX15_Debug\Obj\Screen.o
#        F:\信标\国赛最终\双眼欧泡果奶2017年8月20\Prj\IAR\FX15_Debug\Obj\Servo_Motor.o
#        F:\信标\国赛最终\双眼欧泡果奶2017年8月20\Prj\IAR\FX15_Debug\Obj\startup_MK60DZ10.o
#        F:\信标\国赛最终\双眼欧泡果奶2017年8月20\Prj\IAR\FX15_Debug\Obj\system_MK60DZ10.o
#        F:\信标\国赛最终\双眼欧泡果奶2017年8月20\Prj\IAR\FX15_Debug\Obj\USB.o
#        F:\信标\国赛最终\双眼欧泡果奶2017年8月20\Prj\IAR\FX15_Debug\Obj\USB_CDC.o
#        F:\信标\国赛最终\双眼欧泡果奶2017年8月20\Prj\IAR\FX15_Debug\Obj\VCAN_ASCII.o
#        F:\信标\国赛最终\双眼欧泡果奶2017年8月20\Prj\IAR\FX15_Debug\Obj\VCAN_BMP.o
#        F:\信标\国赛最终\双眼欧泡果奶2017年8月20\Prj\IAR\FX15_Debug\Obj\VCAN_camera.o
#        F:\信标\国赛最终\双眼欧泡果奶2017年8月20\Prj\IAR\FX15_Debug\Obj\VCAN_computer.o
#        F:\信标\国赛最终\双眼欧泡果奶2017年8月20\Prj\IAR\FX15_Debug\Obj\vcan_img2sd.o
#        F:\信标\国赛最终\双眼欧泡果奶2017年8月20\Prj\IAR\FX15_Debug\Obj\VCAN_key.o
#        F:\信标\国赛最终\双眼欧泡果奶2017年8月20\Prj\IAR\FX15_Debug\Obj\VCAN_key_event.o
#        F:\信标\国赛最终\双眼欧泡果奶2017年8月20\Prj\IAR\FX15_Debug\Obj\VCAN_LCD.o
#        F:\信标\国赛最终\双眼欧泡果奶2017年8月20\Prj\IAR\FX15_Debug\Obj\VCAN_LCD_CH.o
#        F:\信标\国赛最终\双眼欧泡果奶2017年8月20\Prj\IAR\FX15_Debug\Obj\VCAN_LCD_ILI9341.o
#        F:\信标\国赛最终\双眼欧泡果奶2017年8月20\Prj\IAR\FX15_Debug\Obj\VCAN_LCD_ST7735R.o
#        F:\信标\国赛最终\双眼欧泡果奶2017年8月20\Prj\IAR\FX15_Debug\Obj\VCAN_LCD_ST7735S.o
#        F:\信标\国赛最终\双眼欧泡果奶2017年8月20\Prj\IAR\FX15_Debug\Obj\VCAN_LED.o
#        F:\信标\国赛最终\双眼欧泡果奶2017年8月20\Prj\IAR\FX15_Debug\Obj\VCAN_MMA7455.o
#        F:\信标\国赛最终\双眼欧泡果奶2017年8月20\Prj\IAR\FX15_Debug\Obj\VCAN_NRF24L0.o
#        F:\信标\国赛最终\双眼欧泡果奶2017年8月20\Prj\IAR\FX15_Debug\Obj\VCAN_NRF24L0_MSG.o
#        F:\信标\国赛最终\双眼欧泡果奶2017年8月20\Prj\IAR\FX15_Debug\Obj\VCAN_OV7725_Eagle.o
#        F:\信标\国赛最终\双眼欧泡果奶2017年8月20\Prj\IAR\FX15_Debug\Obj\VCAN_OV7725_Wolf.o
#        F:\信标\国赛最终\双眼欧泡果奶2017年8月20\Prj\IAR\FX15_Debug\Obj\VCAN_RTC_count.o
#        F:\信标\国赛最终\双眼欧泡果奶2017年8月20\Prj\IAR\FX15_Debug\Obj\VCAN_SCCB.o
#        F:\信标\国赛最终\双眼欧泡果奶2017年8月20\Prj\IAR\FX15_Debug\Obj\vcan_sd_app.o
#        F:\信标\国赛最终\双眼欧泡果奶2017年8月20\Prj\IAR\FX15_Debug\Obj\Vcan_touch.o
#        F:\信标\国赛最终\双眼欧泡果奶2017年8月20\Prj\IAR\FX15_Debug\Obj\VCAN_TSL1401.o
#        F:\信标\国赛最终\双眼欧泡果奶2017年8月20\Prj\IAR\FX15_Debug\Obj\VCAN_UI_VAR.o
#        F:\信标\国赛最终\双眼欧泡果奶2017年8月20\Prj\IAR\FX15_Debug\Obj\vectors.o
#        --redirect _Printf=_PrintfLargeNoMb --redirect _Scanf=_ScanfLargeNoMb
#        -o
#        F:\信标\国赛最终\双眼欧泡果奶2017年8月20\Prj\IAR\FX15_Debug\Exe\vcan_Kinetis.out
#        --map
#        F:\信标\国赛最终\双眼欧泡果奶2017年8月20\Prj\IAR\FX15_Debug\List\vcan_Kinetis.map
#        --config "F:\信标\国赛最终\双眼欧泡果奶2017年8月20\Prj\IAR\config
#        files\vcan_ROM_K60X512.icf"
#        F:\信标\国赛最终\双眼欧泡果奶2017年8月20\Prj\IAR\..\..\Lib\CMSIS\iar_cortexM4l_math.a
#        --entry __iar_program_start --redirect __write=__write_buffered --vfe
#
###############################################################################

*******************************************************************************
*** RUNTIME MODEL ATTRIBUTES
***

CppFlavor       = *
__SystemLibrary = DLib


*******************************************************************************
*** PLACEMENT SUMMARY
***

"A1":  place at 0x00000000 { ro section .intvec };
"A2":  place at 0x00000410 { ro section .noinit };
"P1":  place in [from 0x00000000 to 0x00080000] |
                [from 0x10000000 to 0x1007ffff] { ro, block CodeRelocate };
"P2":  place in [from 0x1fff0410 to 0x20010000] {
          rw, block CodeRelocateRam, block CSTACK, block HEAP };

  Section              Kind        Address    Size  Object
  -------              ----        -------    ----  ------
"A1":                                        0x410
  .intvec              const    0x00000000   0x410  vectors.o [1]
                              - 0x00000410   0x410

"P1", part 1 of 2:                             0x0
  .rodata              const    0x00000410     0x0  zero_init3.o [5]

"A2":                                          0x8
  .noinit              ro code  0x00000410     0x8  startup_MK60DZ10.o [1]
                              - 0x00000418     0x8

"P1", part 2 of 2:                          0xa6f4
  .text                ro code  0x00000418  0x1248  VCAN_camera.o [1]
  .text                ro code  0x00001660     0x6  ABImemclr4.o [5]
  .text                ro code  0x00001666    0x22  zero_init3.o [5]
  .text                ro code  0x00001688    0x32  ABImemset48.o [5]
  .rodata              const    0x000016ba     0x2  FuzzyGiv_DMax.o [1]
  .data_init                    0x000016bc  0x11d4  <Block>
    Initializer bytes  ro data  0x000016bc  0x11d4  <for .data-1>
  .text                ro code  0x00002890   0xbee  xprintflarge_nomb.o [3]
  .rodata              const    0x0000347e     0x2  FuzzyGiv_DMax.o [1]
  .text                ro code  0x00003480    0x16  strchr.o [5]
  .rodata              const    0x00003496     0x2  FuzzyGiv_DMax.o [1]
  .text                ro code  0x00003498    0x36  strlen.o [5]
  .rodata              const    0x000034ce     0x2  FuzzyGiv_DMax.o [1]
  .text                ro code  0x000034d0    0x58  memchr.o [5]
  .text                ro code  0x00003528    0xee  I64DivMod.o [5]
  .rodata              const    0x00003616     0x2  FuzzyGiv_DMax.o [1]
  .text                ro code  0x00003618    0x76  ABImemcpy_unaligned.o [5]
  .text                ro code  0x0000368e    0x42  xdnorm.o [4]
  .text                ro code  0x000036d0    0x2e  DblCmpLe.o [4]
  .rodata              const    0x000036fe     0x2  FuzzyGiv_DMax.o [1]
  .text                ro code  0x00003700   0x1a2  DblMul.o [4]
  .rodata              const    0x000038a2     0x2  FuzzyGiv_DMax.o [1]
  .text                ro code  0x000038a4   0x246  DblDiv.o [4]
  .rodata              const    0x00003aea     0x2  FuzzyGIV_DMIN.o [1]
  .text                ro code  0x00003aec    0x58  DblToI32.o [4]
  .text                ro code  0x00003b44    0x30  I32ToDbl.o [4]
  .text                ro code  0x00003b74   0x180  DblSub.o [4]
  .text                ro code  0x00003cf4    0x6c  localeconv.o [3]
  .text                ro code  0x00003d60     0xe  div.o [3]
  .rodata              const    0x00003d6e     0x2  FuzzyGIV_DMIN.o [1]
  .text                ro code  0x00003d70     0x2  I64DivZer.o [5]
  .rodata              const    0x00003d72     0x2  FuzzyGIV_DMIN.o [1]
  .text                ro code  0x00003d74    0xe8  DblAdd.o [4]
  .text                ro code  0x00003e5c     0x2  xtls.o [3]
  .rodata              const    0x00003e5e     0x2  FuzzyGIV_DMIN.o [1]
  .text                ro code  0x00003e60   0xa30  FuzzySet_Speed.o [1]
  .text                ro code  0x00004890   0x964  FuzzyGIV_DMIN.o [1]
  .text                ro code  0x000051f4   0x964  FuzzyGiv_DMax.o [1]
  .text                ro code  0x00005b58   0x8e8  Servo_Motor.o [1]
  .text                ro code  0x00006440   0x5f0  MK60_ftm.o [1]
  .text                ro code  0x00006a30   0x19c  MK60_gpio.o [1]
  .text                ro code  0x00006bcc    0xb0  MK60_port.o [1]
  .text                ro code  0x00006c7c    0x7c  MK60_conf.o [1]
  .text                ro code  0x00006cf8    0x70  VCAN_LED.o [1]
  .text                ro code  0x00006d68    0x24  printf.o [3]
  .text                ro code  0x00006d8c    0x64  MK60_SysTick.o [1]
  .text                ro code  0x00006df0   0x270  MK60_uart.o [1]
  .text                ro code  0x00007060   0x72c  Init.o [1]
  .text                ro code  0x0000778c    0x70  VCAN_key.o [1]
  .text                ro code  0x000077fc   0x484  VCAN_OV7725_Eagle.o [1]
  .text                ro code  0x00007c80   0x56c  Motor.o [1]
  .text                ro code  0x000081ec   0x3c0  lcd.o [1]
  .text                ro code  0x000085ac   0x4b8  OLED.o [1]
  .text                ro code  0x00008a64    0x7c  MK60_PIT.o [1]
  .text                ro code  0x00008ae0    0x50  misc.o [1]
  .text                ro code  0x00008b30    0x80  VCAN_computer.o [1]
  .text                ro code  0x00008bb0   0x25c  Screen.o [1]
  .text                ro code  0x00008e0c   0x284  MK60_dma.o [1]
  .text                ro code  0x00009090   0x6fa  VCAN_SCCB.o [1]
  .rodata              const    0x0000978a     0x2  FuzzyGIV_DMIN.o [1]
  Veneer               ro code  0x0000978c     0x8  - Linker created -
  .text                ro code  0x00009794   0x3d4  MK60_mcg.o [1]
  .text                ro code  0x00009b68   0x3b0  Filter.o [1]
  .rodata              const    0x00009f18   0x228  OLED.o [1]
  .text                ro code  0x0000a140   0x1f0  main.o [1]
  .text                ro code  0x0000a330   0x13c  system_MK60DZ10.o [1]
  .text                ro code  0x0000a46c    0x40  MK60_wdog.o [1]
  .text                ro code  0x0000a4ac    0x9c  MK60_it.o [1]
  CodeRelocate                  0x0000a548    0x50  <Block>
    Initializer bytes  ro data  0x0000a548    0x50  <for CodeRelocateRam-1>
  .rodata              const    0x0000a598    0x44  MK60_SysTick.o [1]
  .rodata              const    0x0000a5dc    0x40  MK60_dma.o [1]
  .rodata              const    0x0000a61c    0x40  MK60_ftm.o [1]
  .rodata              const    0x0000a65c    0x40  MK60_gpio.o [1]
  .rodata              const    0x0000a69c    0x40  MK60_PIT.o [1]
  .rodata              const    0x0000a6dc    0x40  MK60_uart.o [1]
  .rodata              const    0x0000a71c    0x3c  misc.o [1]
  .rodata              const    0x0000a758    0x3c  MK60_conf.o [1]
  .text                ro code  0x0000a794    0x28  data_init.o [5]
  .rodata              const    0x0000a7bc    0x24  MK60_conf.o [1]
  .rodata              const    0x0000a7e0    0x24  VCAN_OV7725_Eagle.o [1]
  .rodata              const    0x0000a804    0x24  VCAN_OV7725_Eagle.o [1]
  .text                ro code  0x0000a828    0x22  fpinit_M.o [4]
  .iar.init_table      const    0x0000a84c    0x10  - Linker created -
  .rodata              const    0x0000a85c     0x2  FuzzyGIV_DMIN.o [1]
  .rodata              const    0x0000a860    0x20  VCAN_OV7725_Eagle.o [1]
  .text                ro code  0x0000a880    0x1a  cmain.o [5]
  .text                ro code  0x0000a89a     0x4  low_level_init.o [3]
  .text                ro code  0x0000a89e     0x4  exit.o [3]
  .rodata              const    0x0000a8a2     0x2  FuzzyGIV_DMIN.o [1]
  .text                ro code  0x0000a8a4     0xa  cexit.o [5]
  .rodata              const    0x0000a8ae     0x2  FuzzySet_Speed.o [1]
  .text                ro code  0x0000a8b0     0xc  XXexit.o [5]
  .rodata              const    0x0000a8bc    0x18  VCAN_OV7725_Eagle.o [1]
  .rodata              const    0x0000a8d4    0x18  VCAN_OV7725_Eagle.o [1]
  .text                ro code  0x0000a8ec    0x16  xprout.o [3]
  .rodata              const    0x0000a902     0x2  FuzzySet_Speed.o [1]
  .text                ro code  0x0000a904     0xc  putchar.o [3]
  .rodata              const    0x0000a910    0x14  VCAN_OV7725_Eagle.o [1]
  .rodata              const    0x0000a924    0x10  Init.o [1]
  .rodata              const    0x0000a934    0x10  Init.o [1]
  .rodata              const    0x0000a944    0x10  Init.o [1]
  .rodata              const    0x0000a954    0x10  Init.o [1]
  .rodata              const    0x0000a964    0x10  Init.o [1]
  .rodata              const    0x0000a974    0x10  Init.o [1]
  .rodata              const    0x0000a984    0x10  Init.o [1]
  .rodata              const    0x0000a994    0x10  Init.o [1]
  .rodata              const    0x0000a9a4    0x10  Init.o [1]
  .rodata              const    0x0000a9b4    0x10  Init.o [1]
  .rodata              const    0x0000a9c4    0x10  Init.o [1]
  .rodata              const    0x0000a9d4    0x10  Init.o [1]
  .rodata              const    0x0000a9e4     0xc  Init.o [1]
  .rodata              const    0x0000a9f0     0xc  Init.o [1]
  .rodata              const    0x0000a9fc     0xc  Init.o [1]
  .rodata              const    0x0000aa08     0xc  Init.o [1]
  .rodata              const    0x0000aa14     0xc  Init.o [1]
  .rodata              const    0x0000aa20     0xc  Init.o [1]
  .rodata              const    0x0000aa2c     0xc  Init.o [1]
  .rodata              const    0x0000aa38     0xc  Init.o [1]
  .rodata              const    0x0000aa44     0xc  Init.o [1]
  .text                ro code  0x0000aa50     0xc  cstartup_M.o [5]
  .rodata              const    0x0000aa5c     0x8  Init.o [1]
  .rodata              const    0x0000aa64     0x8  Init.o [1]
  .rodata              const    0x0000aa6c     0x8  Init.o [1]
  .rodata              const    0x0000aa74     0x2  FuzzySet_Speed.o [1]
  .rodata              const    0x0000aa76     0x2  FuzzySet_Speed.o [1]
  .rodata              const    0x0000aa78     0x2  FuzzySet_Speed.o [1]
  .rodata              const    0x0000aa7a     0x2  VCAN_camera.o [1]
  .rodata              const    0x0000aa7c     0x2  VCAN_computer.o [1]
  .rodata              const    0x0000aa7e     0x2  VCAN_computer.o [1]
  .rodata              const    0x0000aa80     0x2  VCAN_computer.o [1]
  .rodata              const    0x0000aa82     0x2  VCAN_computer.o [1]
  Initializer bytes    ro data  0x0000aa84    0x88  <for P2 s0>
                              - 0x0000ab0c  0xa6f4

"P2":                                       0xd410
  .data                         0x1fff0410  0x11d4  <Block>
    .data-1                     0x1fff0410  0x11d4  <Init block>
      .data            inited   0x1fff0410    0x10  FuzzyGiv_DMax.o [1]
      .data            inited   0x1fff0420    0x10  FuzzyGiv_DMax.o [1]
      .data            inited   0x1fff0430    0x10  FuzzyGiv_DMax.o [1]
      .data            inited   0x1fff0440    0x64  FuzzyGiv_DMax.o [1]
      .data            inited   0x1fff04a4     0x4  FuzzyGiv_DMax.o [1]
      .data            inited   0x1fff04a8    0x10  FuzzyGIV_DMIN.o [1]
      .data            inited   0x1fff04b8    0x10  FuzzyGIV_DMIN.o [1]
      .data            inited   0x1fff04c8    0x10  FuzzyGIV_DMIN.o [1]
      .data            inited   0x1fff04d8    0x64  FuzzyGIV_DMIN.o [1]
      .data            inited   0x1fff053c     0x4  FuzzyGIV_DMIN.o [1]
      .data            inited   0x1fff0540     0x2  FuzzySet_Speed.o [1]
      .data            inited   0x1fff0544    0x10  FuzzySet_Speed.o [1]
      .data            inited   0x1fff0554    0x10  FuzzySet_Speed.o [1]
      .data            inited   0x1fff0564    0x10  FuzzySet_Speed.o [1]
      .data            inited   0x1fff0574    0x10  FuzzySet_Speed.o [1]
      .data            inited   0x1fff0584    0x10  FuzzySet_Speed.o [1]
      .data            inited   0x1fff0594    0x10  FuzzySet_Speed.o [1]
      .data            inited   0x1fff05a4    0x10  FuzzySet_Speed.o [1]
      .data            inited   0x1fff05b4    0x64  FuzzySet_Speed.o [1]
      .data            inited   0x1fff0618     0x4  FuzzySet_Speed.o [1]
      .data            inited   0x1fff061c     0x1  Init.o [1]
      .data            inited   0x1fff061d     0x1  main.o [1]
      .data            inited   0x1fff061e     0x2  main.o [1]
      .data            inited   0x1fff0620     0x2  main.o [1]
      .data            inited   0x1fff0624   0x708  MK60_conf.o [1]
      .data            inited   0x1fff0d2c    0x10  MK60_ftm.o [1]
      .data            inited   0x1fff0d3c    0x14  MK60_gpio.o [1]
      .data            inited   0x1fff0d50    0x58  MK60_mcg.o [1]
      .data            inited   0x1fff0da8     0x4  MK60_mcg.o [1]
      .data            inited   0x1fff0dac    0x14  MK60_port.o [1]
      .data            inited   0x1fff0dc0    0x18  MK60_uart.o [1]
      .data            inited   0x1fff0dd8    0xf0  Servo_Motor.o [1]
      .data            inited   0x1fff0ec8    0xf0  Servo_Motor.o [1]
      .data            inited   0x1fff0fb8    0xf0  Servo_Motor.o [1]
      .data            inited   0x1fff10a8    0xf0  Servo_Motor.o [1]
      .data            inited   0x1fff1198   0x140  Servo_Motor.o [1]
      .data            inited   0x1fff12d8    0xf0  Servo_Motor.o [1]
      .data            inited   0x1fff13c8    0xf0  Servo_Motor.o [1]
      .data            inited   0x1fff14b8     0x2  Servo_Motor.o [1]
      .data            inited   0x1fff14bc     0x4  Servo_Motor.o [1]
      .data            inited   0x1fff14c0     0x4  Servo_Motor.o [1]
      .data            inited   0x1fff14c4     0x4  Servo_Motor.o [1]
      .data            inited   0x1fff14c8     0x1  Servo_Motor.o [1]
      .data            inited   0x1fff14c9     0x1  Servo_Motor.o [1]
      .data            inited   0x1fff14ca     0x1  Servo_Motor.o [1]
      .data            inited   0x1fff14cb     0x1  Servo_Motor.o [1]
      .data            inited   0x1fff14cc     0x1  Servo_Motor.o [1]
      .data            inited   0x1fff14cd     0x1  VCAN_camera.o [1]
      .data            inited   0x1fff14d0     0x8  VCAN_key.o [1]
      .data            inited   0x1fff14d8     0x4  VCAN_LED.o [1]
      .data            inited   0x1fff14dc     0x1  VCAN_OV7725_Eagle.o [1]
      .data            inited   0x1fff14e0    0x60  VCAN_OV7725_Eagle.o [1]
      .data            inited   0x1fff1540     0x1  VCAN_OV7725_Eagle.o [1]
      .data            inited   0x1fff1541     0x1  VCAN_OV7725_Eagle.o [1]
      .data            inited   0x1fff1544    0x60  VCAN_OV7725_Eagle.o [1]
      .data            inited   0x1fff15a4    0x40  xfiles.o [3]
  CodeRelocateRam               0x1fff15e4    0x50  <Block>
    CodeRelocateRam-1           0x1fff15e4    0x50  <Init block>
      .textrw          inited   0x1fff15e4    0x50  MK60_mcg.o [1]
  .bss                          0x1fff1634  0xc164  <Block>
    .bss               zero     0x1fff1634     0x4  Filter.o [1]
    .bss               zero     0x1fff1638     0x4  Filter.o [1]
    .bss               zero     0x1fff163c     0x4  Filter.o [1]
    .bss               zero     0x1fff1640     0x4  Filter.o [1]
    .bss               zero     0x1fff1644    0x10  main.o [1]
    .bss               zero     0x1fff1654    0x10  MK60_ftm.o [1]
    .bss               zero     0x1fff1664    0x44  Motor.o [1]
    .bss               zero     0x1fff16a8     0x4  Servo_Motor.o [1]
    .bss               zero     0x1fff16ac     0x4  system_MK60DZ10.o [1]
    .bss               zero     0x1fff16b0     0x4  system_MK60DZ10.o [1]
    .bss               zero     0x1fff16b4     0x4  system_MK60DZ10.o [1]
    .bss               zero     0x1fff16b8     0x4  VCAN_camera.o [1]
    .bss               zero     0x1fff16bc     0x4  VCAN_camera.o [1]
    .bss               zero     0x1fff16c0    0xf0  VCAN_camera.o [1]
    .bss               zero     0x1fff17b0    0xf0  VCAN_camera.o [1]
    .bss               zero     0x1fff18a0    0xf0  VCAN_camera.o [1]
    .bss               zero     0x1fff1990    0xf0  VCAN_camera.o [1]
    .bss               zero     0x1fff1a80    0xf0  VCAN_camera.o [1]
    .bss               zero     0x1fff1b70  0x4b00  VCAN_OV7725_Eagle.o [1]
    .bss               zero     0x1fff6670  0x4b00  VCAN_OV7725_Eagle.o [1]
    .bss               zero     0x1fffb170   0x960  VCAN_OV7725_Eagle.o [1]
    .bss               zero     0x1fffbad0   0x960  VCAN_OV7725_Eagle.o [1]
    .bss               zero     0x1fffc430   0x960  VCAN_OV7725_Eagle.o [1]
    .bss               zero     0x1fffcd90   0x960  VCAN_OV7725_Eagle.o [1]
    .bss               zero     0x1fffd6f0     0x4  VCAN_OV7725_Eagle.o [1]
    .bss               zero     0x1fffd6f4     0x4  VCAN_OV7725_Eagle.o [1]
    .bss               zero     0x1fffd6f8    0x50  xfiles.o [3]
    .bss               zero     0x1fffd748     0x2  main.o [1]
    .bss               zero     0x1fffd74a     0x2  main.o [1]
    .bss               zero     0x1fffd74c     0x2  Servo_Motor.o [1]
    .bss               zero     0x1fffd74e     0x2  Servo_Motor.o [1]
    .bss               zero     0x1fffd750     0x2  Servo_Motor.o [1]
    .bss               zero     0x1fffd752     0x2  Servo_Motor.o [1]
    .bss               zero     0x1fffd754     0x2  Servo_Motor.o [1]
    .bss               zero     0x1fffd756     0x2  Servo_Motor.o [1]
    .bss               zero     0x1fffd758     0x2  Servo_Motor.o [1]
    .bss               zero     0x1fffd75a     0x2  Servo_Motor.o [1]
    .bss               zero     0x1fffd75c     0x2  Servo_Motor.o [1]
    .bss               zero     0x1fffd75e     0x2  Servo_Motor.o [1]
    .bss               zero     0x1fffd760     0x2  VCAN_camera.o [1]
    .bss               zero     0x1fffd762     0x2  VCAN_camera.o [1]
    .bss               zero     0x1fffd764     0x2  VCAN_camera.o [1]
    .bss               zero     0x1fffd766     0x2  VCAN_camera.o [1]
    .bss               zero     0x1fffd768     0x2  VCAN_camera.o [1]
    .bss               zero     0x1fffd76a     0x2  VCAN_camera.o [1]
    .bss               zero     0x1fffd76c     0x2  VCAN_camera.o [1]
    .bss               zero     0x1fffd76e     0x2  VCAN_camera.o [1]
    .bss               zero     0x1fffd770     0x2  VCAN_camera.o [1]
    .bss               zero     0x1fffd772     0x2  VCAN_camera.o [1]
    .bss               zero     0x1fffd774     0x1  FuzzySet_Speed.o [1]
    .bss               zero     0x1fffd775     0x1  Init.o [1]
    .bss               zero     0x1fffd776     0x1  Init.o [1]
    .bss               zero     0x1fffd777     0x1  Init.o [1]
    .bss               zero     0x1fffd778     0x1  Init.o [1]
    .bss               zero     0x1fffd779     0x1  Init.o [1]
    .bss               zero     0x1fffd77a     0x1  Init.o [1]
    .bss               zero     0x1fffd77b     0x1  Init.o [1]
    .bss               zero     0x1fffd77c     0x1  main.o [1]
    .bss               zero     0x1fffd77d     0x1  main.o [1]
    .bss               zero     0x1fffd77e     0x1  main.o [1]
    .bss               zero     0x1fffd77f     0x1  main.o [1]
    .bss               zero     0x1fffd780     0x1  main.o [1]
    .bss               zero     0x1fffd781     0x1  main.o [1]
    .bss               zero     0x1fffd782     0x1  Servo_Motor.o [1]
    .bss               zero     0x1fffd783     0x1  Servo_Motor.o [1]
    .bss               zero     0x1fffd784     0x1  Servo_Motor.o [1]
    .bss               zero     0x1fffd785     0x1  Servo_Motor.o [1]
    .bss               zero     0x1fffd786     0x1  Servo_Motor.o [1]
    .bss               zero     0x1fffd787     0x1  Servo_Motor.o [1]
    .bss               zero     0x1fffd788     0x1  Servo_Motor.o [1]
    .bss               zero     0x1fffd789     0x1  VCAN_camera.o [1]
    .bss               zero     0x1fffd78a     0x1  VCAN_camera.o [1]
    .bss               zero     0x1fffd78b     0x1  VCAN_camera.o [1]
    .bss               zero     0x1fffd78c     0x1  VCAN_camera.o [1]
    .bss               zero     0x1fffd78d     0x1  VCAN_camera.o [1]
    .bss               zero     0x1fffd78e     0x1  VCAN_camera.o [1]
    .bss               zero     0x1fffd78f     0x1  VCAN_camera.o [1]
    .bss               zero     0x1fffd790     0x1  VCAN_camera.o [1]
    .bss               zero     0x1fffd791     0x1  VCAN_camera.o [1]
    .bss               zero     0x1fffd792     0x1  VCAN_camera.o [1]
    .bss               zero     0x1fffd793     0x1  VCAN_OV7725_Eagle.o [1]
    .bss               zero     0x1fffd794     0x1  VCAN_OV7725_Eagle.o [1]
  P2 s0                         0x1fffd798    0x88  <Init block>
    __DLIB_PERTHREAD   inited   0x1fffd798    0x88  localeconv.o [3]
                              - 0x1fffd820  0xd410


*******************************************************************************
*** INIT TABLE
***

          Address     Size
          -------     ----
Zero (__iar_zero_init3)
    1 destination range, total size 0xc161:
          0x1fff1634  0xc161



*******************************************************************************
*** MODULE SUMMARY
***

    Module                 ro code  rw code  ro data  rw data
    ------                 -------  -------  -------  -------
F:\信标\国赛最终\双眼欧泡果奶2017年8月20\Prj\IAR\FX15_Debug\Obj: [1]
    Filter.o                   944                         16
    FuzzyGIV_DMIN.o          2 404               166      152
    FuzzyGiv_DMax.o          2 404               166      152
    FuzzySet_Speed.o         2 608               230      219
    Init.o                   1 836               325        8
    MK60_PIT.o                 124                64
    MK60_SysTick.o             100                68
    MK60_conf.o                124             1 898    1 800
    MK60_dma.o                 644                64
    MK60_ftm.o               1 520                80       32
    MK60_gpio.o                412                84       20
    MK60_it.o                  156
    MK60_mcg.o                 980       80      172       92
    MK60_port.o                176                20       20
    MK60_uart.o                624                88       24
    MK60_wdog.o                 64
    Motor.o                  1 388                         68
    OLED.o                   1 208               552
    Screen.o                   604
    Servo_Motor.o            2 280             1 781    1 810
    VCAN_LED.o                 112                 4        4
    VCAN_OV7725_Eagle.o      1 156               372   48 205
    VCAN_SCCB.o              1 786
    VCAN_camera.o            4 680                 3    1 239
    VCAN_computer.o            128                 8
    VCAN_key.o                 112                10        8
    lcd.o                      960
    main.o                     496                 5       31
    misc.o                      80                60
    startup_MK60DZ10.o           8
    system_MK60DZ10.o          316                         12
    vectors.o                                  1 040
    ---------------------------------------------------------
    Total:                  30 434       80    7 260   53 912

command line: [2]
    ---------------------------------------------------------
    Total:

dl7M_tlf.a: [3]
    div.o                       14
    exit.o                       4
    localeconv.o               108               136      136
    low_level_init.o             4
    printf.o                    36
    putchar.o                   12
    xfiles.o                                      64      144
    xprintflarge_nomb.o      3 054
    xprout.o                    22
    xtls.o                       2
    ---------------------------------------------------------
    Total:                   3 256               200      280

m7M_tlv.a: [4]
    DblAdd.o                   232
    DblCmpLe.o                  46
    DblDiv.o                   582
    DblMul.o                   418
    DblSub.o                   384
    DblToI32.o                  88
    I32ToDbl.o                  48
    fpinit_M.o                  34
    xdnorm.o                    66
    ---------------------------------------------------------
    Total:                   1 898

rt7M_tl.a: [5]
    ABImemclr4.o                 6
    ABImemcpy_unaligned.o      118
    ABImemset48.o               50
    I64DivMod.o                238
    I64DivZer.o                  2
    XXexit.o                    12
    cexit.o                     10
    cmain.o                     26
    cstartup_M.o                12
    data_init.o                 40
    memchr.o                    88
    strchr.o                    22
    strlen.o                    54
    zero_init3.o                34
    ---------------------------------------------------------
    Total:                     712

    Gaps                                           4       13
    Linker created               8                16
-------------------------------------------------------------
    Grand Total:            36 308       80    7 480   54 205


*******************************************************************************
*** ENTRY LIST
***

Entry                      Address    Size  Type      Object
-----                      -------    ----  ----      ------
.bss$$Base              0x1fff1634           --   Gb  - Linker created -
.bss$$Limit             0x1fffd798           --   Gb  - Linker created -
.data$$Base             0x1fff0410           --   Gb  - Linker created -
.data$$Limit            0x1fff15e4           --   Gb  - Linker created -
.data_init$$Base        0x000016bc           --   Gb  - Linker created -
.data_init$$Limit       0x00002890           --   Gb  - Linker created -
?main                   0x0000a881          Code  Gb  cmain.o [5]
ASSERT_FAILED_STR       0x0000a7bc    0x24  Data  Gb  MK60_conf.o [1]
Address_set             0x000084fd    0x66  Code  Gb  lcd.o [1]
BloNor_JudAppear        0x00001151   0x314  Code  Gb  VCAN_camera.o [1]
BloNor_JudDisappear     0x0000146d    0x7c  Code  Gb  VCAN_camera.o [1]
Blo_LTemoporary         0x1fffd768     0x2  Data  Gb  VCAN_camera.o [1]
Blo_MidLine             0x1fffd760     0x2  Data  Gb  VCAN_camera.o [1]
Blo_RTemoporary         0x1fffd76a     0x2  Data  Gb  VCAN_camera.o [1]
Blo_Row_Limit           0x1fffd772     0x2  Data  Gb  VCAN_camera.o [1]
Blo_STATE               0x1fff14c9     0x1  Data  Gb  Servo_Motor.o [1]
Blo_row                 0x1fffd78d     0x1  Data  Gb  VCAN_camera.o [1]
Block_ComLeft           0x1fffd789     0x1  Data  Gb  VCAN_camera.o [1]
Block_ComRight          0x1fffd78a     0x1  Data  Gb  VCAN_camera.o [1]
Block_Judmid            0x1fffd785     0x1  Data  Gb  Servo_Motor.o [1]
Block_deviation         0x1fffd75c     0x2  Data  Gb  Servo_Motor.o [1]
Block_left_line         0x1fff16c0    0xf0  Data  Gb  VCAN_camera.o [1]
Block_right_line        0x1fff17b0    0xf0  Data  Gb  VCAN_camera.o [1]
Buffer_switch           0x00007bb3    0x48  Code  Gb  VCAN_OV7725_Eagle.o [1]
Camer_STATE             0x1fff14cb     0x1  Data  Gb  Servo_Motor.o [1]
CloSigal_Count          0x1fff16b8     0x4  Data  Gb  VCAN_camera.o [1]
CodeRelocate$$Base      0x0000a548           --   Gb  - Linker created -
CodeRelocate$$Limit     0x0000a598           --   Gb  - Linker created -
CodeRelocateRam$$Base   0x1fff15e4           --   Gb  - Linker created -
CodeRelocateRam$$Limit  0x1fff1634           --   Gb  - Linker created -
DFF                     0x1fff0554    0x10  Data  Gb  FuzzySet_Speed.o [1]
DFF_A                   0x1fff0420    0x10  Data  Gb  FuzzyGiv_DMax.o [1]
DFF_I                   0x1fff04b8    0x10  Data  Gb  FuzzyGIV_DMIN.o [1]
DMA0_IRQHandler         0x0000a4f5     0x8  Code  Gb  MK60_it.o [1]
DMA3_IRQHandler         0x0000a4fd     0x8  Code  Gb  MK60_it.o [1]
DMAX                    0x1fff061e     0x2  Data  Gb  main.o [1]
DMAX_A                  0x00003496     0x2  Data  Gb  FuzzyGiv_DMax.o [1]
DMAX_I                  0x00003d72     0x2  Data  Gb  FuzzyGIV_DMIN.o [1]
DMIN                    0x1fff0620     0x2  Data  Gb  main.o [1]
DMIN_A                  0x000034ce     0x2  Data  Gb  FuzzyGiv_DMax.o [1]
DMIN_I                  0x00003e5e     0x2  Data  Gb  FuzzyGIV_DMIN.o [1]
Direction_P             0x1fff14bc     0x4  Data  Gb  Servo_Motor.o [1]
Dis_STATE               0x1fff14cd     0x1  Data  Gb  VCAN_camera.o [1]
Dis_STATE_Judgement     0x00001519    0x50  Code  Gb  VCAN_camera.o [1]
Divide_count            0x1fff16a8     0x4  Data  Gb  Servo_Motor.o [1]
F6x8                    0x00009f18   0x228  Data  Gb  OLED.o [1]
FMAX                    0x0000aa78     0x2  Data  Gb  FuzzySet_Speed.o [1]
FMAX_A                  0x000038a2     0x2  Data  Gb  FuzzyGiv_DMax.o [1]
FMAX_I                  0x0000a8a2     0x2  Data  Gb  FuzzyGIV_DMIN.o [1]
FTMN                    0x1fff0d2c    0x10  Data  Gb  MK60_ftm.o [1]
FTM_port_mux            0x00006441   0x1ac  Code  Lc  MK60_ftm.o [1]
Forced_TurDirection     0x00001569    0x68  Code  Gb  VCAN_camera.o [1]
Forced_TurRow           0x1fffd78c     0x1  Data  Gb  VCAN_camera.o [1]
Forced_Turdirection     0x1fffd784     0x1  Data  Gb  Servo_Motor.o [1]
FuzForced_TurDirection  0x1fff13c8    0xf0  Data  Gb  Servo_Motor.o [1]
FuzRow_REV_LOSTLIMIT_A  0x1fff12d8    0xf0  Data  Gb  Servo_Motor.o [1]
Fuz_STATE               0x1fff14ca     0x1  Data  Gb  Servo_Motor.o [1]
FuzzyGiv_DMAXMIN        0x00004825    0x24  Code  Gb  FuzzySet_Speed.o [1]
FuzzySet_DMAX           0x000051f5   0x964  Code  Gb  FuzzyGiv_DMax.o [1]
FuzzySet_DMIN           0x00004891   0x964  Code  Gb  FuzzyGIV_DMIN.o [1]
FuzzySet_Speed          0x00003e61   0x94a  Code  Gb  FuzzySet_Speed.o [1]
GPIOX                   0x1fff0d3c    0x14  Data  Gb  MK60_gpio.o [1]
Init                    0x00007061   0x238  Code  Gb  Init.o [1]
Judge_STATE             0x1fff14cc     0x1  Data  Gb  Servo_Motor.o [1]
KEY_PTxn                0x1fff14d0     0x8  Data  Gb  VCAN_key.o [1]
Key_using               0x00007551   0x128  Code  Gb  Init.o [1]
LCD_Clear               0x00008563    0x36  Code  Gb  lcd.o [1]
LCD_WriteCommand        0x000081ed    0x4e  Code  Gb  lcd.o [1]
LCD_Write_Data          0x0000823b    0x4e  Code  Gb  lcd.o [1]
LCD_Write_Data2         0x00008289    0x18  Code  Gb  lcd.o [1]
LCD_block_flag          0x1fffd77a     0x1  Data  Gb  Init.o [1]
LCD_img                 0x00008bb1   0x11c  Code  Gb  Screen.o [1]
LCD_img_1               0x00008ccd   0x11c  Code  Gb  Screen.o [1]
LCD_sigal_flag          0x1fffd779     0x1  Data  Gb  Init.o [1]
LEDPIN_Init             0x000085ad    0x2c  Code  Gb  OLED.o [1]
LED_DLY_ms              0x000086df    0x1c  Code  Gb  OLED.o [1]
LED_Fill                0x0000869f    0x40  Code  Gb  OLED.o [1]
LED_P6x8Char            0x000088a7    0x54  Code  Gb  OLED.o [1]
LED_P6x8Str             0x000088fb    0x7c  Code  Gb  OLED.o [1]
LED_PTxn                0x1fff14d8     0x4  Data  Gb  VCAN_LED.o [1]
LED_PrintValueI         0x00008977    0xea  Code  Gb  OLED.o [1]
LED_Set_Pos             0x00008677    0x28  Code  Gb  OLED.o [1]
LED_WrCmd               0x00008629    0x4e  Code  Gb  OLED.o [1]
LED_WrDat               0x000085d9    0x4e  Code  Gb  OLED.o [1]
LOST_LIMIT              0x1fffd74c     0x2  Data  Gb  Servo_Motor.o [1]
LOST_LIMIT_Judging      0x00006395    0x12  Code  Gb  Servo_Motor.o [1]
LasLook_deviation       0x1fffd756     0x2  Data  Gb  Servo_Motor.o [1]
Las_Blo_STATE           0x1fffd787     0x1  Data  Gb  Servo_Motor.o [1]
Las_Dis_STATE           0x1fffd792     0x1  Data  Gb  VCAN_camera.o [1]
Las_Sig_STATE           0x1fffd786     0x1  Data  Gb  Servo_Motor.o [1]
Las_Sigpermit           0x1fffd790     0x1  Data  Gb  VCAN_camera.o [1]
Last_middle_line        0x1fffd766     0x2  Data  Gb  VCAN_camera.o [1]
Last_sigal_row          0x1fffd78b     0x1  Data  Gb  VCAN_camera.o [1]
Left_line               0x1fff18a0    0xf0  Data  Gb  VCAN_camera.o [1]
Leftchasu               0x00008045    0xa8  Code  Gb  Motor.o [1]
Level_Detection         0x0000626d    0xcc  Code  Gb  Servo_Motor.o [1]
LoadInt                 0x00002e0b    0x6e  Code  Lc  xprintflarge_nomb.o [3]
Losing_Row              0x1fffd791     0x1  Data  Gb  VCAN_camera.o [1]
Lost_flag               0x1fff16bc     0x4  Data  Gb  VCAN_camera.o [1]
Lower_Limit             0x1fffd770     0x2  Data  Gb  VCAN_camera.o [1]
MAX_DIVNUM              0x1fff14c4     0x4  Data  Gb  Servo_Motor.o [1]
Middle_line             0x1fff1a80    0xf0  Data  Gb  VCAN_camera.o [1]
Motor_init              0x000080ed    0x3c  Code  Gb  Motor.o [1]
Mov_dev                 0x1fff14b8     0x2  Data  Gb  Servo_Motor.o [1]
Movblo_dev              0x1fffd750     0x2  Data  Gb  Servo_Motor.o [1]
NVIC_DisableIRQ         0x00007813    0x16  Code  Lc  VCAN_OV7725_Eagle.o [1]
NVIC_EnableIRQ          0x0000a141    0x14  Code  Lc  main.o [1]
NVIC_EnableIRQ          0x000077fd    0x16  Code  Lc  VCAN_OV7725_Eagle.o [1]
NorDirection            0x1fffd782     0x1  Data  Gb  Servo_Motor.o [1]
NorDirection_Chosse     0x0000600d   0x13c  Code  Gb  Servo_Motor.o [1]
Nor_ChosseDev           0x00005e99   0x174  Code  Gb  Servo_Motor.o [1]
OLED_init               0x00008813    0x94  Code  Gb  OLED.o [1]
OLED_show               0x00007301   0x250  Code  Gb  Init.o [1]
PFF                     0x1fff0544    0x10  Data  Gb  FuzzySet_Speed.o [1]
PFF_A                   0x1fff0410    0x10  Data  Gb  FuzzyGiv_DMax.o [1]
PFF_I                   0x1fff04a8    0x10  Data  Gb  FuzzyGIV_DMIN.o [1]
PID                     0x1fffd74e     0x2  Data  Gb  Servo_Motor.o [1]
PID_generator_Regular   0x00005d61   0x134  Code  Gb  Servo_Motor.o [1]
PIT0_IRQHandler         0x0000a505    0x32  Code  Gb  MK60_it.o [1]
PMAX                    0x0000a8ae     0x2  Data  Gb  FuzzySet_Speed.o [1]
PMAX_A                  0x000016ba     0x2  Data  Gb  FuzzyGiv_DMax.o [1]
PMAX_I                  0x00003aea     0x2  Data  Gb  FuzzyGIV_DMIN.o [1]
PMIN                    0x0000a902     0x2  Data  Gb  FuzzySet_Speed.o [1]
PMIN_A                  0x0000347e     0x2  Data  Gb  FuzzyGiv_DMax.o [1]
PMIN_I                  0x00003d6e     0x2  Data  Gb  FuzzyGIV_DMIN.o [1]
PORTA_IRQHandler        0x0000a4ad    0x2a  Code  Gb  MK60_it.o [1]
PORTB_IRQHandler        0x0000a4d7    0x1e  Code  Gb  MK60_it.o [1]
PORTX                   0x1fff0dac    0x14  Data  Gb  MK60_port.o [1]
Port_4                  0x1fffd74a     0x2  Data  Gb  main.o [1]
Port_5                  0x1fffd748     0x2  Data  Gb  main.o [1]
Prospect_see            0x1fffd77f     0x1  Data  Gb  main.o [1]
Region$$Table$$Base     0x0000a84c           --   Gb  - Linker created -
Region$$Table$$Limit    0x0000a85c           --   Gb  - Linker created -
Reset_Handler           0x00000411          Code  Gb  startup_MK60DZ10.o [1]
Rev_Vision_Line         0x1fff1198   0x140  Data  Gb  Servo_Motor.o [1]
Rev_Vision_Row          0x1fffd76c     0x2  Data  Gb  VCAN_camera.o [1]
Right_line              0x1fff1990    0xf0  Data  Gb  VCAN_camera.o [1]
Rightchasu              0x00007f9d    0xa8  Code  Gb  Motor.o [1]
SCCB_Ack                0x000094eb    0x3c  Code  Lc  VCAN_SCCB.o [1]
SCCB_Ack_1              0x00009181    0x44  Code  Lc  VCAN_SCCB.o [1]
SCCB_GPIO_init          0x00009431    0x28  Code  Gb  VCAN_SCCB.o [1]
SCCB_GPIO_init_1        0x000090ab    0x28  Code  Gb  VCAN_SCCB.o [1]
SCCB_NoAck              0x00009527    0x3c  Code  Lc  VCAN_SCCB.o [1]
SCCB_NoAck_1            0x000091c5    0x44  Code  Lc  VCAN_SCCB.o [1]
SCCB_ReadByte           0x000096d9    0x2c  Code  Gb  VCAN_SCCB.o [1]
SCCB_ReadByte_1         0x0000937f    0x2c  Code  Gb  VCAN_SCCB.o [1]
SCCB_ReadByte_one       0x00009705    0x86  Code  Lc  VCAN_SCCB.o [1]
SCCB_ReadByte_one_1     0x000093ab    0x86  Code  Lc  VCAN_SCCB.o [1]
SCCB_ReceiveByte        0x000095f3    0x54  Code  Lc  VCAN_SCCB.o [1]
SCCB_ReceiveByte_1      0x000092b1    0x5e  Code  Lc  VCAN_SCCB.o [1]
SCCB_SendByte           0x000095af    0x44  Code  Lc  VCAN_SCCB.o [1]
SCCB_SendByte_1         0x00009265    0x4c  Code  Lc  VCAN_SCCB.o [1]
SCCB_Start              0x00009459    0x5e  Code  Lc  VCAN_SCCB.o [1]
SCCB_Start_1            0x000090d3    0x72  Code  Lc  VCAN_SCCB.o [1]
SCCB_Stop               0x000094b7    0x34  Code  Lc  VCAN_SCCB.o [1]
SCCB_Stop_1             0x00009145    0x3c  Code  Lc  VCAN_SCCB.o [1]
SCCB_WaitAck            0x00009563    0x4c  Code  Lc  VCAN_SCCB.o [1]
SCCB_WaitAck_1          0x00009209    0x5c  Code  Lc  VCAN_SCCB.o [1]
SCCB_WriteByte          0x00009669    0x28  Code  Gb  VCAN_SCCB.o [1]
SCCB_WriteByte_1        0x0000930f    0x28  Code  Gb  VCAN_SCCB.o [1]
SCCB_WriteByte_one      0x00009691    0x48  Code  Lc  VCAN_SCCB.o [1]
SCCB_WriteByte_one_1    0x00009337    0x48  Code  Lc  VCAN_SCCB.o [1]
SCCB_delay              0x00009091    0x1a  Code  Lc  VCAN_SCCB.o [1]
SMAX                    0x0000aa74     0x2  Data  Gb  FuzzySet_Speed.o [1]
SMAX_A                  0x00003616     0x2  Data  Gb  FuzzyGiv_DMax.o [1]
SMAX_I                  0x0000978a     0x2  Data  Gb  FuzzyGIV_DMIN.o [1]
SMIN                    0x0000aa76     0x2  Data  Gb  FuzzySet_Speed.o [1]
SMIN_A                  0x000036fe     0x2  Data  Gb  FuzzyGiv_DMax.o [1]
SMIN_I                  0x0000a85c     0x2  Data  Gb  FuzzyGIV_DMIN.o [1]
Servo_Motor_init        0x00005b59    0x12  Code  Gb  Servo_Motor.o [1]
Servo_Space             0x1fff14c0     0x4  Data  Gb  Servo_Motor.o [1]
SetAddressingMode       0x000086fb    0x14  Code  Gb  OLED.o [1]
SetContrastControl      0x0000871f    0x14  Code  Gb  OLED.o [1]
SetStartLine            0x0000870f    0x10  Code  Gb  OLED.o [1]
Set_Charge_Pump         0x00008733    0x16  Code  Gb  OLED.o [1]
Set_Common_Config       0x000087e9    0x16  Code  Gb  OLED.o [1]
Set_Common_Remap        0x0000879d    0x10  Code  Gb  OLED.o [1]
Set_Display_Clock       0x000087c1    0x14  Code  Gb  OLED.o [1]
Set_Display_Offset      0x000087ad    0x14  Code  Gb  OLED.o [1]
Set_Display_On_Off      0x0000878d    0x10  Code  Gb  OLED.o [1]
Set_Entire_Display      0x00008759    0x10  Code  Gb  OLED.o [1]
Set_Inverse_Display     0x00008769    0x10  Code  Gb  OLED.o [1]
Set_Multiplex_Ratio     0x00008779    0x14  Code  Gb  OLED.o [1]
Set_Precharge_Period    0x000087d5    0x14  Code  Gb  OLED.o [1]
Set_Segment_Remap       0x00008749    0x10  Code  Gb  OLED.o [1]
Set_VCOMH               0x000087ff    0x14  Code  Gb  OLED.o [1]
Set_vector              0x00007299    0x36  Code  Gb  Init.o [1]
Sig_FuzRow_Collection   0x000061d1    0x86  Code  Gb  Servo_Motor.o [1]
Sig_FuzzyRow            0x1fffd758     0x2  Data  Gb  Servo_Motor.o [1]
Sig_MidLine             0x1fffd764     0x2  Data  Gb  VCAN_camera.o [1]
Sig_STATE               0x1fff14c8     0x1  Data  Gb  Servo_Motor.o [1]
Sig_STATE_Judgement     0x00006149    0x88  Code  Gb  Servo_Motor.o [1]
Sig_chosse              0x1fffd762     0x2  Data  Gb  VCAN_camera.o [1]
Sig_deviation           0x1fffd75e     0x2  Data  Gb  Servo_Motor.o [1]
Sig_permit              0x1fffd78f     0x1  Data  Gb  VCAN_camera.o [1]
Sig_row                 0x1fffd78e     0x1  Data  Gb  VCAN_camera.o [1]
Single_DevGiving        0x00005d09    0x58  Code  Gb  Servo_Motor.o [1]
Spe_Speedset_Giv        0x000047ab    0x7a  Code  Gb  FuzzySet_Speed.o [1]
Spec_testing_flag       0x1fffd77b     0x1  Data  Gb  Init.o [1]
Start_flag              0x1fff061d     0x1  Data  Gb  main.o [1]
Staup_Begin             0x1fffd77e     0x1  Data  Gb  main.o [1]
Staup_Finish            0x1fffd774     0x1  Data  Gb  FuzzySet_Speed.o [1]
TFT_Reset               0x000082a1    0x20  Code  Gb  lcd.o [1]
Tft_init                0x000082c1   0x23c  Code  Gb  lcd.o [1]
TurAvoidBlock_Delay     0x0000633d    0x54  Code  Gb  Servo_Motor.o [1]
TurDirection            0x1fffd783     0x1  Data  Gb  Servo_Motor.o [1]
Tur_AvoidBlo_count      0x1fffd75a     0x2  Data  Gb  Servo_Motor.o [1]
Tur_AvoidBlo_flag       0x1fffd788     0x1  Data  Gb  Servo_Motor.o [1]
Turn_Speed              0x1fff0540     0x2  Data  Gb  FuzzySet_Speed.o [1]
UARTN                   0x1fff0dc0    0x18  Data  Gb  MK60_uart.o [1]
UFF                     0x1fff0618     0x4  Data  Gb  FuzzySet_Speed.o [1]
UFF1                    0x1fff0564    0x10  Data  Gb  FuzzySet_Speed.o [1]
UFF1_A                  0x1fff0430    0x10  Data  Gb  FuzzyGiv_DMax.o [1]
UFF1_I                  0x1fff04c8    0x10  Data  Gb  FuzzyGIV_DMIN.o [1]
UFF2                    0x1fff0574    0x10  Data  Gb  FuzzySet_Speed.o [1]
UFF3                    0x1fff0584    0x10  Data  Gb  FuzzySet_Speed.o [1]
UFF4                    0x1fff0594    0x10  Data  Gb  FuzzySet_Speed.o [1]
UFF5                    0x1fff05a4    0x10  Data  Gb  FuzzySet_Speed.o [1]
UFF_A                   0x1fff04a4     0x4  Data  Gb  FuzzyGiv_DMax.o [1]
UFF_I                   0x1fff053c     0x4  Data  Gb  FuzzyGIV_DMIN.o [1]
Uper_Limit              0x1fffd76e     0x2  Data  Gb  VCAN_camera.o [1]
_GenldLargeNoMb         0x00003201   0x236  Code  Lc  xprintflarge_nomb.o [3]
_LdtobLargeNoMb         0x00002f81   0x27a  Code  Lc  xprintflarge_nomb.o [3]
_LitobLargeNoMb         0x00002e79   0x106  Code  Lc  xprintflarge_nomb.o [3]
_Locale_aeabi_lconv     0x1fffd7e8    0x38  Data  Gb  localeconv.o [3]
_Locale_lconv           0x1fffd798    0x50  Data  Gb  localeconv.o [3]
_PrintfLargeNoMb        0x00002891   0x574  Code  Gb  xprintflarge_nomb.o [3]
_Prout                  0x0000a8ed    0x16  Code  Gb  xprout.o [3]
_PutcharsLargeNoMb      0x00003437    0x2e  Code  Lc  xprintflarge_nomb.o [3]
__BOOT_STACK_ADDRESS {Abs}
                        0x2000fff8           --   Gb  command line/config [2]
__VECTOR_RAM {Abs}      0x1fff0000           --   Gb  command line/config [2]
__VECTOR_TABLE {Abs}    0x00000000           --   Gb  command line/config [2]
__aeabi_cdcmple         0x000036d1          Code  Gb  DblCmpLe.o [4]
__aeabi_d2iz            0x00003aed          Code  Gb  DblToI32.o [4]
__aeabi_d2uiz           0x00003b19          Code  Gb  DblToI32.o [4]
__aeabi_dadd            0x00003d75          Code  Gb  DblAdd.o [4]
__aeabi_ddiv            0x000038a5          Code  Gb  DblDiv.o [4]
__aeabi_dmul            0x00003701          Code  Gb  DblMul.o [4]
__aeabi_dsub            0x00003b75          Code  Gb  DblSub.o [4]
__aeabi_i2d             0x00003b45          Code  Gb  I32ToDbl.o [4]
__aeabi_ldiv0           0x00003d71          Code  Gb  I64DivZer.o [5]
__aeabi_memclr4         0x00001661          Code  Gb  ABImemclr4.o [5]
__aeabi_ui2d            0x00003b59          Code  Gb  I32ToDbl.o [4]
__aeabi_uldivmod        0x00003529          Code  Gb  I64DivMod.o [5]
__cmain                 0x0000a881          Code  Gb  cmain.o [5]
__code_start__ {Abs}    0x00000410           --   Gb  command line/config [2]
__exit                  0x0000a8b1          Code  Gb  XXexit.o [5]
__iar_Dnorm             0x0000368f    0x42  Code  Gb  xdnorm.o [4]
__iar_Locale_lconv_init
                        0x00003cf5    0x3a  Code  Gb  localeconv.o [3]
__iar_Memchr            0x000034d1          Code  Gb  memchr.o [5]
__iar_Memset4_word      0x00001689          Code  Gb  ABImemset48.o [5]
__iar_Memset8_word      0x00001689          Code  Gb  ABImemset48.o [5]
__iar_Stdout            0x1fff15a4    0x40  Data  Gb  xfiles.o [3]
__iar_Strchr            0x00003481          Code  Gb  strchr.o [5]
__iar_d2uiz             0x00003b25          Code  Gb  DblToI32.o [4]
__iar_dadd              0x00003d89          Code  Gb  DblAdd.o [4]
__iar_data_init3        0x0000a795    0x28  Code  Gb  data_init.o [5]
__iar_dlib_perthread_access
                        0x00003e5d     0x2  Code  Gb  xtls.o [3]
__iar_dsub              0x00003b89          Code  Gb  DblSub.o [4]
__iar_dsubStart         0x00003b9b          Code  Gb  DblSub.o [4]
__iar_init_vfp          0x0000a829          Code  Gb  fpinit_M.o [4]
__iar_program_start     0x0000aa51          Code  Gb  cstartup_M.o [5]
__iar_ui2d              0x00003b5d          Code  Gb  I32ToDbl.o [4]
__iar_unaligned___aeabi_memcpy
                        0x00003619          Code  Gb  ABImemcpy_unaligned.o [5]
__iar_unaligned___aeabi_memcpy4
                        0x00003639          Code  Gb  ABImemcpy_unaligned.o [5]
__iar_unaligned___aeabi_memcpy8
                        0x00003639          Code  Gb  ABImemcpy_unaligned.o [5]
__iar_zero_init3        0x00001667    0x22  Code  Gb  zero_init3.o [5]
__low_level_init        0x0000a89b     0x4  Code  Gb  low_level_init.o [3]
__vector_table          0x00000000   0x410  Data  Gb  vectors.o [1]
_call_main              0x0000a88d          Code  Gb  cmain.o [5]
_exit                   0x0000a8a5          Code  Gb  cexit.o [5]
_main                   0x0000a897          Code  Gb  cmain.o [5]
assert_failed           0x00006c7d    0x26  Code  Gb  MK60_conf.o [1]
block_Lline             0x1fff0fb8    0xf0  Data  Gb  Servo_Motor.o [1]
block_Rline             0x1fff10a8    0xf0  Data  Gb  Servo_Motor.o [1]
block_finding           0x00000b9d   0x5a4  Code  Gb  VCAN_camera.o [1]
bus_clk_khz             0x1fff16b4     0x4  Data  Gb  system_MK60DZ10.o [1]
common_startup          0x0000a397    0x98  Code  Gb  system_MK60DZ10.o [1]
core_clk_khz            0x1fff16ac     0x4  Data  Gb  system_MK60DZ10.o [1]
core_clk_mhz            0x1fff16b0     0x4  Data  Gb  system_MK60DZ10.o [1]
default_isr             0x00006cb7    0x30  Code  Gb  MK60_conf.o [1]
direction_control       0x00005b6b   0x19e  Code  Gb  Servo_Motor.o [1]
direction_duty_output   0x1fffd754     0x2  Data  Gb  Servo_Motor.o [1]
div                     0x00003d61     0xe  Code  Gb  div.o [3]
dma_gpio_input_init     0x00008e0d    0x5c  Code  Lc  MK60_dma.o [1]
dma_portx2buff_init     0x00008e69   0x1f4  Code  Gb  MK60_dma.o [1]
exit                    0x0000a89f     0x4  Code  Gb  exit.o [3]
filter_ProspectSee      0x00009b69   0x102  Code  Gb  Filter.o [1]
filter_speed            0x00009c6d    0xd0  Code  Gb  Filter.o [1]
filter_speed_L          0x00009d3d    0xd8  Code  Gb  Filter.o [1]
filter_speed_R          0x00009e1d    0xd8  Code  Gb  Filter.o [1]
fputc                   0x00006ca3    0x14  Code  Gb  MK60_conf.o [1]
ftm_mod                 0x1fff1654    0x10  Data  Lc  MK60_ftm.o [1]
ftm_pwm_duty            0x0000679b   0x120  Code  Gb  MK60_ftm.o [1]
ftm_pwm_init            0x000065ed   0x1ae  Code  Gb  MK60_ftm.o [1]
ftm_quad_clean          0x000069ed    0x28  Code  Gb  MK60_ftm.o [1]
ftm_quad_get            0x000069c1    0x2c  Code  Gb  MK60_ftm.o [1]
ftm_quad_init           0x000068bb   0x106  Code  Gb  MK60_ftm.o [1]
gpio_get                0x00006b89    0x3a  Code  Gb  MK60_gpio.o [1]
gpio_init               0x00006a31    0xae  Code  Gb  MK60_gpio.o [1]
gpio_set                0x00006adf    0x72  Code  Gb  MK60_gpio.o [1]
gpio_turn               0x00006b51    0x38  Code  Gb  MK60_gpio.o [1]
img                     0x1fff6670  0x4b00  Data  Gb  VCAN_OV7725_Eagle.o [1]
img_1                   0x1fff1b70  0x4b00  Data  Gb  VCAN_OV7725_Eagle.o [1]
img_extract             0x00000419    0x92  Code  Gb  VCAN_camera.o [1]
img_send_flag           0x1fffd77d     0x1  Data  Gb  main.o [1]
img_switch_flag         0x1fffd793     0x1  Data  Gb  VCAN_OV7725_Eagle.o [1]
img_switch_flag_1       0x1fffd794     0x1  Data  Gb  VCAN_OV7725_Eagle.o [1]
imgbuff_block_1         0x1fffc430   0x960  Data  Gb  VCAN_OV7725_Eagle.o [1]
imgbuff_block_2         0x1fffcd90   0x960  Data  Gb  VCAN_OV7725_Eagle.o [1]
imgbuff_sigal_1         0x1fffb170   0x960  Data  Gb  VCAN_OV7725_Eagle.o [1]
imgbuff_sigal_2         0x1fffbad0   0x960  Data  Gb  VCAN_OV7725_Eagle.o [1]
key_get                 0x000077df    0x1a  Code  Gb  VCAN_key.o [1]
key_init                0x0000778d    0x52  Code  Gb  VCAN_key.o [1]
led_init                0x00006cf9    0x3a  Code  Gb  VCAN_LED.o [1]
led_turn                0x00006d33    0x32  Code  Gb  VCAN_LED.o [1]
localeconv              0x00003d2f    0x16  Code  Gb  localeconv.o [3]
main                    0x0000a155   0x188  Code  Gb  main.o [1]
mcg_cfg                 0x1fff0d50    0x58  Data  Gb  MK60_mcg.o [1]
mcg_div                 0x1fff0da8     0x4  Data  Gb  MK60_mcg.o [1]
mcg_div_count           0x00009795   0x304  Code  Gb  MK60_mcg.o [1]
memchr                  0x000034d1          Code  Gb  memchr.o [5]
motor                   0x1fff1664    0x44  Data  Gb  Motor.o [1]
myMotor_Setspeed        0x00008129    0x70  Code  Gb  Motor.o [1]
number_adding           0x1fffd781     0x1  Data  Gb  main.o [1]
obuf                    0x1fffd6f8    0x50  Data  Lc  xfiles.o [3]
ov7725_eagle_cfgnum     0x1fff1540     0x1  Data  Gb  VCAN_OV7725_Eagle.o [1]
ov7725_eagle_dma        0x00007ab5    0x14  Code  Gb  VCAN_OV7725_Eagle.o [1]
ov7725_eagle_dma_1      0x00007901    0x16  Code  Gb  VCAN_OV7725_Eagle.o [1]
ov7725_eagle_get_img    0x00007ac9    0x3a  Code  Gb  VCAN_OV7725_Eagle.o [1]
ov7725_eagle_get_img_1  0x00007917    0x3a  Code  Gb  VCAN_OV7725_Eagle.o [1]
ov7725_eagle_img_buff   0x1fffd6f4     0x4  Data  Gb  VCAN_OV7725_Eagle.o [1]
ov7725_eagle_img_buff_1
                        0x1fffd6f0     0x4  Data  Gb  VCAN_OV7725_Eagle.o [1]
ov7725_eagle_img_flag   0x1fff1541     0x1  Data  Gb  VCAN_OV7725_Eagle.o [1]
ov7725_eagle_img_flag_1
                        0x1fff14dc     0x1  Data  Gb  VCAN_OV7725_Eagle.o [1]
ov7725_eagle_init       0x00007a01    0x18  Code  Gb  VCAN_OV7725_Eagle.o [1]
ov7725_eagle_init_1     0x00007829    0x1a  Code  Gb  VCAN_OV7725_Eagle.o [1]
ov7725_eagle_port_init  0x00007a19    0x54  Code  Lc  VCAN_OV7725_Eagle.o [1]
ov7725_eagle_port_init_1
                        0x00007843    0x64  Code  Lc  VCAN_OV7725_Eagle.o [1]
ov7725_eagle_reg        0x1fff1544    0x60  Data  Gb  VCAN_OV7725_Eagle.o [1]
ov7725_eagle_reg_1      0x1fff14e0    0x60  Data  Gb  VCAN_OV7725_Eagle.o [1]
ov7725_eagle_reg_init   0x00007b03    0xb0  Code  Lc  VCAN_OV7725_Eagle.o [1]
ov7725_eagle_reg_init_1
                        0x00007951    0xb0  Code  Lc  VCAN_OV7725_Eagle.o [1]
ov7725_eagle_vsync      0x00007a6d    0x48  Code  Gb  VCAN_OV7725_Eagle.o [1]
ov7725_eagle_vsync_1    0x000078a7    0x5a  Code  Gb  VCAN_OV7725_Eagle.o [1]
page                    0x1fff061c     0x1  Data  Gb  Init.o [1]
pit_init                0x00008a65    0x6c  Code  Gb  MK60_PIT.o [1]
pll_init                0x00009a99    0xb2  Code  Gb  MK60_mcg.o [1]
port_init               0x00006bcd    0x44  Code  Gb  MK60_port.o [1]
port_init_NoALT         0x00006c11    0x62  Code  Gb  MK60_port.o [1]
printf                  0x00006d69    0x24  Code  Gb  printf.o [3]
putchar                 0x0000a905     0xc  Code  Gb  putchar.o [3]
real_deviation          0x1fffd752     0x2  Data  Gb  Servo_Motor.o [1]
rule                    0x1fff05b4    0x64  Data  Gb  FuzzySet_Speed.o [1]
rule_A                  0x1fff0440    0x64  Data  Gb  FuzzyGiv_DMax.o [1]
rule_I                  0x1fff04d8    0x64  Data  Gb  FuzzyGIV_DMIN.o [1]
send_image              0x000072cf    0x32  Code  Gb  Init.o [1]
send_image_flag         0x1fffd77c     0x1  Data  Gb  main.o [1]
set_sys_dividers        0x1fff15e5    0x50  Code  Gb  MK60_mcg.o [1]
set_vector_handler      0x00008b03    0x22  Code  Gb  misc.o [1]
show_OLED_flag          0x1fffd777     0x1  Data  Gb  Init.o [1]
show_menu_flag          0x1fffd776     0x1  Data  Gb  Init.o [1]
show_process_flag       0x1fffd778     0x1  Data  Gb  Init.o [1]
sigal_Lline_normal      0x1fff0dd8    0xf0  Data  Gb  Servo_Motor.o [1]
sigal_Rline_normal      0x1fff0ec8    0xf0  Data  Gb  Servo_Motor.o [1]
sigal_finding           0x000004ab   0x6f2  Code  Gb  VCAN_camera.o [1]
speed_control2          0x00007c81   0x31c  Code  Gb  Motor.o [1]
speed_level             0x1fffd775     0x1  Data  Gb  Init.o [1]
start                   0x0000a331    0x2a  Code  Gb  system_MK60DZ10.o [1]
start_count             0x1fffd780     0x1  Data  Gb  main.o [1]
strchr                  0x00003481          Code  Gb  strchr.o [5]
strlen                  0x00003499          Code  Gb  strlen.o [5]
sysinit                 0x0000a35b    0x3c  Code  Gb  system_MK60DZ10.o [1]
systick_delay           0x00006d8d    0x36  Code  Gb  MK60_SysTick.o [1]
systick_delay_ms        0x00006dc3    0x18  Code  Gb  MK60_SysTick.o [1]
uart_init               0x00006df1   0x218  Code  Gb  MK60_uart.o [1]
uart_putbuff            0x00007023    0x24  Code  Gb  MK60_uart.o [1]
uart_putchar            0x00007009    0x1a  Code  Gb  MK60_uart.o [1]
var                     0x1fff1644    0x10  Data  Gb  main.o [1]
vcan_sendimg            0x00008b31    0x38  Code  Gb  VCAN_computer.o [1]
vcan_sendware           0x00008b69    0x38  Code  Gb  VCAN_computer.o [1]
vector_str              0x1fff0624   0x708  Data  Gb  MK60_conf.o [1]
wdog_disable            0x0000a46d    0x16  Code  Gb  MK60_wdog.o [1]
wdog_unlock             0x0000a483    0x20  Code  Lc  MK60_wdog.o [1]
write_vtor              0x00008ae1    0x22  Code  Gb  misc.o [1]


[1] = F:\信标\国赛最终\双眼欧泡果奶2017年8月20\Prj\IAR\FX15_Debug\Obj
[2] = command line
[3] = dl7M_tlf.a
[4] = m7M_tlv.a
[5] = rt7M_tl.a

  36 308 bytes of readonly  code memory
      80 bytes of readwrite code memory
   7 480 bytes of readonly  data memory
  54 205 bytes of readwrite data memory

Errors: none
Warnings: none
