###############################################################################
#
# IAR ELF Linker V7.30.1.7746/W32 for ARM                 18/Feb/2017  12:03:24
# Copyright 2007-2014 IAR Systems AB.
#
#    Output file  =  
#        C:\Users\—Ó”Ó∏÷\Desktop\Opao\Prj\IAR\DZ10_Release\Exe\vcan_Kinetis.out
#    Map file     =  
#        C:\Users\—Ó”Ó∏÷\Desktop\Opao\Prj\IAR\DZ10_Release\List\vcan_Kinetis.map
#    Command line =  
#        C:\Users\—Ó”Ó∏÷\Desktop\Opao\Prj\IAR\DZ10_Release\Obj\diskio.o
#        C:\Users\—Ó”Ó∏÷\Desktop\Opao\Prj\IAR\DZ10_Release\Obj\ff.o
#        C:\Users\—Ó”Ó∏÷\Desktop\Opao\Prj\IAR\DZ10_Release\Obj\main.o
#        C:\Users\—Ó”Ó∏÷\Desktop\Opao\Prj\IAR\DZ10_Release\Obj\misc.o
#        C:\Users\—Ó”Ó∏÷\Desktop\Opao\Prj\IAR\DZ10_Release\Obj\MK60_adc.o
#        C:\Users\—Ó”Ó∏÷\Desktop\Opao\Prj\IAR\DZ10_Release\Obj\MK60_can.o
#        C:\Users\—Ó”Ó∏÷\Desktop\Opao\Prj\IAR\DZ10_Release\Obj\MK60_conf.o
#        C:\Users\—Ó”Ó∏÷\Desktop\Opao\Prj\IAR\DZ10_Release\Obj\MK60_dac.o
#        C:\Users\—Ó”Ó∏÷\Desktop\Opao\Prj\IAR\DZ10_Release\Obj\MK60_dma.o
#        C:\Users\—Ó”Ó∏÷\Desktop\Opao\Prj\IAR\DZ10_Release\Obj\MK60_DWT.o
#        C:\Users\—Ó”Ó∏÷\Desktop\Opao\Prj\IAR\DZ10_Release\Obj\MK60_flash.o
#        C:\Users\—Ó”Ó∏÷\Desktop\Opao\Prj\IAR\DZ10_Release\Obj\MK60_flexbus.o
#        C:\Users\—Ó”Ó∏÷\Desktop\Opao\Prj\IAR\DZ10_Release\Obj\MK60_ftm.o
#        C:\Users\—Ó”Ó∏÷\Desktop\Opao\Prj\IAR\DZ10_Release\Obj\MK60_gpio.o
#        C:\Users\—Ó”Ó∏÷\Desktop\Opao\Prj\IAR\DZ10_Release\Obj\MK60_i2c.o
#        C:\Users\—Ó”Ó∏÷\Desktop\Opao\Prj\IAR\DZ10_Release\Obj\MK60_it.o
#        C:\Users\—Ó”Ó∏÷\Desktop\Opao\Prj\IAR\DZ10_Release\Obj\MK60_lptmr.o
#        C:\Users\—Ó”Ó∏÷\Desktop\Opao\Prj\IAR\DZ10_Release\Obj\MK60_mcg.o
#        C:\Users\—Ó”Ó∏÷\Desktop\Opao\Prj\IAR\DZ10_Release\Obj\MK60_PIT.o
#        C:\Users\—Ó”Ó∏÷\Desktop\Opao\Prj\IAR\DZ10_Release\Obj\MK60_port.o
#        C:\Users\—Ó”Ó∏÷\Desktop\Opao\Prj\IAR\DZ10_Release\Obj\MK60_rtc.o
#        C:\Users\—Ó”Ó∏÷\Desktop\Opao\Prj\IAR\DZ10_Release\Obj\MK60_sdhc.o
#        C:\Users\—Ó”Ó∏÷\Desktop\Opao\Prj\IAR\DZ10_Release\Obj\MK60_spi.o
#        C:\Users\—Ó”Ó∏÷\Desktop\Opao\Prj\IAR\DZ10_Release\Obj\MK60_SysTick.o
#        C:\Users\—Ó”Ó∏÷\Desktop\Opao\Prj\IAR\DZ10_Release\Obj\MK60_uart.o
#        C:\Users\—Ó”Ó∏÷\Desktop\Opao\Prj\IAR\DZ10_Release\Obj\MK60_usb.o
#        C:\Users\—Ó”Ó∏÷\Desktop\Opao\Prj\IAR\DZ10_Release\Obj\MK60_wdog.o
#        C:\Users\—Ó”Ó∏÷\Desktop\Opao\Prj\IAR\DZ10_Release\Obj\Motor.o
#        C:\Users\—Ó”Ó∏÷\Desktop\Opao\Prj\IAR\DZ10_Release\Obj\Servo_Motor.o
#        C:\Users\—Ó”Ó∏÷\Desktop\Opao\Prj\IAR\DZ10_Release\Obj\startup_MK60DZ10.o
#        C:\Users\—Ó”Ó∏÷\Desktop\Opao\Prj\IAR\DZ10_Release\Obj\system_MK60DZ10.o
#        C:\Users\—Ó”Ó∏÷\Desktop\Opao\Prj\IAR\DZ10_Release\Obj\USB.o
#        C:\Users\—Ó”Ó∏÷\Desktop\Opao\Prj\IAR\DZ10_Release\Obj\USB_CDC.o
#        C:\Users\—Ó”Ó∏÷\Desktop\Opao\Prj\IAR\DZ10_Release\Obj\VCAN_ASCII.o
#        C:\Users\—Ó”Ó∏÷\Desktop\Opao\Prj\IAR\DZ10_Release\Obj\VCAN_BMP.o
#        C:\Users\—Ó”Ó∏÷\Desktop\Opao\Prj\IAR\DZ10_Release\Obj\VCAN_camera.o
#        C:\Users\—Ó”Ó∏÷\Desktop\Opao\Prj\IAR\DZ10_Release\Obj\VCAN_computer.o
#        C:\Users\—Ó”Ó∏÷\Desktop\Opao\Prj\IAR\DZ10_Release\Obj\vcan_img2sd.o
#        C:\Users\—Ó”Ó∏÷\Desktop\Opao\Prj\IAR\DZ10_Release\Obj\VCAN_key.o
#        C:\Users\—Ó”Ó∏÷\Desktop\Opao\Prj\IAR\DZ10_Release\Obj\VCAN_key_event.o
#        C:\Users\—Ó”Ó∏÷\Desktop\Opao\Prj\IAR\DZ10_Release\Obj\VCAN_LCD.o
#        C:\Users\—Ó”Ó∏÷\Desktop\Opao\Prj\IAR\DZ10_Release\Obj\VCAN_LCD_CH.o
#        C:\Users\—Ó”Ó∏÷\Desktop\Opao\Prj\IAR\DZ10_Release\Obj\VCAN_LCD_ILI9341.o
#        C:\Users\—Ó”Ó∏÷\Desktop\Opao\Prj\IAR\DZ10_Release\Obj\VCAN_LCD_ST7735R.o
#        C:\Users\—Ó”Ó∏÷\Desktop\Opao\Prj\IAR\DZ10_Release\Obj\VCAN_LCD_ST7735S.o
#        C:\Users\—Ó”Ó∏÷\Desktop\Opao\Prj\IAR\DZ10_Release\Obj\VCAN_LED.o
#        C:\Users\—Ó”Ó∏÷\Desktop\Opao\Prj\IAR\DZ10_Release\Obj\VCAN_MMA7455.o
#        C:\Users\—Ó”Ó∏÷\Desktop\Opao\Prj\IAR\DZ10_Release\Obj\VCAN_NRF24L0.o
#        C:\Users\—Ó”Ó∏÷\Desktop\Opao\Prj\IAR\DZ10_Release\Obj\VCAN_NRF24L0_MSG.o
#        C:\Users\—Ó”Ó∏÷\Desktop\Opao\Prj\IAR\DZ10_Release\Obj\VCAN_OV7725_Eagle.o
#        C:\Users\—Ó”Ó∏÷\Desktop\Opao\Prj\IAR\DZ10_Release\Obj\VCAN_OV7725_Wolf.o
#        C:\Users\—Ó”Ó∏÷\Desktop\Opao\Prj\IAR\DZ10_Release\Obj\VCAN_RTC_count.o
#        C:\Users\—Ó”Ó∏÷\Desktop\Opao\Prj\IAR\DZ10_Release\Obj\VCAN_SCCB.o
#        C:\Users\—Ó”Ó∏÷\Desktop\Opao\Prj\IAR\DZ10_Release\Obj\vcan_sd_app.o
#        C:\Users\—Ó”Ó∏÷\Desktop\Opao\Prj\IAR\DZ10_Release\Obj\Vcan_touch.o
#        C:\Users\—Ó”Ó∏÷\Desktop\Opao\Prj\IAR\DZ10_Release\Obj\VCAN_TSL1401.o
#        C:\Users\—Ó”Ó∏÷\Desktop\Opao\Prj\IAR\DZ10_Release\Obj\VCAN_UI_VAR.o
#        C:\Users\—Ó”Ó∏÷\Desktop\Opao\Prj\IAR\DZ10_Release\Obj\vectors.o
#        --redirect _Printf=_PrintfLargeNoMb --redirect _Scanf=_ScanfLargeNoMb
#        -o
#        C:\Users\—Ó”Ó∏÷\Desktop\Opao\Prj\IAR\DZ10_Release\Exe\vcan_Kinetis.out
#        --map
#        C:\Users\—Ó”Ó∏÷\Desktop\Opao\Prj\IAR\DZ10_Release\List\vcan_Kinetis.map
#        --config "C:\Users\—Ó”Ó∏÷\Desktop\Opao\Prj\IAR\config
#        files\vcan_ROM_K60N512.icf"
#        C:\Users\—Ó”Ó∏÷\Desktop\Opao\Prj\IAR\..\..\Lib\CMSIS\iar_cortexM4l_math.a
#        --entry __iar_program_start --redirect __write=__write_buffered
#        --inline --vfe
#
###############################################################################

*******************************************************************************
*** RUNTIME MODEL ATTRIBUTES
***

CppFlavor       = *
__SystemLibrary = DLib


*******************************************************************************
*** PLACEMENT SUMMARY
***

"A1":  place at 0x00000000 { ro section .intvec };
"A2":  place at 0x00000410 { ro section .noinit };
"P1":  place in [from 0x00000000 to 0x00080000] { ro, block CodeRelocate };
"P2":  place in [from 0x1fff0410 to 0x20010000] {
          rw, block CodeRelocateRam, block CSTACK, block HEAP };

  Section              Kind        Address    Size  Object
  -------              ----        -------    ----  ------
"A1":                                        0x410
  .intvec              const    0x00000000   0x410  vectors.o [1]
                              - 0x00000410   0x410

"P1", part 1 of 2:                             0x0
  .rodata              const    0x00000410     0x0  zero_init3.o [5]

"A2":                                          0x8
  .noinit              ro code  0x00000410     0x8  startup_MK60DZ10.o [1]
                              - 0x00000418     0x8

"P1", part 2 of 2:                          0x1b4c
  .data_init                    0x00000418   0x4d0  <Block>
    Initializer bytes  ro data  0x00000418   0x4d0  <for .data-1>
  .text                ro code  0x000008e8    0x22  zero_init3.o [5]
  .text                ro code  0x0000090c   0x430  VCAN_SCCB.o [1]
  .text                ro code  0x00000d3c    0x48  MK60_gpio.o [1]
  .text                ro code  0x00000d84    0x74  MK60_port.o [1]
  .text                ro code  0x00000df8   0x27a  VCAN_camera.o [1]
  .text                ro code  0x00001074    0x2e  I32ToFlt.o [4]
  .text                ro code  0x000010a4    0x84  FltAdd.o [4]
  .text                ro code  0x00001128    0xd8  FltMul.o [4]
  .text                ro code  0x00001200    0xfc  FltDiv.o [4]
  .text                ro code  0x000012fc    0xe6  FltSub.o [4]
  Veneer               ro code  0x000013e4     0x8  - Linker created -
  .text                ro code  0x000013ec   0x1c4  MK60_mcg.o [1]
  .text                ro code  0x000015b0   0x164  VCAN_OV7725_Eagle.o [1]
  .text                ro code  0x00001714    0x34  MK60_SysTick.o [1]
  .text                ro code  0x00001748    0xec  MK60_dma.o [1]
  .text                ro code  0x00001834   0x158  MK60_ftm.o [1]
  .text                ro code  0x0000198c   0x158  MK60_uart.o [1]
  .text                ro code  0x00001ae4   0x114  main.o [1]
  .text                ro code  0x00001bf8    0x7c  Servo_Motor.o [1]
  .text                ro code  0x00001c74    0x18  misc.o [1]
  .text                ro code  0x00001c8c    0x44  FltToS32.o [4]
  .text                ro code  0x00001cd0    0xcc  system_MK60DZ10.o [1]
  .text                ro code  0x00001d9c    0x2c  MK60_wdog.o [1]
  .text                ro code  0x00001dc8    0x76  ABImemcpy_unaligned.o [5]
  .text                ro code  0x00001e40     0x6  ABImemclr.o [5]
  .text                ro code  0x00001e48    0x5e  ABImemset.o [5]
  CodeRelocate                  0x00001ea8    0x3c  <Block>
    Initializer bytes  ro data  0x00001ea8    0x3c  <for CodeRelocateRam-1>
  .text                ro code  0x00001ee4    0x28  data_init.o [5]
  .iar.init_table      const    0x00001f0c    0x10  - Linker created -
  .text                ro code  0x00001f1c    0x1a  cmain.o [5]
  .text                ro code  0x00001f36     0x4  exit.o [3]
  .text                ro code  0x00001f3c     0xa  cexit.o [5]
  .text                ro code  0x00001f48     0xc  XXexit.o [5]
  .text                ro code  0x00001f54     0xc  cstartup_M.o [5]
  .text                ro code  0x00001f60     0x4  MK60_conf.o [1]
                              - 0x00001f64  0x1b4c

"P2":                                       0x64e0
  .data                         0x1fff0410   0x4d0  <Block>
    .data-1                     0x1fff0410   0x4cd  <Init block>
      .data            inited   0x1fff0410    0x18  MK60_ftm.o [1]
      .data            inited   0x1fff0428    0x14  MK60_gpio.o [1]
      .data            inited   0x1fff043c    0x44  MK60_mcg.o [1]
      .data            inited   0x1fff0480     0x4  MK60_mcg.o [1]
      .data            inited   0x1fff0484    0x14  MK60_port.o [1]
      .data            inited   0x1fff0498    0x18  MK60_uart.o [1]
      .data            inited   0x1fff04b0   0x3c0  VCAN_camera.o [1]
      .data            inited   0x1fff0870     0x8  VCAN_OV7725_Eagle.o [1]
      .data            inited   0x1fff0878    0x65  VCAN_OV7725_Eagle.o [1]
  CodeRelocateRam               0x1fff08e0    0x3c  <Block>
    CodeRelocateRam-1           0x1fff08e0    0x3c  <Init block>
      .textrw          inited   0x1fff08e0    0x3c  MK60_mcg.o [1]
  .bss                          0x1fff091c  0x5fd4  <Block>
    .bss               zero     0x1fff091c  0x12c4  main.o [1]
    .bss               zero     0x1fff1be0    0x18  Servo_Motor.o [1]
    .bss               zero     0x1fff1bf8     0xc  system_MK60DZ10.o [1]
    .bss               zero     0x1fff1c04  0x4ce0  VCAN_camera.o [1]
    .bss               zero     0x1fff68e4     0xc  VCAN_camera.o [1]
                              - 0x1fff68f0  0x64e0


*******************************************************************************
*** INIT TABLE
***

          Address     Size
          -------     ----
Zero (__iar_zero_init3)
    1 destination range, total size 0x5fd4:
          0x1fff091c  0x5fd4



*******************************************************************************
*** MODULE SUMMARY
***

    Module                 ro code  rw code  ro data  rw data
    ------                 -------  -------  -------  -------
C:\Users\—Ó”Ó∏÷\Desktop\Opao\Prj\IAR\DZ10_Release\Obj: [1]
    MK60_SysTick.o              52
    MK60_conf.o                  4
    MK60_dma.o                 236
    MK60_ftm.o                 344                24       24
    MK60_gpio.o                 72                20       20
    MK60_mcg.o                 452       60      132       72
    MK60_port.o                116                20       20
    MK60_uart.o                344                24       24
    MK60_wdog.o                 44
    Servo_Motor.o              124                         24
    VCAN_OV7725_Eagle.o        356               109      109
    VCAN_SCCB.o              1 072
    VCAN_camera.o              634               960   20 652
    main.o                     276                      4 804
    misc.o                      24
    startup_MK60DZ10.o           8
    system_MK60DZ10.o          204                         12
    vectors.o                                  1 040
    ---------------------------------------------------------
    Total:                   4 362       60    2 329   25 761

command line: [2]
    ---------------------------------------------------------
    Total:

dl7M_tlf.a: [3]
    exit.o                       4
    ---------------------------------------------------------
    Total:                       4

m7M_tl.a: [4]
    FltAdd.o                   132
    FltDiv.o                   252
    FltMul.o                   216
    FltSub.o                   230
    FltToS32.o                  68
    I32ToFlt.o                  46
    ---------------------------------------------------------
    Total:                     944

rt7M_tl.a: [5]
    ABImemclr.o                  6
    ABImemcpy_unaligned.o      118
    ABImemset.o                 94
    XXexit.o                    12
    cexit.o                     10
    cmain.o                     26
    cstartup_M.o                12
    data_init.o                 40
    zero_init3.o                34
    ---------------------------------------------------------
    Total:                     352

    Gaps                        16
    Linker created               8                19
-------------------------------------------------------------
    Grand Total:             5 686       60    2 348   25 761


*******************************************************************************
*** ENTRY LIST
***

Entry                      Address    Size  Type      Object
-----                      -------    ----  ----      ------
.bss$$Base              0x1fff091c           --   Gb  - Linker created -
.bss$$Limit             0x1fff68f0           --   Gb  - Linker created -
.data$$Base             0x1fff0410           --   Gb  - Linker created -
.data$$Limit            0x1fff08e0           --   Gb  - Linker created -
.data_init$$Base        0x00000418           --   Gb  - Linker created -
.data_init$$Limit       0x000008e8           --   Gb  - Linker created -
?main                   0x00001f1d          Code  Gb  cmain.o [5]
CodeRelocate$$Base      0x00001ea8           --   Gb  - Linker created -
CodeRelocate$$Limit     0x00001ee4           --   Gb  - Linker created -
CodeRelocateRam$$Base   0x1fff08e0           --   Gb  - Linker created -
CodeRelocateRam$$Limit  0x1fff091c           --   Gb  - Linker created -
Correction_list         0x1fff0690   0x1e0  Data  Gb  VCAN_camera.o [1]
DMA0_IRQHandler         0x00001bb5     0x4  Code  Gb  main.o [1]
FTMN                    0x1fff0410     0xc  Data  Gb  MK60_ftm.o [1]
FTM_port_mux            0x00001835    0xac  Code  Lc  MK60_ftm.o [1]
GPIOX                   0x1fff0428    0x14  Data  Gb  MK60_gpio.o [1]
Left_line               0x1fff6704    0xf0  Data  Gb  VCAN_camera.o [1]
Middle_line             0x1fff04b0   0x1e0  Data  Gb  VCAN_camera.o [1]
PIT0_IRQHandler         0x00001bb9     0xc  Code  Gb  main.o [1]
PORTA_IRQHandler        0x00001b99    0x1a  Code  Gb  main.o [1]
PORTX                   0x1fff0484    0x14  Data  Gb  MK60_port.o [1]
Region$$Table$$Base     0x00001f0c           --   Gb  - Linker created -
Region$$Table$$Limit    0x00001f1c           --   Gb  - Linker created -
Reset_Handler           0x00000411          Code  Gb  startup_MK60DZ10.o [1]
Right_line              0x1fff67f4    0xf0  Data  Gb  VCAN_camera.o [1]
SCCB_GPIO_init          0x0000090d    0x2a  Code  Gb  VCAN_SCCB.o [1]
SCCB_ReadByte           0x00000b63    0x20  Code  Gb  VCAN_SCCB.o [1]
SCCB_ReadByte_one       0x00000b83   0x1aa  Code  Lc  VCAN_SCCB.o [1]
SCCB_SendByte           0x00000a65    0x5a  Code  Lc  VCAN_SCCB.o [1]
SCCB_Start              0x00000937    0x6a  Code  Lc  VCAN_SCCB.o [1]
SCCB_Stop               0x000009a1    0x64  Code  Lc  VCAN_SCCB.o [1]
SCCB_WaitAck            0x00000a05    0x60  Code  Lc  VCAN_SCCB.o [1]
SCCB_WriteByte          0x00000abf    0xa4  Code  Gb  VCAN_SCCB.o [1]
Servo_Motor_init        0x00001bf9    0x10  Code  Gb  Servo_Motor.o [1]
UARTN                   0x1fff0498    0x18  Data  Gb  MK60_uart.o [1]
__BOOT_STACK_ADDRESS {Abs}
                        0x2000fff8           --   Gb  command line/config [2]
__VECTOR_RAM {Abs}      0x1fff0000           --   Gb  command line/config [2]
__VECTOR_TABLE {Abs}    0x00000000           --   Gb  command line/config [2]
__aeabi_f2iz            0x00001c8d          Code  Gb  FltToS32.o [4]
__aeabi_fadd            0x000010a5          Code  Gb  FltAdd.o [4]
__aeabi_fdiv            0x00001201          Code  Gb  FltDiv.o [4]
__aeabi_fmul            0x00001129          Code  Gb  FltMul.o [4]
__aeabi_fsub            0x000012fd          Code  Gb  FltSub.o [4]
__aeabi_i2f             0x00001075          Code  Gb  I32ToFlt.o [4]
__aeabi_memclr          0x00001e41          Code  Gb  ABImemclr.o [5]
__cmain                 0x00001f1d          Code  Gb  cmain.o [5]
__code_start__ {Abs}    0x00000410           --   Gb  command line/config [2]
__exit                  0x00001f49          Code  Gb  XXexit.o [5]
__iar_Memset_word       0x00001e49          Code  Gb  ABImemset.o [5]
__iar_data_init3        0x00001ee5    0x28  Code  Gb  data_init.o [5]
__iar_fadd              0x000010b5          Code  Gb  FltAdd.o [4]
__iar_fsub              0x0000130d          Code  Gb  FltSub.o [4]
__iar_fsubStart         0x0000131d          Code  Gb  FltSub.o [4]
__iar_program_start     0x00001f55          Code  Gb  cstartup_M.o [5]
__iar_ui2f              0x00001089          Code  Gb  I32ToFlt.o [4]
__iar_unaligned___aeabi_memcpy
                        0x00001dc9          Code  Gb  ABImemcpy_unaligned.o [5]
__iar_unaligned___aeabi_memcpy4
                        0x00001de9          Code  Gb  ABImemcpy_unaligned.o [5]
__iar_unaligned___aeabi_memcpy8
                        0x00001de9          Code  Gb  ABImemcpy_unaligned.o [5]
__iar_zero_init3        0x000008e9    0x22  Code  Gb  zero_init3.o [5]
__vector_table          0x00000000   0x410  Data  Gb  vectors.o [1]
_call_main              0x00001f29          Code  Gb  cmain.o [5]
_exit                   0x00001f3d          Code  Gb  cexit.o [5]
_main                   0x00001f33          Code  Gb  cmain.o [5]
bus_clk_khz             0x1fff1c00     0x4  Data  Gb  system_MK60DZ10.o [1]
camer                   0x1fff68e4     0xc  Data  Gb  VCAN_camera.o [1]
common_startup          0x00001d23    0x48  Code  Gb  system_MK60DZ10.o [1]
core_clk_khz            0x1fff1bf8     0x4  Data  Gb  system_MK60DZ10.o [1]
core_clk_mhz            0x1fff1bfc     0x4  Data  Gb  system_MK60DZ10.o [1]
default_isr             0x00001f61     0x2  Code  Gb  MK60_conf.o [1]
direction_control       0x00001c09    0x62  Code  Gb  Servo_Motor.o [1]
dma_portx2buff_init     0x00001749    0xec  Code  Gb  MK60_dma.o [1]
exit                    0x00001f37     0x4  Code  Gb  exit.o [3]
ftm_mod                 0x1fff041c     0xc  Data  Lc  MK60_ftm.o [1]
ftm_pwm_duty            0x0000195d    0x24  Code  Gb  MK60_ftm.o [1]
ftm_pwm_init            0x000018e1    0x7c  Code  Gb  MK60_ftm.o [1]
gpio_init               0x00000d3d    0x42  Code  Gb  MK60_gpio.o [1]
image_processing        0x00000e6f   0x1e8  Code  Gb  VCAN_camera.o [1]
img_buffer              0x1fff0920   0x960  Data  Gb  main.o [1]
img_buffer2             0x1fff1280   0x960  Data  Gb  main.o [1]
img_extract             0x00000df9    0x76  Code  Gb  VCAN_camera.o [1]
img_handle              0x1fff1c04  0x4b00  Data  Gb  VCAN_camera.o [1]
img_switch_flag         0x1fff091c     0x1  Data  Gb  main.o [1]
main                    0x00001ae5    0xb4  Code  Gb  main.o [1]
mcg_cfg                 0x1fff043c    0x44  Data  Gb  MK60_mcg.o [1]
mcg_div                 0x1fff0480     0x4  Data  Gb  MK60_mcg.o [1]
mcg_div_count           0x000013ed   0x13a  Code  Gb  MK60_mcg.o [1]
ov7725_eagle_cfgnum     0x1fff08dc     0x1  Data  Gb  VCAN_OV7725_Eagle.o [1]
ov7725_eagle_dma        0x0000169b    0x12  Code  Gb  VCAN_OV7725_Eagle.o [1]
ov7725_eagle_get_img    0x000016ad    0x2c  Code  Gb  VCAN_OV7725_Eagle.o [1]
ov7725_eagle_img_buff   0x1fff0874     0x4  Data  Gb  VCAN_OV7725_Eagle.o [1]
ov7725_eagle_img_flag   0x1fff0870     0x1  Data  Gb  VCAN_OV7725_Eagle.o [1]
ov7725_eagle_init       0x000015b1    0xac  Code  Gb  VCAN_OV7725_Eagle.o [1]
ov7725_eagle_reg        0x1fff0878    0x64  Data  Gb  VCAN_OV7725_Eagle.o [1]
ov7725_eagle_vsync      0x0000165d    0x3e  Code  Gb  VCAN_OV7725_Eagle.o [1]
pll_init                0x00001527    0x7c  Code  Gb  MK60_mcg.o [1]
port_init               0x00000d85    0x2c  Code  Gb  MK60_port.o [1]
port_init_NoALT         0x00000db1    0x38  Code  Gb  MK60_port.o [1]
servos                  0x1fff1be0    0x18  Data  Gb  Servo_Motor.o [1]
set_sys_dividers        0x1fff08e1    0x3c  Code  Gb  MK60_mcg.o [1]
set_vector_handler      0x00001c7b     0x8  Code  Gb  misc.o [1]
start                   0x00001cd1    0x1e  Code  Gb  system_MK60DZ10.o [1]
sysinit                 0x00001cef    0x34  Code  Gb  system_MK60DZ10.o [1]
systick_delay_ms        0x00001715    0x2a  Code  Gb  MK60_SysTick.o [1]
uart_init               0x0000198d   0x148  Code  Gb  MK60_uart.o [1]
wdog_disable            0x00001d9d    0x26  Code  Gb  MK60_wdog.o [1]
write_vtor              0x00001c75     0x6  Code  Gb  misc.o [1]


[1] = C:\Users\—Ó”Ó∏÷\Desktop\Opao\Prj\IAR\DZ10_Release\Obj
[2] = command line
[3] = dl7M_tlf.a
[4] = m7M_tl.a
[5] = rt7M_tl.a

   5 686 bytes of readonly  code memory
      60 bytes of readwrite code memory
   2 348 bytes of readonly  data memory
  25 761 bytes of readwrite data memory

Errors: none
Warnings: none
