###############################################################################
#
# IAR ELF Linker V7.30.1.7746/W32 for ARM                 21/Aug/2017  01:44:46
# Copyright 2007-2014 IAR Systems AB.
#
#    Output file  =  
#        C:\Users\杨宇钢\Desktop\程序分类管理\双眼欧泡果奶2017年8月20\Prj\IAR\FN15_Debug\Exe\vcan_Kinetis.out
#    Map file     =  
#        C:\Users\杨宇钢\Desktop\程序分类管理\双眼欧泡果奶2017年8月20\Prj\IAR\FN15_Debug\List\vcan_Kinetis.map
#    Command line =  
#        C:\Users\杨宇钢\Desktop\程序分类管理\双眼欧泡果奶2017年8月20\Prj\IAR\FN15_Debug\Obj\diskio.o
#        C:\Users\杨宇钢\Desktop\程序分类管理\双眼欧泡果奶2017年8月20\Prj\IAR\FN15_Debug\Obj\ff.o
#        C:\Users\杨宇钢\Desktop\程序分类管理\双眼欧泡果奶2017年8月20\Prj\IAR\FN15_Debug\Obj\Filter.o
#        C:\Users\杨宇钢\Desktop\程序分类管理\双眼欧泡果奶2017年8月20\Prj\IAR\FN15_Debug\Obj\FuzzyGiv_DMax.o
#        C:\Users\杨宇钢\Desktop\程序分类管理\双眼欧泡果奶2017年8月20\Prj\IAR\FN15_Debug\Obj\FuzzyGIV_DMIN.o
#        C:\Users\杨宇钢\Desktop\程序分类管理\双眼欧泡果奶2017年8月20\Prj\IAR\FN15_Debug\Obj\FuzzySet_Speed.o
#        C:\Users\杨宇钢\Desktop\程序分类管理\双眼欧泡果奶2017年8月20\Prj\IAR\FN15_Debug\Obj\Init.o
#        C:\Users\杨宇钢\Desktop\程序分类管理\双眼欧泡果奶2017年8月20\Prj\IAR\FN15_Debug\Obj\lcd.o
#        C:\Users\杨宇钢\Desktop\程序分类管理\双眼欧泡果奶2017年8月20\Prj\IAR\FN15_Debug\Obj\main.o
#        C:\Users\杨宇钢\Desktop\程序分类管理\双眼欧泡果奶2017年8月20\Prj\IAR\FN15_Debug\Obj\misc.o
#        C:\Users\杨宇钢\Desktop\程序分类管理\双眼欧泡果奶2017年8月20\Prj\IAR\FN15_Debug\Obj\MK60_adc.o
#        C:\Users\杨宇钢\Desktop\程序分类管理\双眼欧泡果奶2017年8月20\Prj\IAR\FN15_Debug\Obj\MK60_can.o
#        C:\Users\杨宇钢\Desktop\程序分类管理\双眼欧泡果奶2017年8月20\Prj\IAR\FN15_Debug\Obj\MK60_conf.o
#        C:\Users\杨宇钢\Desktop\程序分类管理\双眼欧泡果奶2017年8月20\Prj\IAR\FN15_Debug\Obj\MK60_dac.o
#        C:\Users\杨宇钢\Desktop\程序分类管理\双眼欧泡果奶2017年8月20\Prj\IAR\FN15_Debug\Obj\MK60_dma.o
#        C:\Users\杨宇钢\Desktop\程序分类管理\双眼欧泡果奶2017年8月20\Prj\IAR\FN15_Debug\Obj\MK60_DWT.o
#        C:\Users\杨宇钢\Desktop\程序分类管理\双眼欧泡果奶2017年8月20\Prj\IAR\FN15_Debug\Obj\MK60_flash.o
#        C:\Users\杨宇钢\Desktop\程序分类管理\双眼欧泡果奶2017年8月20\Prj\IAR\FN15_Debug\Obj\MK60_flexbus.o
#        C:\Users\杨宇钢\Desktop\程序分类管理\双眼欧泡果奶2017年8月20\Prj\IAR\FN15_Debug\Obj\MK60_ftm.o
#        C:\Users\杨宇钢\Desktop\程序分类管理\双眼欧泡果奶2017年8月20\Prj\IAR\FN15_Debug\Obj\MK60_gpio.o
#        C:\Users\杨宇钢\Desktop\程序分类管理\双眼欧泡果奶2017年8月20\Prj\IAR\FN15_Debug\Obj\MK60_i2c.o
#        C:\Users\杨宇钢\Desktop\程序分类管理\双眼欧泡果奶2017年8月20\Prj\IAR\FN15_Debug\Obj\MK60_it.o
#        C:\Users\杨宇钢\Desktop\程序分类管理\双眼欧泡果奶2017年8月20\Prj\IAR\FN15_Debug\Obj\MK60_lptmr.o
#        C:\Users\杨宇钢\Desktop\程序分类管理\双眼欧泡果奶2017年8月20\Prj\IAR\FN15_Debug\Obj\MK60_mcg.o
#        C:\Users\杨宇钢\Desktop\程序分类管理\双眼欧泡果奶2017年8月20\Prj\IAR\FN15_Debug\Obj\MK60_PIT.o
#        C:\Users\杨宇钢\Desktop\程序分类管理\双眼欧泡果奶2017年8月20\Prj\IAR\FN15_Debug\Obj\MK60_port.o
#        C:\Users\杨宇钢\Desktop\程序分类管理\双眼欧泡果奶2017年8月20\Prj\IAR\FN15_Debug\Obj\MK60_rtc.o
#        C:\Users\杨宇钢\Desktop\程序分类管理\双眼欧泡果奶2017年8月20\Prj\IAR\FN15_Debug\Obj\MK60_sdhc.o
#        C:\Users\杨宇钢\Desktop\程序分类管理\双眼欧泡果奶2017年8月20\Prj\IAR\FN15_Debug\Obj\MK60_spi.o
#        C:\Users\杨宇钢\Desktop\程序分类管理\双眼欧泡果奶2017年8月20\Prj\IAR\FN15_Debug\Obj\MK60_SysTick.o
#        C:\Users\杨宇钢\Desktop\程序分类管理\双眼欧泡果奶2017年8月20\Prj\IAR\FN15_Debug\Obj\MK60_uart.o
#        C:\Users\杨宇钢\Desktop\程序分类管理\双眼欧泡果奶2017年8月20\Prj\IAR\FN15_Debug\Obj\MK60_usb.o
#        C:\Users\杨宇钢\Desktop\程序分类管理\双眼欧泡果奶2017年8月20\Prj\IAR\FN15_Debug\Obj\MK60_wdog.o
#        C:\Users\杨宇钢\Desktop\程序分类管理\双眼欧泡果奶2017年8月20\Prj\IAR\FN15_Debug\Obj\Motor.o
#        C:\Users\杨宇钢\Desktop\程序分类管理\双眼欧泡果奶2017年8月20\Prj\IAR\FN15_Debug\Obj\OLED.o
#        C:\Users\杨宇钢\Desktop\程序分类管理\双眼欧泡果奶2017年8月20\Prj\IAR\FN15_Debug\Obj\Screen.o
#        C:\Users\杨宇钢\Desktop\程序分类管理\双眼欧泡果奶2017年8月20\Prj\IAR\FN15_Debug\Obj\Servo_Motor.o
#        C:\Users\杨宇钢\Desktop\程序分类管理\双眼欧泡果奶2017年8月20\Prj\IAR\FN15_Debug\Obj\startup_MK60DZ10.o
#        C:\Users\杨宇钢\Desktop\程序分类管理\双眼欧泡果奶2017年8月20\Prj\IAR\FN15_Debug\Obj\system_MK60DZ10.o
#        C:\Users\杨宇钢\Desktop\程序分类管理\双眼欧泡果奶2017年8月20\Prj\IAR\FN15_Debug\Obj\USB.o
#        C:\Users\杨宇钢\Desktop\程序分类管理\双眼欧泡果奶2017年8月20\Prj\IAR\FN15_Debug\Obj\USB_CDC.o
#        C:\Users\杨宇钢\Desktop\程序分类管理\双眼欧泡果奶2017年8月20\Prj\IAR\FN15_Debug\Obj\VCAN_ASCII.o
#        C:\Users\杨宇钢\Desktop\程序分类管理\双眼欧泡果奶2017年8月20\Prj\IAR\FN15_Debug\Obj\VCAN_BMP.o
#        C:\Users\杨宇钢\Desktop\程序分类管理\双眼欧泡果奶2017年8月20\Prj\IAR\FN15_Debug\Obj\VCAN_camera.o
#        C:\Users\杨宇钢\Desktop\程序分类管理\双眼欧泡果奶2017年8月20\Prj\IAR\FN15_Debug\Obj\VCAN_computer.o
#        C:\Users\杨宇钢\Desktop\程序分类管理\双眼欧泡果奶2017年8月20\Prj\IAR\FN15_Debug\Obj\vcan_img2sd.o
#        C:\Users\杨宇钢\Desktop\程序分类管理\双眼欧泡果奶2017年8月20\Prj\IAR\FN15_Debug\Obj\VCAN_key.o
#        C:\Users\杨宇钢\Desktop\程序分类管理\双眼欧泡果奶2017年8月20\Prj\IAR\FN15_Debug\Obj\VCAN_key_event.o
#        C:\Users\杨宇钢\Desktop\程序分类管理\双眼欧泡果奶2017年8月20\Prj\IAR\FN15_Debug\Obj\VCAN_LCD.o
#        C:\Users\杨宇钢\Desktop\程序分类管理\双眼欧泡果奶2017年8月20\Prj\IAR\FN15_Debug\Obj\VCAN_LCD_CH.o
#        C:\Users\杨宇钢\Desktop\程序分类管理\双眼欧泡果奶2017年8月20\Prj\IAR\FN15_Debug\Obj\VCAN_LCD_ILI9341.o
#        C:\Users\杨宇钢\Desktop\程序分类管理\双眼欧泡果奶2017年8月20\Prj\IAR\FN15_Debug\Obj\VCAN_LCD_ST7735R.o
#        C:\Users\杨宇钢\Desktop\程序分类管理\双眼欧泡果奶2017年8月20\Prj\IAR\FN15_Debug\Obj\VCAN_LCD_ST7735S.o
#        C:\Users\杨宇钢\Desktop\程序分类管理\双眼欧泡果奶2017年8月20\Prj\IAR\FN15_Debug\Obj\VCAN_LED.o
#        C:\Users\杨宇钢\Desktop\程序分类管理\双眼欧泡果奶2017年8月20\Prj\IAR\FN15_Debug\Obj\VCAN_MMA7455.o
#        C:\Users\杨宇钢\Desktop\程序分类管理\双眼欧泡果奶2017年8月20\Prj\IAR\FN15_Debug\Obj\VCAN_NRF24L0.o
#        C:\Users\杨宇钢\Desktop\程序分类管理\双眼欧泡果奶2017年8月20\Prj\IAR\FN15_Debug\Obj\VCAN_NRF24L0_MSG.o
#        C:\Users\杨宇钢\Desktop\程序分类管理\双眼欧泡果奶2017年8月20\Prj\IAR\FN15_Debug\Obj\VCAN_OV7725_Eagle.o
#        C:\Users\杨宇钢\Desktop\程序分类管理\双眼欧泡果奶2017年8月20\Prj\IAR\FN15_Debug\Obj\VCAN_OV7725_Wolf.o
#        C:\Users\杨宇钢\Desktop\程序分类管理\双眼欧泡果奶2017年8月20\Prj\IAR\FN15_Debug\Obj\VCAN_RTC_count.o
#        C:\Users\杨宇钢\Desktop\程序分类管理\双眼欧泡果奶2017年8月20\Prj\IAR\FN15_Debug\Obj\VCAN_SCCB.o
#        C:\Users\杨宇钢\Desktop\程序分类管理\双眼欧泡果奶2017年8月20\Prj\IAR\FN15_Debug\Obj\vcan_sd_app.o
#        C:\Users\杨宇钢\Desktop\程序分类管理\双眼欧泡果奶2017年8月20\Prj\IAR\FN15_Debug\Obj\Vcan_touch.o
#        C:\Users\杨宇钢\Desktop\程序分类管理\双眼欧泡果奶2017年8月20\Prj\IAR\FN15_Debug\Obj\VCAN_TSL1401.o
#        C:\Users\杨宇钢\Desktop\程序分类管理\双眼欧泡果奶2017年8月20\Prj\IAR\FN15_Debug\Obj\VCAN_UI_VAR.o
#        C:\Users\杨宇钢\Desktop\程序分类管理\双眼欧泡果奶2017年8月20\Prj\IAR\FN15_Debug\Obj\vectors.o
#        --redirect _Printf=_PrintfLargeNoMb --redirect _Scanf=_ScanfLargeNoMb
#        -o
#        C:\Users\杨宇钢\Desktop\程序分类管理\双眼欧泡果奶2017年8月20\Prj\IAR\FN15_Debug\Exe\vcan_Kinetis.out
#        --map
#        C:\Users\杨宇钢\Desktop\程序分类管理\双眼欧泡果奶2017年8月20\Prj\IAR\FN15_Debug\List\vcan_Kinetis.map
#        --config
#        "C:\Users\杨宇钢\Desktop\程序分类管理\双眼欧泡果奶2017年8月20\Prj\IAR\config
#        files\vcan_ROM_K60N1M.icf"
#        C:\Users\杨宇钢\Desktop\程序分类管理\双眼欧泡果奶2017年8月20\Prj\IAR\..\..\Lib\CMSIS\iar_cortexM4l_math.a
#        --entry __iar_program_start --redirect __write=__write_buffered --vfe
#
###############################################################################

*******************************************************************************
*** RUNTIME MODEL ATTRIBUTES
***

CppFlavor       = *
__SystemLibrary = DLib


*******************************************************************************
*** PLACEMENT SUMMARY
***

"A1":  place at 0x00000000 { ro section .intvec };
"A2":  place at 0x00000410 { ro section .noinit };
"P1":  place in [from 0x00000000 to 0x00100000] { ro, block CodeRelocate };
"P2":  place in [from 0x1fff0410 to 0x20010000] {
          rw, block CodeRelocateRam, block CSTACK, block HEAP };

  Section              Kind        Address     Size  Object
  -------              ----        -------     ----  ------
"A1":                                         0x410
  .intvec              const    0x00000000    0x410  vectors.o [1]
                              - 0x00000410    0x410

"P1", part 1 of 2:                              0x0
  .rodata              const    0x00000410      0x0  zero_init3.o [5]

"A2":                                           0x8
  .noinit              ro code  0x00000410      0x8  startup_MK60DZ10.o [1]
                              - 0x00000418      0x8

"P1", part 2 of 2:                          0x1628c
  .data_init                    0x00000418   0xcfa4  <Block>
    Initializer bytes  ro data  0x00000418   0xcfa4  <for .data-1>
  .text                ro code  0x0000d3bc   0x2614  VCAN_SCCB.o [1]
  .text                ro code  0x0000f9d0    0x134  MK60_gpio.o [1]
  .text                ro code  0x0000fb04     0x7c  MK60_port.o [1]
  .text                ro code  0x0000fb80     0xd8  MK60_conf.o [1]
  .text                ro code  0x0000fc58     0x6c  VCAN_LED.o [1]
  .text                ro code  0x0000fcc4     0x24  printf.o [3]
  .text                ro code  0x0000fce8     0xa0  MK60_SysTick.o [1]
  .text                ro code  0x0000fd88    0x1f8  MK60_uart.o [1]
  .text                ro code  0x0000ff80    0xbee  xprintflarge_nomb.o [3]
  .text                ro code  0x00010b6e     0x22  zero_init3.o [5]
  .text                ro code  0x00010b90     0x16  strchr.o [5]
  .text                ro code  0x00010ba8     0x36  strlen.o [5]
  .text                ro code  0x00010be0     0x58  memchr.o [5]
  .text                ro code  0x00010c38     0xee  I64DivMod.o [5]
  .text                ro code  0x00010d28     0x76  ABImemcpy_unaligned.o [5]
  .text                ro code  0x00010d9e     0x42  xdnorm.o [4]
  .text                ro code  0x00010de0     0x2e  DblCmpLe.o [4]
  .text                ro code  0x00010e10    0x1a2  DblMul.o [4]
  .text                ro code  0x00010fb4    0x246  DblDiv.o [4]
  .text                ro code  0x000111fc     0x58  DblToI32.o [4]
  .text                ro code  0x00011254     0x30  I32ToDbl.o [4]
  .text                ro code  0x00011284    0x180  DblSub.o [4]
  .text                ro code  0x00011404     0x6c  localeconv.o [3]
  .text                ro code  0x00011470      0xe  div.o [3]
  .text                ro code  0x00011480      0x2  I64DivZer.o [5]
  .text                ro code  0x00011484     0xe8  DblAdd.o [4]
  .text                ro code  0x0001156c      0x2  xtls.o [3]
  .text                ro code  0x00011570   0x1240  lcd.o [1]
  .text                ro code  0x000127b0    0x90e  VCAN_camera.o [1]
  .text                ro code  0x000130c0      0x6  ABImemclr4.o [5]
  .text                ro code  0x000130c8     0x32  ABImemset48.o [5]
  .text                ro code  0x000130fc    0x5fc  OLED.o [1]
  .text                ro code  0x000136f8    0x5d4  Servo_Motor.o [1]
  .text                ro code  0x00013ccc    0x418  MK60_ftm.o [1]
  .text                ro code  0x000140e4    0x4ac  Init.o [1]
  .text                ro code  0x00014590     0xcc  VCAN_key.o [1]
  .text                ro code  0x0001465c    0x43c  VCAN_OV7725_Eagle.o [1]
  .text                ro code  0x00014a98    0x320  Motor.o [1]
  .text                ro code  0x00014db8     0xa8  MK60_PIT.o [1]
  .text                ro code  0x00014e60     0x9c  misc.o [1]
  .text                ro code  0x00014efc     0x8e  VCAN_computer.o [1]
  .text                ro code  0x00014f8c    0x2b4  Screen.o [1]
  .text                ro code  0x00015240    0x1a4  MK60_dma.o [1]
  .text                ro code  0x000153e4    0x3ac  FuzzySet_Speed.o [1]
  .text                ro code  0x00015790    0x2f4  FuzzyGIV_DMIN.o [1]
  .text                ro code  0x00015a84    0x2f4  FuzzyGiv_DMax.o [1]
  .text                ro code  0x00015d78    0x238  Filter.o [1]
  Veneer               ro code  0x00015fb0      0x8  - Linker created -
  .text                ro code  0x00015fb8    0x228  MK60_mcg.o [1]
  .text                ro code  0x000161e0    0x15c  main.o [1]
  .text                ro code  0x0001633c     0xd0  system_MK60DZ10.o [1]
  .text                ro code  0x0001640c     0x2c  MK60_wdog.o [1]
  .text                ro code  0x00016438      0x6  ABImemclr.o [5]
  .text                ro code  0x00016440     0x5e  ABImemset.o [5]
  .text                ro code  0x000164a0     0x78  MK60_it.o [1]
  CodeRelocate                  0x00016518     0x3c  <Block>
    Initializer bytes  ro data  0x00016518     0x3c  <for CodeRelocateRam-1>
  .text                ro code  0x00016554     0x28  data_init.o [5]
  .text                ro code  0x0001657c     0x22  fpinit_M.o [4]
  .iar.init_table      const    0x000165a0     0x10  - Linker created -
  .text                ro code  0x000165b0     0x1a  cmain.o [5]
  .text                ro code  0x000165ca      0x4  low_level_init.o [3]
  .text                ro code  0x000165ce      0x4  exit.o [3]
  .text                ro code  0x000165d4      0xa  cexit.o [5]
  .text                ro code  0x000165e0      0xc  XXexit.o [5]
  .text                ro code  0x000165ec     0x16  xprout.o [3]
  .text                ro code  0x00016604      0xc  putchar.o [3]
  .text                ro code  0x00016610      0xc  cstartup_M.o [5]
  Initializer bytes    ro data  0x0001661c     0x88  <for P2 s0>
                              - 0x000166a4  0x1628c

"P2":                                        0xd210
  .data                         0x1fff0410   0xcfa4  <Block>
    .data-1                     0x1fff0410   0xcfa4  <Init block>
      .data            inited   0x1fff0410     0x88  FuzzyGiv_DMax.o [1]
      .data            inited   0x1fff0498     0x10  FuzzyGiv_DMax.o [1]
      .data            inited   0x1fff04a8     0x88  FuzzyGIV_DMIN.o [1]
      .data            inited   0x1fff0530     0x10  FuzzyGIV_DMIN.o [1]
      .data            inited   0x1fff0540     0x88  FuzzySet_Speed.o [1]
      .data            inited   0x1fff05c8     0x10  FuzzySet_Speed.o [1]
      .data            inited   0x1fff05d8     0x1e  main.o [1]
      .data            inited   0x1fff05f6      0x1  main.o [1]
      .data            inited   0x1fff05f8      0x2  main.o [1]
      .data            inited   0x1fff05fc    0x708  MK60_conf.o [1]
      .data            inited   0x1fff0d04     0x20  MK60_ftm.o [1]
      .data            inited   0x1fff0d24     0x14  MK60_gpio.o [1]
      .data            inited   0x1fff0d38     0x5c  MK60_mcg.o [1]
      .data            inited   0x1fff0d94     0x14  MK60_port.o [1]
      .data            inited   0x1fff0da8     0x18  MK60_uart.o [1]
      .data            inited   0x1fff0dc0    0x3f8  Servo_Motor.o [1]
      .data            inited   0x1fff11b8    0x140  Servo_Motor.o [1]
      .data            inited   0x1fff12f8    0x3ec  VCAN_camera.o [1]
      .data            inited   0x1fff16e4     0x3c  VCAN_key.o [1]
      .data            inited   0x1fff1720      0x4  VCAN_LED.o [1]
      .data            inited   0x1fff1724   0xbc50  VCAN_OV7725_Eagle.o [1]
      .data            inited   0x1fffd374     0x40  xfiles.o [3]
  CodeRelocateRam               0x1fffd3b4     0x3c  <Block>
    CodeRelocateRam-1           0x1fffd3b4     0x3c  <Init block>
      .textrw          inited   0x1fffd3b4     0x3c  MK60_mcg.o [1]
  .bss                          0x1fffd3f0    0x1a8  <Block>
    .bss               zero     0x1fffd3f0     0x45  Motor.o [1]
    .bss               zero     0x1fffd436     0x12  Init.o [1]
    .bss               zero     0x1fffd448      0xc  system_MK60DZ10.o [1]
    .bss               zero     0x1fffd454     0xf0  VCAN_camera.o [1]
    .bss               zero     0x1fffd544     0x50  xfiles.o [3]
    .bss               zero     0x1fffd594      0x1  FuzzySet_Speed.o [1]
    .bss               zero     0x1fffd595      0x1  main.o [1]
    .bss               zero     0x1fffd596      0x1  MK60_it.o [1]
    .bss               zero     0x1fffd597      0x1  Servo_Motor.o [1]
  P2 s0                         0x1fffd598     0x88  <Init block>
    __DLIB_PERTHREAD   inited   0x1fffd598     0x88  localeconv.o [3]
                              - 0x1fffd620   0xd210


*******************************************************************************
*** INIT TABLE
***

          Address     Size
          -------     ----
Zero (__iar_zero_init3)
    1 destination range, total size 0x1a8:
          0x1fffd3f0  0x1a8



*******************************************************************************
*** MODULE SUMMARY
***

    Module                 ro code  rw code  ro data  rw data
    ------                 -------  -------  -------  -------
C:\Users\杨宇钢\Desktop\程序分类管理\双眼欧泡果奶2017年8月20\Prj\IAR\FN15_Debug\Obj: [1]
    Filter.o                   568
    FuzzyGIV_DMIN.o            756               152      152
    FuzzyGiv_DMax.o            756               152      152
    FuzzySet_Speed.o           940               152      153
    Init.o                   1 196                         18
    MK60_PIT.o                 168
    MK60_SysTick.o             160
    MK60_conf.o                216             1 802    1 800
    MK60_dma.o                 420
    MK60_ftm.o               1 048                32       32
    MK60_gpio.o                308                20       20
    MK60_it.o                  120                          1
    MK60_mcg.o                 552       60      152       92
    MK60_port.o                124                20       20
    MK60_uart.o                504                24       24
    MK60_wdog.o                 44
    Motor.o                    800                         69
    OLED.o                   1 532
    Screen.o                   692
    Servo_Motor.o            1 492             1 336    1 337
    VCAN_LED.o                 108                 4        4
    VCAN_OV7725_Eagle.o      1 084            48 208   48 208
    VCAN_SCCB.o              9 748
    VCAN_camera.o            2 318             1 004    1 244
    VCAN_computer.o            142
    VCAN_key.o                 204                60       60
    lcd.o                    4 672
    main.o                     348                34       34
    misc.o                     156
    startup_MK60DZ10.o           8
    system_MK60DZ10.o          208                         12
    vectors.o                                  1 040
    ---------------------------------------------------------
    Total:                  31 392       60   54 192   53 432

command line: [2]
    ---------------------------------------------------------
    Total:

dl7M_tlf.a: [3]
    div.o                       14
    exit.o                       4
    localeconv.o               108               136      136
    low_level_init.o             4
    printf.o                    36
    putchar.o                   12
    xfiles.o                                      64      144
    xprintflarge_nomb.o      3 054
    xprout.o                    22
    xtls.o                       2
    ---------------------------------------------------------
    Total:                   3 256               200      280

m7M_tlv.a: [4]
    DblAdd.o                   232
    DblCmpLe.o                  46
    DblDiv.o                   582
    DblMul.o                   418
    DblSub.o                   384
    DblToI32.o                  88
    I32ToDbl.o                  48
    fpinit_M.o                  34
    xdnorm.o                    66
    ---------------------------------------------------------
    Total:                   1 898

rt7M_tl.a: [5]
    ABImemclr.o                  6
    ABImemclr4.o                 6
    ABImemcpy_unaligned.o      118
    ABImemset.o                 94
    ABImemset48.o               50
    I64DivMod.o                238
    I64DivZer.o                  2
    XXexit.o                    12
    cexit.o                     10
    cmain.o                     26
    cstartup_M.o                12
    data_init.o                 40
    memchr.o                    88
    strchr.o                    22
    strlen.o                    54
    zero_init3.o                34
    ---------------------------------------------------------
    Total:                     812

    Gaps                        36                 2        4
    Linker created               8                16
-------------------------------------------------------------
    Grand Total:            37 402       60   54 410   53 716


*******************************************************************************
*** ENTRY LIST
***

Entry                      Address    Size  Type      Object
-----                      -------    ----  ----      ------
.bss$$Base              0x1fffd3f0           --   Gb  - Linker created -
.bss$$Limit             0x1fffd598           --   Gb  - Linker created -
.data$$Base             0x1fff0410           --   Gb  - Linker created -
.data$$Limit            0x1fffd3b4           --   Gb  - Linker created -
.data_init$$Base        0x00000418           --   Gb  - Linker created -
.data_init$$Limit       0x0000d3bc           --   Gb  - Linker created -
?main                   0x000165b1          Code  Gb  cmain.o [5]
ASSERT_FAILED_STR       0x0000fc34    0x24  Data  Gb  MK60_conf.o [1]
Address_set             0x00012009   0x744  Code  Gb  lcd.o [1]
Avoid_BloOffset         0x1fff14ee     0x2  Data  Gb  VCAN_camera.o [1]
BloNor_JudAppear        0x00012eb9   0x15e  Code  Gb  VCAN_camera.o [1]
BloNor_JudDisappear     0x00013017    0x4a  Code  Gb  VCAN_camera.o [1]
Blo_AgrDelay_Count      0x1fff0de4     0x2  Data  Gb  Servo_Motor.o [1]
Blo_AgreeDelay          0x1fff0dc4     0x1  Data  Gb  Servo_Motor.o [1]
Blo_Delay_Left          0x1fff14df     0x1  Data  Gb  VCAN_camera.o [1]
Blo_Delay_Right         0x1fff14e0     0x1  Data  Gb  VCAN_camera.o [1]
Blo_LTemoporary         0x1fff14f0     0x2  Data  Gb  VCAN_camera.o [1]
Blo_MidLine             0x1fff14e4     0x2  Data  Gb  VCAN_camera.o [1]
Blo_RTemoporary         0x1fff14f2     0x2  Data  Gb  VCAN_camera.o [1]
Blo_Row_Limit           0x1fff14fa     0x2  Data  Gb  VCAN_camera.o [1]
Blo_STATE               0x1fff0dcb     0x1  Data  Gb  Servo_Motor.o [1]
Blo_chosse              0x1fff14ec     0x2  Data  Gb  VCAN_camera.o [1]
Blo_row                 0x1fff14db     0x1  Data  Gb  VCAN_camera.o [1]
Block_ComLeft           0x1fff14d8     0x1  Data  Gb  VCAN_camera.o [1]
Block_ComRight          0x1fff14d9     0x1  Data  Gb  VCAN_camera.o [1]
Block_Judmid            0x1fffd597     0x1  Data  Gb  Servo_Motor.o [1]
Block_deviation         0x1fff0de0     0x2  Data  Gb  Servo_Motor.o [1]
Block_left_line         0x1fff12f8    0xf0  Data  Gb  VCAN_camera.o [1]
Block_right_line        0x1fff13e8    0xf0  Data  Gb  VCAN_camera.o [1]
Buffer_switch           0x00014969    0x4a  Code  Gb  VCAN_OV7725_Eagle.o [1]
Camer_STATE             0x1fff0dcd     0x1  Data  Gb  Servo_Motor.o [1]
Car_Stop_flag           0x1fffd596     0x1  Data  Gb  MK60_it.o [1]
CloSigal_Count          0x1fff14fc     0x4  Data  Gb  VCAN_camera.o [1]
CodeRelocate$$Base      0x00016518           --   Gb  - Linker created -
CodeRelocate$$Limit     0x00016554           --   Gb  - Linker created -
CodeRelocateRam$$Base   0x1fffd3b4           --   Gb  - Linker created -
CodeRelocateRam$$Limit  0x1fffd3f0           --   Gb  - Linker created -
DFF                     0x1fff0550    0x10  Data  Gb  FuzzySet_Speed.o [1]
DFF_A                   0x1fff0420    0x10  Data  Gb  FuzzyGiv_DMax.o [1]
DFF_I                   0x1fff04b8    0x10  Data  Gb  FuzzyGIV_DMIN.o [1]
DMA0_IRQHandler         0x000164cf     0x4  Code  Gb  MK60_it.o [1]
DMA3_IRQHandler         0x000164d3     0x4  Code  Gb  MK60_it.o [1]
DMAX                    0x1fff05f2     0x2  Data  Gb  main.o [1]
DMIN                    0x1fff05f8     0x2  Data  Gb  main.o [1]
Direction_P             0x1fff11ac     0x4  Data  Gb  Servo_Motor.o [1]
Dis_STATE               0x1fff14e1     0x1  Data  Gb  VCAN_camera.o [1]
Divide_count            0x1fff11a8     0x4  Data  Gb  Servo_Motor.o [1]
Enter_Blo_ComLeft       0x1fff0dc7     0x1  Data  Gb  Servo_Motor.o [1]
Enter_Blo_ComRight      0x1fff0dc8     0x1  Data  Gb  Servo_Motor.o [1]
F6x8                    0x00013384   0x228  Data  Gb  OLED.o [1]
FTMN                    0x1fff0d04    0x10  Data  Gb  MK60_ftm.o [1]
FTM_port_mux            0x00013ccd   0x114  Code  Lc  MK60_ftm.o [1]
Fuz_STATE               0x1fff0dcc     0x1  Data  Gb  Servo_Motor.o [1]
FuzzyGiv_DMAXMIN        0x00015741    0x22  Code  Gb  FuzzySet_Speed.o [1]
FuzzySet_DMAX           0x00015a85   0x2dc  Code  Gb  FuzzyGiv_DMax.o [1]
FuzzySet_DMIN           0x00015791   0x2dc  Code  Gb  FuzzyGIV_DMIN.o [1]
FuzzySet_Speed          0x000153e5   0x2f8  Code  Gb  FuzzySet_Speed.o [1]
GPIOX                   0x1fff0d24    0x14  Data  Gb  MK60_gpio.o [1]
Inf_STATE               0x1fff0dca     0x1  Data  Gb  Servo_Motor.o [1]
Init                    0x000140e5    0xe8  Code  Gb  Init.o [1]
Judge_STATE             0x1fff0dce     0x1  Data  Gb  Servo_Motor.o [1]
KEY_PTxn                0x1fff16e4     0x8  Data  Gb  VCAN_key.o [1]
Key_using               0x000143a7    0xce  Code  Gb  Init.o [1]
LCD_Clear               0x0001274d    0x60  Code  Gb  lcd.o [1]
LCD_WriteCommand        0x00011571    0xca  Code  Gb  lcd.o [1]
LCD_Write_Data          0x0001163b    0xcc  Code  Gb  lcd.o [1]
LCD_Write_Data2         0x00011707   0x1da  Code  Gb  lcd.o [1]
LCD_block_flag          0x1fffd438     0x1  Data  Gb  Init.o [1]
LCD_img                 0x00014f8d   0x146  Code  Gb  Screen.o [1]
LCD_img_1               0x000150d5   0x146  Code  Gb  Screen.o [1]
LCD_sigal_flag          0x1fffd437     0x1  Data  Gb  Init.o [1]
LED_P6x8Char            0x0001329f    0x64  Code  Gb  OLED.o [1]
LED_P6x8Str             0x00013303    0x80  Code  Gb  OLED.o [1]
LED_PTxn                0x1fff1720     0x4  Data  Gb  VCAN_LED.o [1]
LED_PrintValueI         0x000135ad   0x14c  Code  Gb  OLED.o [1]
LED_WrCmd               0x00013141    0x44  Code  Gb  OLED.o [1]
LED_WrDat               0x000130fd    0x44  Code  Gb  OLED.o [1]
LasLook_deviation       0x1fff0dda     0x2  Data  Gb  Servo_Motor.o [1]
Las_Blo_STATE           0x1fff0dc5     0x1  Data  Gb  Servo_Motor.o [1]
Las_Dis_STATE           0x1fff14e2     0x1  Data  Gb  VCAN_camera.o [1]
Las_Sig_STATE           0x1fff0dc3     0x1  Data  Gb  Servo_Motor.o [1]
Las_Sigpermit           0x1fff14de     0x1  Data  Gb  VCAN_camera.o [1]
Last_middle_line        0x1fff14ea     0x2  Data  Gb  VCAN_camera.o [1]
Last_sigal_row          0x1fff14da     0x1  Data  Gb  VCAN_camera.o [1]
Left_line               0x1fff1504    0xf0  Data  Gb  VCAN_camera.o [1]
Level_Detection         0x00013bf1    0xaa  Code  Gb  Servo_Motor.o [1]
LoadInt                 0x000104fb    0x6e  Code  Lc  xprintflarge_nomb.o [3]
Lost_flag               0x1fff1500     0x4  Data  Gb  VCAN_camera.o [1]
Lower_Limit             0x1fff14f8     0x2  Data  Gb  VCAN_camera.o [1]
MAX_DIVNUM              0x1fff11b4     0x4  Data  Gb  Servo_Motor.o [1]
Middle_line             0x1fffd454    0xf0  Data  Gb  VCAN_camera.o [1]
Missing_Flag            0x1fff14e3     0x1  Data  Gb  VCAN_camera.o [1]
Motor_Protection_Flag   0x1fffd434     0x1  Data  Gb  Motor.o [1]
Motor_init              0x00014d59    0x3a  Code  Gb  Motor.o [1]
Mov_dev                 0x1fff0dd2     0x2  Data  Gb  Servo_Motor.o [1]
Movblo_dev              0x1fff0dd4     0x2  Data  Gb  Servo_Motor.o [1]
NorDirection            0x1fff0dc0     0x1  Data  Gb  Servo_Motor.o [1]
NorDirection_Chosse     0x00013afb    0x9a  Code  Gb  Servo_Motor.o [1]
Nor_ChosseDev           0x00013a0f    0xec  Code  Gb  Servo_Motor.o [1]
OLED_init               0x00013185   0x11a  Code  Gb  OLED.o [1]
OLED_show               0x0001421b   0x18c  Code  Gb  Init.o [1]
PFF                     0x1fff0540    0x10  Data  Gb  FuzzySet_Speed.o [1]
PFF_A                   0x1fff0410    0x10  Data  Gb  FuzzyGiv_DMax.o [1]
PFF_I                   0x1fff04a8    0x10  Data  Gb  FuzzyGIV_DMIN.o [1]
PID                     0x1fff0dd0     0x2  Data  Gb  Servo_Motor.o [1]
PID_generator_Regular   0x00013889   0x186  Code  Gb  Servo_Motor.o [1]
PIT0_IRQHandler         0x000164d7    0x30  Code  Gb  MK60_it.o [1]
PORTA_IRQHandler        0x000164a1    0x1a  Code  Gb  MK60_it.o [1]
PORTB_IRQHandler        0x000164bb    0x14  Code  Gb  MK60_it.o [1]
PORTX                   0x1fff0d94    0x14  Data  Gb  MK60_port.o [1]
Port_4                  0x1fff05f0     0x2  Data  Gb  main.o [1]
Port_5                  0x1fff05ee     0x2  Data  Gb  main.o [1]
Prospect_see            0x1fff05ea     0x1  Data  Gb  main.o [1]
Region$$Table$$Base     0x000165a0           --   Gb  - Linker created -
Region$$Table$$Limit    0x000165b0           --   Gb  - Linker created -
Reset_Handler           0x00000411          Code  Gb  startup_MK60DZ10.o [1]
Rev_Vision_Line         0x1fff11b8   0x140  Data  Gb  Servo_Motor.o [1]
Rev_Vision_Row          0x1fff14f4     0x2  Data  Gb  VCAN_camera.o [1]
Right_line              0x1fff15f4    0xf0  Data  Gb  VCAN_camera.o [1]
SCCB_GPIO_init          0x0000e71f    0x2e  Code  Gb  VCAN_SCCB.o [1]
SCCB_GPIO_init_1        0x0000d3bd    0x2e  Code  Gb  VCAN_SCCB.o [1]
SCCB_ReadByte           0x0000ef55    0x26  Code  Gb  VCAN_SCCB.o [1]
SCCB_ReadByte_1         0x0000dbf1    0x26  Code  Gb  VCAN_SCCB.o [1]
SCCB_ReadByte_one       0x0000ef7d   0xa4e  Code  Lc  VCAN_SCCB.o [1]
SCCB_ReadByte_one_1     0x0000dc19   0xb06  Code  Lc  VCAN_SCCB.o [1]
SCCB_SendByte           0x0000e74d    0xd2  Code  Lc  VCAN_SCCB.o [1]
SCCB_SendByte_1         0x0000d3ed    0xd2  Code  Lc  VCAN_SCCB.o [1]
SCCB_WriteByte          0x0000e825   0x72a  Code  Gb  VCAN_SCCB.o [1]
SCCB_WriteByte_1        0x0000d4c1   0x72a  Code  Gb  VCAN_SCCB.o [1]
Servo_Motor_init        0x000136f9     0xe  Code  Gb  Servo_Motor.o [1]
Servo_Space             0x1fff11b0     0x4  Data  Gb  Servo_Motor.o [1]
Set_vector              0x000141cd    0x32  Code  Gb  Init.o [1]
Sig_FuzRow_Collection   0x00013b95    0x5c  Code  Gb  Servo_Motor.o [1]
Sig_Fuz_Row_1           0x1fffd43c     0x2  Data  Gb  Init.o [1]
Sig_Fuz_Row_2           0x1fffd43e     0x2  Data  Gb  Init.o [1]
Sig_Fuz_Row_3           0x1fffd440     0x2  Data  Gb  Init.o [1]
Sig_Fuz_Row_4           0x1fffd442     0x2  Data  Gb  Init.o [1]
Sig_Fuz_Row_5           0x1fffd444     0x2  Data  Gb  Init.o [1]
Sig_Fuz_Row_6           0x1fffd446     0x2  Data  Gb  Init.o [1]
Sig_FuzzyRow            0x1fff0ddc     0x2  Data  Gb  Servo_Motor.o [1]
Sig_MidLine             0x1fff14e8     0x2  Data  Gb  VCAN_camera.o [1]
Sig_STATE               0x1fff0dc9     0x1  Data  Gb  Servo_Motor.o [1]
Sig_chosse              0x1fff14e6     0x2  Data  Gb  VCAN_camera.o [1]
Sig_deviation           0x1fff0de2     0x2  Data  Gb  Servo_Motor.o [1]
Sig_permit              0x1fff14dd     0x1  Data  Gb  VCAN_camera.o [1]
Sig_row                 0x1fff14dc     0x1  Data  Gb  VCAN_camera.o [1]
Spe_Speedset_Giv        0x000156e5    0x5c  Code  Gb  FuzzySet_Speed.o [1]
Spec_testing_flag       0x1fffd439     0x1  Data  Gb  Init.o [1]
Sta_Count               0x1fff0dc2     0x1  Data  Gb  Servo_Motor.o [1]
Start_flag              0x1fff05f6     0x1  Data  Gb  main.o [1]
Staup_Begin             0x1fff05e9     0x1  Data  Gb  main.o [1]
Staup_Finish            0x1fffd594     0x1  Data  Gb  FuzzySet_Speed.o [1]
Tft_init                0x000118e1   0x722  Code  Gb  lcd.o [1]
Time                    0x1fff05f4     0x2  Data  Gb  main.o [1]
TurDirection            0x1fff0dc1     0x1  Data  Gb  Servo_Motor.o [1]
Tur_AvoidBlo_count      0x1fff0dde     0x2  Data  Gb  Servo_Motor.o [1]
Tur_AvoidBlo_flag       0x1fff0dc6     0x1  Data  Gb  Servo_Motor.o [1]
UARTN                   0x1fff0da8    0x18  Data  Gb  MK60_uart.o [1]
UFF                     0x1fff05c4     0x4  Data  Gb  FuzzySet_Speed.o [1]
UFF1                    0x1fff05c8    0x10  Data  Gb  FuzzySet_Speed.o [1]
UFF1_A                  0x1fff0498    0x10  Data  Gb  FuzzyGiv_DMax.o [1]
UFF1_I                  0x1fff0530    0x10  Data  Gb  FuzzyGIV_DMIN.o [1]
UFF_A                   0x1fff0494     0x4  Data  Gb  FuzzyGiv_DMax.o [1]
UFF_I                   0x1fff052c     0x4  Data  Gb  FuzzyGIV_DMIN.o [1]
Uper_Limit              0x1fff14f6     0x2  Data  Gb  VCAN_camera.o [1]
_GenldLargeNoMb         0x000108f1   0x236  Code  Lc  xprintflarge_nomb.o [3]
_LdtobLargeNoMb         0x00010671   0x27a  Code  Lc  xprintflarge_nomb.o [3]
_LitobLargeNoMb         0x00010569   0x106  Code  Lc  xprintflarge_nomb.o [3]
_Locale_aeabi_lconv     0x1fffd5e8    0x38  Data  Gb  localeconv.o [3]
_Locale_lconv           0x1fffd598    0x50  Data  Gb  localeconv.o [3]
_PrintfLargeNoMb        0x0000ff81   0x574  Code  Gb  xprintflarge_nomb.o [3]
_Prout                  0x000165ed    0x16  Code  Gb  xprout.o [3]
_PutcharsLargeNoMb      0x00010b27    0x2e  Code  Lc  xprintflarge_nomb.o [3]
__BOOT_STACK_ADDRESS {Abs}
                        0x2000fff8           --   Gb  command line/config [2]
__VECTOR_RAM {Abs}      0x1fff0000           --   Gb  command line/config [2]
__VECTOR_TABLE {Abs}    0x00000000           --   Gb  command line/config [2]
__aeabi_cdcmple         0x00010de1          Code  Gb  DblCmpLe.o [4]
__aeabi_d2iz            0x000111fd          Code  Gb  DblToI32.o [4]
__aeabi_d2uiz           0x00011229          Code  Gb  DblToI32.o [4]
__aeabi_dadd            0x00011485          Code  Gb  DblAdd.o [4]
__aeabi_ddiv            0x00010fb5          Code  Gb  DblDiv.o [4]
__aeabi_dmul            0x00010e11          Code  Gb  DblMul.o [4]
__aeabi_dsub            0x00011285          Code  Gb  DblSub.o [4]
__aeabi_i2d             0x00011255          Code  Gb  I32ToDbl.o [4]
__aeabi_ldiv0           0x00011481          Code  Gb  I64DivZer.o [5]
__aeabi_memclr          0x00016439          Code  Gb  ABImemclr.o [5]
__aeabi_memclr4         0x000130c1          Code  Gb  ABImemclr4.o [5]
__aeabi_ui2d            0x00011269          Code  Gb  I32ToDbl.o [4]
__aeabi_uldivmod        0x00010c39          Code  Gb  I64DivMod.o [5]
__cmain                 0x000165b1          Code  Gb  cmain.o [5]
__code_start__ {Abs}    0x00000410           --   Gb  command line/config [2]
__exit                  0x000165e1          Code  Gb  XXexit.o [5]
__iar_Dnorm             0x00010d9f    0x42  Code  Gb  xdnorm.o [4]
__iar_Locale_lconv_init
                        0x00011405    0x3a  Code  Gb  localeconv.o [3]
__iar_Memchr            0x00010be1          Code  Gb  memchr.o [5]
__iar_Memset4_word      0x000130c9          Code  Gb  ABImemset48.o [5]
__iar_Memset8_word      0x000130c9          Code  Gb  ABImemset48.o [5]
__iar_Memset_word       0x00016441          Code  Gb  ABImemset.o [5]
__iar_Stdout            0x1fffd374    0x40  Data  Gb  xfiles.o [3]
__iar_Strchr            0x00010b91          Code  Gb  strchr.o [5]
__iar_d2uiz             0x00011235          Code  Gb  DblToI32.o [4]
__iar_dadd              0x00011499          Code  Gb  DblAdd.o [4]
__iar_data_init3        0x00016555    0x28  Code  Gb  data_init.o [5]
__iar_dlib_perthread_access
                        0x0001156d     0x2  Code  Gb  xtls.o [3]
__iar_dsub              0x00011299          Code  Gb  DblSub.o [4]
__iar_dsubStart         0x000112ab          Code  Gb  DblSub.o [4]
__iar_init_vfp          0x0001657d          Code  Gb  fpinit_M.o [4]
__iar_program_start     0x00016611          Code  Gb  cstartup_M.o [5]
__iar_ui2d              0x0001126d          Code  Gb  I32ToDbl.o [4]
__iar_unaligned___aeabi_memcpy
                        0x00010d29          Code  Gb  ABImemcpy_unaligned.o [5]
__iar_unaligned___aeabi_memcpy4
                        0x00010d49          Code  Gb  ABImemcpy_unaligned.o [5]
__iar_unaligned___aeabi_memcpy8
                        0x00010d49          Code  Gb  ABImemcpy_unaligned.o [5]
__iar_zero_init3        0x00010b6f    0x22  Code  Gb  zero_init3.o [5]
__low_level_init        0x000165cb     0x4  Code  Gb  low_level_init.o [3]
__vector_table          0x00000000   0x410  Data  Gb  vectors.o [1]
_call_main              0x000165bd          Code  Gb  cmain.o [5]
_exit                   0x000165d5          Code  Gb  cexit.o [5]
_main                   0x000165c7          Code  Gb  cmain.o [5]
assert_failed           0x0000fb81    0x2a  Code  Gb  MK60_conf.o [1]
block_Lline             0x1fff0fc8    0xf0  Data  Gb  Servo_Motor.o [1]
block_Rline             0x1fff10b8    0xf0  Data  Gb  Servo_Motor.o [1]
block_finding           0x00012c19   0x2a0  Code  Gb  VCAN_camera.o [1]
bus_clk_khz             0x1fffd450     0x4  Data  Gb  system_MK60DZ10.o [1]
common_startup          0x0001638f    0x48  Code  Gb  system_MK60DZ10.o [1]
core_clk_khz            0x1fffd448     0x4  Data  Gb  system_MK60DZ10.o [1]
core_clk_mhz            0x1fffd44c     0x4  Data  Gb  system_MK60DZ10.o [1]
default_isr             0x0000fbbb    0x34  Code  Gb  MK60_conf.o [1]
direction_control       0x00013707   0x182  Code  Gb  Servo_Motor.o [1]
direction_duty_output   0x1fff0dd8     0x2  Data  Gb  Servo_Motor.o [1]
div                     0x00011471     0xe  Code  Gb  div.o [3]
dma_portx2buff_init     0x00015241   0x138  Code  Gb  MK60_dma.o [1]
exit                    0x000165cf     0x4  Code  Gb  exit.o [3]
filter_ProspectSee      0x00015d79    0x8e  Code  Gb  Filter.o [1]
filter_speed            0x00015e09    0x78  Code  Gb  Filter.o [1]
filter_speed_L          0x00015e81    0x8c  Code  Gb  Filter.o [1]
filter_speed_R          0x00015f0d    0x8c  Code  Gb  Filter.o [1]
fputc                   0x0000fbab    0x10  Code  Gb  MK60_conf.o [1]
ftm_mod                 0x1fff0d14    0x10  Data  Lc  MK60_ftm.o [1]
ftm_pwm_duty            0x00013ed9    0xb4  Code  Gb  MK60_ftm.o [1]
ftm_pwm_init            0x00013de1    0xf8  Code  Gb  MK60_ftm.o [1]
ftm_quad_clean          0x0001405f    0x24  Code  Gb  MK60_ftm.o [1]
ftm_quad_get            0x0001403b    0x24  Code  Gb  MK60_ftm.o [1]
ftm_quad_init           0x00013f8d    0xae  Code  Gb  MK60_ftm.o [1]
gpio_get                0x0000fa7d    0x2e  Code  Gb  MK60_gpio.o [1]
gpio_init               0x0000f9d1    0x42  Code  Gb  MK60_gpio.o [1]
gpio_set                0x0000fa13    0x3e  Code  Gb  MK60_gpio.o [1]
gpio_turn               0x0000fa51    0x2c  Code  Gb  MK60_gpio.o [1]
img                     0x1fff62f4  0x4b00  Data  Gb  VCAN_OV7725_Eagle.o [1]
img_1                   0x1fff17f4  0x4b00  Data  Gb  VCAN_OV7725_Eagle.o [1]
img_extract             0x000127b1    0x7c  Code  Gb  VCAN_camera.o [1]
img_send_flag           0x1fffd595     0x1  Data  Gb  main.o [1]
img_switch_flag         0x1fff17e4     0x1  Data  Gb  VCAN_OV7725_Eagle.o [1]
img_switch_flag_1       0x1fff17e5     0x1  Data  Gb  VCAN_OV7725_Eagle.o [1]
imgbuff_block_1         0x1fffc0b4   0x960  Data  Gb  VCAN_OV7725_Eagle.o [1]
imgbuff_block_2         0x1fffca14   0x960  Data  Gb  VCAN_OV7725_Eagle.o [1]
imgbuff_sigal_1         0x1fffadf4   0x960  Data  Gb  VCAN_OV7725_Eagle.o [1]
imgbuff_sigal_2         0x1fffb754   0x960  Data  Gb  VCAN_OV7725_Eagle.o [1]
key_get                 0x00014643    0x14  Code  Gb  VCAN_key.o [1]
key_init                0x00014591    0xb2  Code  Gb  VCAN_key.o [1]
key_msg                 0x1fff16ec    0x28  Data  Gb  VCAN_key.o [1]
key_msg_flag            0x1fff1716     0x1  Data  Gb  VCAN_key.o [1]
key_msg_front           0x1fff1714     0x1  Data  Gb  VCAN_key.o [1]
key_msg_rear            0x1fff1715     0x1  Data  Gb  VCAN_key.o [1]
led_init                0x0000fc59    0x3c  Code  Gb  VCAN_LED.o [1]
led_turn                0x0000fc95    0x28  Code  Gb  VCAN_LED.o [1]
localeconv              0x0001143f    0x16  Code  Gb  localeconv.o [3]
main                    0x000161e1   0x15c  Code  Gb  main.o [1]
mcg_cfg                 0x1fff0d38    0x58  Data  Gb  MK60_mcg.o [1]
mcg_div                 0x1fff0d90     0x4  Data  Gb  MK60_mcg.o [1]
mcg_div_count           0x00015fb9   0x19c  Code  Gb  MK60_mcg.o [1]
memchr                  0x00010be1          Code  Gb  memchr.o [5]
motor                   0x1fffd3f0    0x44  Data  Gb  Motor.o [1]
number_adding           0x1fff05ec     0x1  Data  Gb  main.o [1]
obuf                    0x1fffd544    0x50  Data  Lc  xfiles.o [3]
ov7725_eagle_cfgnum     0x1fff17e7     0x1  Data  Gb  VCAN_OV7725_Eagle.o [1]
ov7725_eagle_dma        0x0001491b    0x14  Code  Gb  VCAN_OV7725_Eagle.o [1]
ov7725_eagle_dma_1      0x00014793    0x14  Code  Gb  VCAN_OV7725_Eagle.o [1]
ov7725_eagle_get_img    0x0001492f    0x3a  Code  Gb  VCAN_OV7725_Eagle.o [1]
ov7725_eagle_get_img_1  0x000147a7    0x3a  Code  Gb  VCAN_OV7725_Eagle.o [1]
ov7725_eagle_img_buff   0x1fff17f0     0x4  Data  Gb  VCAN_OV7725_Eagle.o [1]
ov7725_eagle_img_buff_1
                        0x1fff17ec     0x4  Data  Gb  VCAN_OV7725_Eagle.o [1]
ov7725_eagle_img_flag   0x1fff17e8     0x1  Data  Gb  VCAN_OV7725_Eagle.o [1]
ov7725_eagle_img_flag_1
                        0x1fff17e6     0x1  Data  Gb  VCAN_OV7725_Eagle.o [1]
ov7725_eagle_init       0x000147e1    0xfa  Code  Gb  VCAN_OV7725_Eagle.o [1]
ov7725_eagle_init_1     0x0001465d    0xf6  Code  Gb  VCAN_OV7725_Eagle.o [1]
ov7725_eagle_reg        0x1fff1784    0x60  Data  Gb  VCAN_OV7725_Eagle.o [1]
ov7725_eagle_reg_1      0x1fff1724    0x60  Data  Gb  VCAN_OV7725_Eagle.o [1]
ov7725_eagle_vsync      0x000148db    0x40  Code  Gb  VCAN_OV7725_Eagle.o [1]
ov7725_eagle_vsync_1    0x00014753    0x40  Code  Gb  VCAN_OV7725_Eagle.o [1]
pit_init                0x00014db9    0x46  Code  Gb  MK60_PIT.o [1]
pll_init                0x00016155    0x82  Code  Gb  MK60_mcg.o [1]
port_init               0x0000fb05    0x32  Code  Gb  MK60_port.o [1]
port_init_NoALT         0x0000fb37    0x40  Code  Gb  MK60_port.o [1]
printf                  0x0000fcc5    0x24  Code  Gb  printf.o [3]
putchar                 0x00016605     0xc  Code  Gb  putchar.o [3]
real_deviation          0x1fff0dd6     0x2  Data  Gb  Servo_Motor.o [1]
rule                    0x1fff0560    0x64  Data  Gb  FuzzySet_Speed.o [1]
rule_A                  0x1fff0430    0x64  Data  Gb  FuzzyGiv_DMax.o [1]
rule_I                  0x1fff04c8    0x64  Data  Gb  FuzzyGIV_DMIN.o [1]
send_image              0x000141ff    0x1c  Code  Gb  Init.o [1]
send_image_flag         0x1fff05e8     0x1  Data  Gb  main.o [1]
set_sys_dividers        0x1fffd3b5    0x3c  Code  Gb  MK60_mcg.o [1]
set_vector_handler      0x00014e83    0x20  Code  Gb  misc.o [1]
show_process_flag       0x1fffd436     0x1  Data  Gb  Init.o [1]
sigal_Lline_normal      0x1fff0de8    0xf0  Data  Gb  Servo_Motor.o [1]
sigal_Rline_normal      0x1fff0ed8    0xf0  Data  Gb  Servo_Motor.o [1]
sigal_finding           0x0001282d   0x3ea  Code  Gb  VCAN_camera.o [1]
speed_control2          0x00014a99   0x2b0  Code  Gb  Motor.o [1]
start                   0x0001633d    0x52  Code  Gb  system_MK60DZ10.o [1]
start_count             0x1fff05eb     0x1  Data  Gb  main.o [1]
strchr                  0x00010b91          Code  Gb  strchr.o [5]
strlen                  0x00010ba9          Code  Gb  strlen.o [5]
systick_delay_ms        0x0000fce9    0x3e  Code  Gb  MK60_SysTick.o [1]
uart_init               0x0000fd89   0x15e  Code  Gb  MK60_uart.o [1]
uart_putbuff            0x0000fef9    0x24  Code  Gb  MK60_uart.o [1]
uart_putchar            0x0000fee7    0x10  Code  Gb  MK60_uart.o [1]
var                     0x1fff05d8    0x10  Data  Gb  main.o [1]
vcan_sendimg            0x00014efd    0x40  Code  Gb  VCAN_computer.o [1]
vcan_sendware           0x00014f3d    0x40  Code  Gb  VCAN_computer.o [1]
vector_str              0x1fff05fc   0x708  Data  Gb  MK60_conf.o [1]
wdog_disable            0x0001640d    0x26  Code  Gb  MK60_wdog.o [1]
write_vtor              0x00014e61    0x22  Code  Gb  misc.o [1]


[1] = C:\Users\杨宇钢\Desktop\程序分类管理\双眼欧泡果奶2017年8月20\Prj\IAR\FN15_Debug\Obj
[2] = command line
[3] = dl7M_tlf.a
[4] = m7M_tlv.a
[5] = rt7M_tl.a

  37 402 bytes of readonly  code memory
      60 bytes of readwrite code memory
  54 410 bytes of readonly  data memory
  53 716 bytes of readwrite data memory

Errors: none
Warnings: none
