###############################################################################
#
# IAR ELF Linker V7.30.1.7746/W32 for ARM                 04/Jul/2017  02:00:23
# Copyright 2007-2014 IAR Systems AB.
#
#    Output file  =  
#        C:\Users\杨宇钢\Desktop\程序分类管理\双摄像头 欧泡果奶库
#        全新\Prj\IAR\FN15_Release\Exe\vcan_Kinetis.out
#    Map file     =  
#        C:\Users\杨宇钢\Desktop\程序分类管理\双摄像头 欧泡果奶库
#        全新\Prj\IAR\FN15_Release\List\vcan_Kinetis.map
#    Command line =  
#        "C:\Users\杨宇钢\Desktop\程序分类管理\双摄像头 欧泡果奶库
#        全新\Prj\IAR\FN15_Release\Obj\diskio.o"
#        "C:\Users\杨宇钢\Desktop\程序分类管理\双摄像头 欧泡果奶库
#        全新\Prj\IAR\FN15_Release\Obj\ff.o"
#        "C:\Users\杨宇钢\Desktop\程序分类管理\双摄像头 欧泡果奶库
#        全新\Prj\IAR\FN15_Release\Obj\FuzzySet_Speed.o"
#        "C:\Users\杨宇钢\Desktop\程序分类管理\双摄像头 欧泡果奶库
#        全新\Prj\IAR\FN15_Release\Obj\lcd.o"
#        "C:\Users\杨宇钢\Desktop\程序分类管理\双摄像头 欧泡果奶库
#        全新\Prj\IAR\FN15_Release\Obj\main.o"
#        "C:\Users\杨宇钢\Desktop\程序分类管理\双摄像头 欧泡果奶库
#        全新\Prj\IAR\FN15_Release\Obj\misc.o"
#        "C:\Users\杨宇钢\Desktop\程序分类管理\双摄像头 欧泡果奶库
#        全新\Prj\IAR\FN15_Release\Obj\MK60_adc.o"
#        "C:\Users\杨宇钢\Desktop\程序分类管理\双摄像头 欧泡果奶库
#        全新\Prj\IAR\FN15_Release\Obj\MK60_can.o"
#        "C:\Users\杨宇钢\Desktop\程序分类管理\双摄像头 欧泡果奶库
#        全新\Prj\IAR\FN15_Release\Obj\MK60_conf.o"
#        "C:\Users\杨宇钢\Desktop\程序分类管理\双摄像头 欧泡果奶库
#        全新\Prj\IAR\FN15_Release\Obj\MK60_dac.o"
#        "C:\Users\杨宇钢\Desktop\程序分类管理\双摄像头 欧泡果奶库
#        全新\Prj\IAR\FN15_Release\Obj\MK60_dma.o"
#        "C:\Users\杨宇钢\Desktop\程序分类管理\双摄像头 欧泡果奶库
#        全新\Prj\IAR\FN15_Release\Obj\MK60_DWT.o"
#        "C:\Users\杨宇钢\Desktop\程序分类管理\双摄像头 欧泡果奶库
#        全新\Prj\IAR\FN15_Release\Obj\MK60_flash.o"
#        "C:\Users\杨宇钢\Desktop\程序分类管理\双摄像头 欧泡果奶库
#        全新\Prj\IAR\FN15_Release\Obj\MK60_flexbus.o"
#        "C:\Users\杨宇钢\Desktop\程序分类管理\双摄像头 欧泡果奶库
#        全新\Prj\IAR\FN15_Release\Obj\MK60_ftm.o"
#        "C:\Users\杨宇钢\Desktop\程序分类管理\双摄像头 欧泡果奶库
#        全新\Prj\IAR\FN15_Release\Obj\MK60_gpio.o"
#        "C:\Users\杨宇钢\Desktop\程序分类管理\双摄像头 欧泡果奶库
#        全新\Prj\IAR\FN15_Release\Obj\MK60_i2c.o"
#        "C:\Users\杨宇钢\Desktop\程序分类管理\双摄像头 欧泡果奶库
#        全新\Prj\IAR\FN15_Release\Obj\MK60_it.o"
#        "C:\Users\杨宇钢\Desktop\程序分类管理\双摄像头 欧泡果奶库
#        全新\Prj\IAR\FN15_Release\Obj\MK60_lptmr.o"
#        "C:\Users\杨宇钢\Desktop\程序分类管理\双摄像头 欧泡果奶库
#        全新\Prj\IAR\FN15_Release\Obj\MK60_mcg.o"
#        "C:\Users\杨宇钢\Desktop\程序分类管理\双摄像头 欧泡果奶库
#        全新\Prj\IAR\FN15_Release\Obj\MK60_PIT.o"
#        "C:\Users\杨宇钢\Desktop\程序分类管理\双摄像头 欧泡果奶库
#        全新\Prj\IAR\FN15_Release\Obj\MK60_port.o"
#        "C:\Users\杨宇钢\Desktop\程序分类管理\双摄像头 欧泡果奶库
#        全新\Prj\IAR\FN15_Release\Obj\MK60_rtc.o"
#        "C:\Users\杨宇钢\Desktop\程序分类管理\双摄像头 欧泡果奶库
#        全新\Prj\IAR\FN15_Release\Obj\MK60_sdhc.o"
#        "C:\Users\杨宇钢\Desktop\程序分类管理\双摄像头 欧泡果奶库
#        全新\Prj\IAR\FN15_Release\Obj\MK60_spi.o"
#        "C:\Users\杨宇钢\Desktop\程序分类管理\双摄像头 欧泡果奶库
#        全新\Prj\IAR\FN15_Release\Obj\MK60_SysTick.o"
#        "C:\Users\杨宇钢\Desktop\程序分类管理\双摄像头 欧泡果奶库
#        全新\Prj\IAR\FN15_Release\Obj\MK60_uart.o"
#        "C:\Users\杨宇钢\Desktop\程序分类管理\双摄像头 欧泡果奶库
#        全新\Prj\IAR\FN15_Release\Obj\MK60_usb.o"
#        "C:\Users\杨宇钢\Desktop\程序分类管理\双摄像头 欧泡果奶库
#        全新\Prj\IAR\FN15_Release\Obj\MK60_wdog.o"
#        "C:\Users\杨宇钢\Desktop\程序分类管理\双摄像头 欧泡果奶库
#        全新\Prj\IAR\FN15_Release\Obj\Motor.o"
#        "C:\Users\杨宇钢\Desktop\程序分类管理\双摄像头 欧泡果奶库
#        全新\Prj\IAR\FN15_Release\Obj\OLED.o"
#        "C:\Users\杨宇钢\Desktop\程序分类管理\双摄像头 欧泡果奶库
#        全新\Prj\IAR\FN15_Release\Obj\Screen.o"
#        "C:\Users\杨宇钢\Desktop\程序分类管理\双摄像头 欧泡果奶库
#        全新\Prj\IAR\FN15_Release\Obj\Servo_Motor.o"
#        "C:\Users\杨宇钢\Desktop\程序分类管理\双摄像头 欧泡果奶库
#        全新\Prj\IAR\FN15_Release\Obj\startup_MK60DZ10.o"
#        "C:\Users\杨宇钢\Desktop\程序分类管理\双摄像头 欧泡果奶库
#        全新\Prj\IAR\FN15_Release\Obj\system_MK60DZ10.o"
#        "C:\Users\杨宇钢\Desktop\程序分类管理\双摄像头 欧泡果奶库
#        全新\Prj\IAR\FN15_Release\Obj\USB.o"
#        "C:\Users\杨宇钢\Desktop\程序分类管理\双摄像头 欧泡果奶库
#        全新\Prj\IAR\FN15_Release\Obj\USB_CDC.o"
#        "C:\Users\杨宇钢\Desktop\程序分类管理\双摄像头 欧泡果奶库
#        全新\Prj\IAR\FN15_Release\Obj\VCAN_ASCII.o"
#        "C:\Users\杨宇钢\Desktop\程序分类管理\双摄像头 欧泡果奶库
#        全新\Prj\IAR\FN15_Release\Obj\VCAN_BMP.o"
#        "C:\Users\杨宇钢\Desktop\程序分类管理\双摄像头 欧泡果奶库
#        全新\Prj\IAR\FN15_Release\Obj\VCAN_camera.o"
#        "C:\Users\杨宇钢\Desktop\程序分类管理\双摄像头 欧泡果奶库
#        全新\Prj\IAR\FN15_Release\Obj\VCAN_computer.o"
#        "C:\Users\杨宇钢\Desktop\程序分类管理\双摄像头 欧泡果奶库
#        全新\Prj\IAR\FN15_Release\Obj\vcan_img2sd.o"
#        "C:\Users\杨宇钢\Desktop\程序分类管理\双摄像头 欧泡果奶库
#        全新\Prj\IAR\FN15_Release\Obj\VCAN_key.o"
#        "C:\Users\杨宇钢\Desktop\程序分类管理\双摄像头 欧泡果奶库
#        全新\Prj\IAR\FN15_Release\Obj\VCAN_key_event.o"
#        "C:\Users\杨宇钢\Desktop\程序分类管理\双摄像头 欧泡果奶库
#        全新\Prj\IAR\FN15_Release\Obj\VCAN_LCD.o"
#        "C:\Users\杨宇钢\Desktop\程序分类管理\双摄像头 欧泡果奶库
#        全新\Prj\IAR\FN15_Release\Obj\VCAN_LCD_CH.o"
#        "C:\Users\杨宇钢\Desktop\程序分类管理\双摄像头 欧泡果奶库
#        全新\Prj\IAR\FN15_Release\Obj\VCAN_LCD_ILI9341.o"
#        "C:\Users\杨宇钢\Desktop\程序分类管理\双摄像头 欧泡果奶库
#        全新\Prj\IAR\FN15_Release\Obj\VCAN_LCD_ST7735R.o"
#        "C:\Users\杨宇钢\Desktop\程序分类管理\双摄像头 欧泡果奶库
#        全新\Prj\IAR\FN15_Release\Obj\VCAN_LCD_ST7735S.o"
#        "C:\Users\杨宇钢\Desktop\程序分类管理\双摄像头 欧泡果奶库
#        全新\Prj\IAR\FN15_Release\Obj\VCAN_LED.o"
#        "C:\Users\杨宇钢\Desktop\程序分类管理\双摄像头 欧泡果奶库
#        全新\Prj\IAR\FN15_Release\Obj\VCAN_MMA7455.o"
#        "C:\Users\杨宇钢\Desktop\程序分类管理\双摄像头 欧泡果奶库
#        全新\Prj\IAR\FN15_Release\Obj\VCAN_NRF24L0.o"
#        "C:\Users\杨宇钢\Desktop\程序分类管理\双摄像头 欧泡果奶库
#        全新\Prj\IAR\FN15_Release\Obj\VCAN_NRF24L0_MSG.o"
#        "C:\Users\杨宇钢\Desktop\程序分类管理\双摄像头 欧泡果奶库
#        全新\Prj\IAR\FN15_Release\Obj\VCAN_OV7725_Eagle.o"
#        "C:\Users\杨宇钢\Desktop\程序分类管理\双摄像头 欧泡果奶库
#        全新\Prj\IAR\FN15_Release\Obj\VCAN_OV7725_Wolf.o"
#        "C:\Users\杨宇钢\Desktop\程序分类管理\双摄像头 欧泡果奶库
#        全新\Prj\IAR\FN15_Release\Obj\VCAN_RTC_count.o"
#        "C:\Users\杨宇钢\Desktop\程序分类管理\双摄像头 欧泡果奶库
#        全新\Prj\IAR\FN15_Release\Obj\VCAN_SCCB.o"
#        "C:\Users\杨宇钢\Desktop\程序分类管理\双摄像头 欧泡果奶库
#        全新\Prj\IAR\FN15_Release\Obj\vcan_sd_app.o"
#        "C:\Users\杨宇钢\Desktop\程序分类管理\双摄像头 欧泡果奶库
#        全新\Prj\IAR\FN15_Release\Obj\Vcan_touch.o"
#        "C:\Users\杨宇钢\Desktop\程序分类管理\双摄像头 欧泡果奶库
#        全新\Prj\IAR\FN15_Release\Obj\VCAN_TSL1401.o"
#        "C:\Users\杨宇钢\Desktop\程序分类管理\双摄像头 欧泡果奶库
#        全新\Prj\IAR\FN15_Release\Obj\VCAN_UI_VAR.o"
#        "C:\Users\杨宇钢\Desktop\程序分类管理\双摄像头 欧泡果奶库
#        全新\Prj\IAR\FN15_Release\Obj\vectors.o" --redirect
#        _Printf=_PrintfLargeNoMb --redirect _Scanf=_ScanfLargeNoMb -o
#        "C:\Users\杨宇钢\Desktop\程序分类管理\双摄像头 欧泡果奶库
#        全新\Prj\IAR\FN15_Release\Exe\vcan_Kinetis.out" --map
#        "C:\Users\杨宇钢\Desktop\程序分类管理\双摄像头 欧泡果奶库
#        全新\Prj\IAR\FN15_Release\List\vcan_Kinetis.map" --config
#        "C:\Users\杨宇钢\Desktop\程序分类管理\双摄像头 欧泡果奶库
#        全新\Prj\IAR\config files\vcan_ROM_K60N1M.icf"
#        "C:\Users\杨宇钢\Desktop\程序分类管理\双摄像头 欧泡果奶库
#        全新\Prj\IAR\..\..\Lib\CMSIS\iar_cortexM4l_math.a" --entry
#        __iar_program_start --redirect __write=__write_buffered --inline --vfe
#
###############################################################################

*******************************************************************************
*** RUNTIME MODEL ATTRIBUTES
***

CppFlavor       = *
__SystemLibrary = DLib


*******************************************************************************
*** PLACEMENT SUMMARY
***

"A1":  place at 0x00000000 { ro section .intvec };
"A2":  place at 0x00000410 { ro section .noinit };
"P1":  place in [from 0x00000000 to 0x00100000] { ro, block CodeRelocate };
"P2":  place in [from 0x1fff0410 to 0x20010000] {
          rw, block CodeRelocateRam, block CSTACK, block HEAP };

  Section              Kind        Address    Size  Object
  -------              ----        -------    ----  ------
"A1":                                        0x410
  .intvec              const    0x00000000   0x410  vectors.o [1]
                              - 0x00000410   0x410

"P1", part 1 of 2:                             0x0
  .rodata              const    0x00000410     0x0  zero_init3.o [5]

"A2":                                          0x8
  .noinit              ro code  0x00000410     0x8  startup_MK60DZ10.o [1]
                              - 0x00000418     0x8

"P1", part 2 of 2:                          0x4bac
  .data_init                    0x00000418   0xdf4  <Block>
    Initializer bytes  ro data  0x00000418   0xdf4  <for .data-1>
  .text                ro code  0x0000120c   0xada  VCAN_camera.o [1]
  .text                ro code  0x00001ce6    0x22  zero_init3.o [5]
  .text                ro code  0x00001d08     0x6  ABImemclr4.o [5]
  .text                ro code  0x00001d10   0x578  OLED.o [1]
  .text                ro code  0x00002288    0x80  MK60_gpio.o [1]
  .text                ro code  0x00002308   0x284  MK60_ftm.o [1]
  .text                ro code  0x0000258c    0x32  ABImemset48.o [5]
  .text                ro code  0x000025c0    0x74  MK60_port.o [1]
  .text                ro code  0x00002634   0x77c  VCAN_SCCB.o [1]
  .text                ro code  0x00002db0   0x578  main.o [1]
  .text                ro code  0x00003328   0x298  VCAN_OV7725_Eagle.o [1]
  .text                ro code  0x000035c0   0x384  Motor.o [1]
  .text                ro code  0x00003944     0xe  Servo_Motor.o [1]
  .text                ro code  0x00003954   0x360  lcd.o [1]
  .text                ro code  0x00003cb4    0x3c  MK60_PIT.o [1]
  .text                ro code  0x00003cf0    0x18  misc.o [1]
  .text                ro code  0x00003d08    0x34  MK60_SysTick.o [1]
  .text                ro code  0x00003d3c    0xd0  Screen.o [1]
  .text                ro code  0x00003e0c   0x304  FuzzySet_Speed.o [1]
  .text                ro code  0x00004110    0x46  VCAN_computer.o [1]
  .text                ro code  0x00004158    0xec  MK60_dma.o [1]
  .text                ro code  0x00004244    0x2c  I32ToDbl.o [4]
  .text                ro code  0x00004270   0x246  DblDiv.o [4]
  .text                ro code  0x000044b8   0x1a2  DblMul.o [4]
  .text                ro code  0x0000465c    0xe8  DblAdd.o [4]
  .text                ro code  0x00004744    0x4c  DblToI32.o [4]
  .text                ro code  0x00004790   0x17c  MK60_uart.o [1]
  .text                ro code  0x0000490c   0x16c  DblSub.o [4]
  Veneer               ro code  0x00004a78     0x8  - Linker created -
  .text                ro code  0x00004a80   0x200  MK60_mcg.o [1]
  .text                ro code  0x00004c80    0xd8  system_MK60DZ10.o [1]
  .text                ro code  0x00004d58    0x2c  MK60_wdog.o [1]
  .text                ro code  0x00004d84    0x76  ABImemcpy_unaligned.o [5]
  .text                ro code  0x00004dfc     0x6  ABImemclr.o [5]
  .text                ro code  0x00004e04    0x5e  ABImemset.o [5]
  .text                ro code  0x00004e64    0x80  MK60_it.o [1]
  CodeRelocate                  0x00004ee4    0x3c  <Block>
    Initializer bytes  ro data  0x00004ee4    0x3c  <for CodeRelocateRam-1>
  .text                ro code  0x00004f20    0x28  data_init.o [5]
  .text                ro code  0x00004f48    0x22  fpinit_M.o [4]
  .iar.init_table      const    0x00004f6c    0x10  - Linker created -
  .text                ro code  0x00004f7c    0x1a  cmain.o [5]
  .text                ro code  0x00004f96     0x4  exit.o [3]
  .text                ro code  0x00004f9c     0xa  cexit.o [5]
  .text                ro code  0x00004fa8     0xc  XXexit.o [5]
  .text                ro code  0x00004fb4     0xc  cstartup_M.o [5]
  .text                ro code  0x00004fc0     0x4  MK60_conf.o [1]
                              - 0x00004fc4  0x4bac

"P2":                                       0xcb18
  .data                         0x1fff0410   0xdf4  <Block>
    .data-1                     0x1fff0410   0xdf4  <Init block>
      .data            inited   0x1fff0410    0x88  FuzzySet_Speed.o [1]
      .data            inited   0x1fff0498    0x10  FuzzySet_Speed.o [1]
      .data            inited   0x1fff04a8    0x20  MK60_ftm.o [1]
      .data            inited   0x1fff04c8    0x14  MK60_gpio.o [1]
      .data            inited   0x1fff04dc    0x58  MK60_mcg.o [1]
      .data            inited   0x1fff0534     0x4  MK60_mcg.o [1]
      .data            inited   0x1fff0538    0x14  MK60_port.o [1]
      .data            inited   0x1fff054c    0x18  MK60_uart.o [1]
      .data            inited   0x1fff0564   0x3c4  VCAN_camera.o [1]
      .data            inited   0x1fff0928    0x34  VCAN_camera.o [1]
      .data            inited   0x1fff095c   0x7dc  VCAN_camera.o [1]
      .data            inited   0x1fff1138     0xc  VCAN_OV7725_Eagle.o [1]
      .data            inited   0x1fff1144    0x60  VCAN_OV7725_Eagle.o [1]
      .data            inited   0x1fff11a4    0x60  VCAN_OV7725_Eagle.o [1]
  CodeRelocateRam               0x1fff1204    0x3c  <Block>
    CodeRelocateRam-1           0x1fff1204    0x3c  <Init block>
      .textrw          inited   0x1fff1204    0x3c  MK60_mcg.o [1]
  .bss                          0x1fff1240  0xbce8  <Block>
    .bss               zero     0x1fff1240  0xbba0  main.o [1]
    .bss               zero     0x1fffcde0    0x48  Motor.o [1]
    .bss               zero     0x1fffce28     0xc  system_MK60DZ10.o [1]
    .bss               zero     0x1fffce34    0xf0  VCAN_camera.o [1]
    .bss               zero     0x1fffcf24     0x1  VCAN_camera.o [1]
                              - 0x1fffcf28  0xcb18


*******************************************************************************
*** INIT TABLE
***

          Address     Size
          -------     ----
Zero (__iar_zero_init3)
    1 destination range, total size 0xbce5:
          0x1fff1240  0xbce5



*******************************************************************************
*** MODULE SUMMARY
***

    Module                 ro code  rw code  ro data  rw data
    ------                 -------  -------  -------  -------
C:\Users\杨宇钢\Desktop\程序分类管理\双摄像头 欧泡果奶库 全新\Prj\IAR\FN15_Release\Obj: [1]
    FuzzySet_Speed.o           772               152      152
    MK60_PIT.o                  60
    MK60_SysTick.o              52
    MK60_conf.o                  4
    MK60_dma.o                 236
    MK60_ftm.o                 644                32       32
    MK60_gpio.o                128                20       20
    MK60_it.o                  128
    MK60_mcg.o                 512       60      152       92
    MK60_port.o                116                20       20
    MK60_uart.o                380                24       24
    MK60_wdog.o                 44
    Motor.o                    900                         72
    OLED.o                   1 400
    Screen.o                   208
    Servo_Motor.o               14
    VCAN_OV7725_Eagle.o        664               204      204
    VCAN_SCCB.o              1 916
    VCAN_camera.o            2 778             3 028    3 269
    VCAN_computer.o             70
    lcd.o                      864
    main.o                   1 400                     48 032
    misc.o                      24
    startup_MK60DZ10.o           8
    system_MK60DZ10.o          216                         12
    vectors.o                                  1 040
    ---------------------------------------------------------
    Total:                  13 538       60    4 672   51 929

command line: [2]
    ---------------------------------------------------------
    Total:

dl7M_tlf.a: [3]
    exit.o                       4
    ---------------------------------------------------------
    Total:                       4

m7M_tlv.a: [4]
    DblAdd.o                   232
    DblDiv.o                   582
    DblMul.o                   418
    DblSub.o                   364
    DblToI32.o                  76
    I32ToDbl.o                  44
    fpinit_M.o                  34
    ---------------------------------------------------------
    Total:                   1 750

rt7M_tl.a: [5]
    ABImemclr.o                  6
    ABImemclr4.o                 6
    ABImemcpy_unaligned.o      118
    ABImemset.o                 94
    ABImemset48.o               50
    XXexit.o                    12
    cexit.o                     10
    cmain.o                     26
    cstartup_M.o                12
    data_init.o                 40
    zero_init3.o                34
    ---------------------------------------------------------
    Total:                     408

    Gaps                        22                 2
    Linker created               8                16
-------------------------------------------------------------
    Grand Total:            15 730       60    4 690   51 929


*******************************************************************************
*** ENTRY LIST
***

Entry                      Address    Size  Type      Object
-----                      -------    ----  ----      ------
.bss$$Base              0x1fff1240           --   Gb  - Linker created -
.bss$$Limit             0x1fffcf28           --   Gb  - Linker created -
.data$$Base             0x1fff0410           --   Gb  - Linker created -
.data$$Limit            0x1fff1204           --   Gb  - Linker created -
.data_init$$Base        0x00000418           --   Gb  - Linker created -
.data_init$$Limit       0x0000120c           --   Gb  - Linker created -
?main                   0x00004f7d          Code  Gb  cmain.o [5]
Address_set             0x00003bf1    0x4a  Code  Gb  lcd.o [1]
Block_judge_mid         0x1fff092a     0x1  Data  Gb  VCAN_camera.o [1]
Block_left_line         0x1fff0564    0xf0  Data  Gb  VCAN_camera.o [1]
Block_middle_line       0x1fff0930     0x2  Data  Gb  VCAN_camera.o [1]
Block_right_line        0x1fff0654    0xf0  Data  Gb  VCAN_camera.o [1]
Block_row               0x1fff0929     0x1  Data  Gb  VCAN_camera.o [1]
CodeRelocate$$Base      0x00004ee4           --   Gb  - Linker created -
CodeRelocate$$Limit     0x00004f20           --   Gb  - Linker created -
CodeRelocateRam$$Base   0x1fff1204           --   Gb  - Linker created -
CodeRelocateRam$$Limit  0x1fff1240           --   Gb  - Linker created -
DFF                     0x1fff0484    0x10  Data  Gb  FuzzySet_Speed.o [1]
DMA0_IRQHandler         0x00004e93     0x4  Code  Gb  MK60_it.o [1]
DMA3_IRQHandler         0x00004e97     0x4  Code  Gb  MK60_it.o [1]
F6x8                    0x00002060   0x228  Data  Gb  OLED.o [1]
FTMN                    0x1fff04a8    0x10  Data  Gb  MK60_ftm.o [1]
FTM_port_mux            0x00002309   0x10e  Code  Lc  MK60_ftm.o [1]
FuzzySet_Speed          0x00003e0d   0x2ec  Code  Gb  FuzzySet_Speed.o [1]
GPIOX                   0x1fff04c8    0x14  Data  Gb  MK60_gpio.o [1]
LAST_sigal_row          0x1fff0964     0x2  Data  Gb  VCAN_camera.o [1]
LCD_Clear               0x00003c3f    0x60  Code  Gb  lcd.o [1]
LCD_WriteCommand        0x00003955     0xc  Code  Gb  lcd.o [1]
LCD_Write_Data          0x00003961     0xc  Code  Gb  lcd.o [1]
LCD_Write_Data2         0x00003993     0x6  Code  Gb  lcd.o [1]
LCD_img_1               0x00003d3d    0x60  Code  Gb  Screen.o [1]
LEDPIN_Init             0x00001d11    0x2e  Code  Gb  OLED.o [1]
LED_Fill                0x00001dc1    0x30  Code  Gb  OLED.o [1]
LED_P6x8Char            0x00001ebf    0x60  Code  Gb  OLED.o [1]
LED_P6x8Str             0x00001f1f    0x7c  Code  Gb  OLED.o [1]
LED_PrintValueI         0x00001f9b    0xba  Code  Gb  OLED.o [1]
LED_WrCmd               0x00001d81    0x40  Code  Gb  OLED.o [1]
LED_WrDat               0x00001d41    0x40  Code  Gb  OLED.o [1]
Last_middle_line        0x1fff0b4e     0x2  Data  Gb  VCAN_camera.o [1]
Left_block_deviation    0x1fff0958     0x4  Data  Gb  VCAN_camera.o [1]
Left_deviation          0x1fff112c     0x4  Data  Gb  VCAN_camera.o [1]
Left_last_deviation     0x1fff1128     0x4  Data  Gb  VCAN_camera.o [1]
Left_line               0x1fff096c    0xf0  Data  Gb  VCAN_camera.o [1]
Lost_flag               0x1fff0968     0x2  Data  Gb  VCAN_camera.o [1]
Middle_average_line     0x1fff0934     0x2  Data  Gb  VCAN_camera.o [1]
Middle_chosse           0x1fff093a     0x2  Data  Gb  VCAN_camera.o [1]
Middle_line             0x1fffce34    0xf0  Data  Gb  VCAN_camera.o [1]
Middle_temp             0x1fff0966     0x2  Data  Gb  VCAN_camera.o [1]
Motor_init              0x000037c9    0x3a  Code  Gb  Motor.o [1]
Mov_dev                 0x1fff0b4c     0x1  Data  Gb  VCAN_camera.o [1]
Movblo_dev              0x1fff0744     0x1  Data  Gb  VCAN_camera.o [1]
OLED_init               0x00001df1    0xce  Code  Gb  OLED.o [1]
PFF                     0x1fff0474    0x10  Data  Gb  FuzzySet_Speed.o [1]
PID                     0x1fff093c     0x2  Data  Gb  VCAN_camera.o [1]
PIT0_IRQHandler         0x00004e9b    0x38  Code  Gb  MK60_it.o [1]
PORTA_IRQHandler        0x00004e65    0x1a  Code  Gb  MK60_it.o [1]
PORTB_IRQHandler        0x00004e7f    0x14  Code  Gb  MK60_it.o [1]
PORTX                   0x1fff0538    0x14  Data  Gb  MK60_port.o [1]
Prospect_see            0x1fff1254     0x2  Data  Gb  main.o [1]
QP_flag                 0x1fff095d     0x1  Data  Gb  VCAN_camera.o [1]
Region$$Table$$Base     0x00004f6c           --   Gb  - Linker created -
Region$$Table$$Limit    0x00004f7c           --   Gb  - Linker created -
Reset_Handler           0x00000411          Code  Gb  startup_MK60DZ10.o [1]
Right_block_deviation   0x1fff0954     0x4  Data  Gb  VCAN_camera.o [1]
Right_deviation         0x1fff1134     0x4  Data  Gb  VCAN_camera.o [1]
Right_last_deviation    0x1fff1130     0x4  Data  Gb  VCAN_camera.o [1]
Right_line              0x1fff0a5c    0xf0  Data  Gb  VCAN_camera.o [1]
SCCB_GPIO_init          0x000029cf    0x2a  Code  Gb  VCAN_SCCB.o [1]
SCCB_GPIO_init_1        0x00002635    0x2a  Code  Gb  VCAN_SCCB.o [1]
SCCB_ReadByte           0x00002bcb    0x20  Code  Gb  VCAN_SCCB.o [1]
SCCB_ReadByte_1         0x000027ff    0x20  Code  Gb  VCAN_SCCB.o [1]
SCCB_ReadByte_one       0x00002beb   0x1aa  Code  Lc  VCAN_SCCB.o [1]
SCCB_ReadByte_one_1     0x0000281f   0x1b0  Code  Lc  VCAN_SCCB.o [1]
SCCB_SendByte           0x00002b2b    0x5a  Code  Lc  VCAN_SCCB.o [1]
SCCB_SendByte_1         0x0000275d    0x5c  Code  Lc  VCAN_SCCB.o [1]
SCCB_Start              0x000029f9    0x5c  Code  Lc  VCAN_SCCB.o [1]
SCCB_Start_1            0x0000265f    0x5e  Code  Lc  VCAN_SCCB.o [1]
SCCB_Stop               0x00002a65    0x46  Code  Lc  VCAN_SCCB.o [1]
SCCB_Stop_1             0x000026bd    0x4a  Code  Lc  VCAN_SCCB.o [1]
SCCB_WaitAck            0x00002ac7    0x50  Code  Lc  VCAN_SCCB.o [1]
SCCB_WaitAck_1          0x00002707    0x56  Code  Lc  VCAN_SCCB.o [1]
SCCB_WriteByte          0x00002b85    0x46  Code  Gb  VCAN_SCCB.o [1]
SCCB_WriteByte_1        0x000027b9    0x46  Code  Gb  VCAN_SCCB.o [1]
Servo_Motor_init        0x00003945     0xe  Code  Gb  Servo_Motor.o [1]
Speed_P                 0x1fff0950     0x4  Data  Gb  VCAN_camera.o [1]
TFT_Reset               0x00003999    0x1e  Code  Gb  lcd.o [1]
Tft_init                0x000039b7   0x23a  Code  Gb  lcd.o [1]
UARTN                   0x1fff054c    0x18  Data  Gb  MK60_uart.o [1]
UFF                     0x1fff0494     0x4  Data  Gb  FuzzySet_Speed.o [1]
UFF3                    0x1fff0498    0x10  Data  Gb  FuzzySet_Speed.o [1]
__BOOT_STACK_ADDRESS {Abs}
                        0x2000fff8           --   Gb  command line/config [2]
__VECTOR_RAM {Abs}      0x1fff0000           --   Gb  command line/config [2]
__VECTOR_TABLE {Abs}    0x00000000           --   Gb  command line/config [2]
__aeabi_d2iz            0x00004745          Code  Gb  DblToI32.o [4]
__aeabi_dadd            0x0000465d          Code  Gb  DblAdd.o [4]
__aeabi_ddiv            0x00004271          Code  Gb  DblDiv.o [4]
__aeabi_dmul            0x000044b9          Code  Gb  DblMul.o [4]
__aeabi_i2d             0x00004245          Code  Gb  I32ToDbl.o [4]
__aeabi_memclr          0x00004dfd          Code  Gb  ABImemclr.o [5]
__aeabi_memclr4         0x00001d09          Code  Gb  ABImemclr4.o [5]
__cmain                 0x00004f7d          Code  Gb  cmain.o [5]
__code_start__ {Abs}    0x00000410           --   Gb  command line/config [2]
__exit                  0x00004fa9          Code  Gb  XXexit.o [5]
__iar_Memset4_word      0x0000258d          Code  Gb  ABImemset48.o [5]
__iar_Memset8_word      0x0000258d          Code  Gb  ABImemset48.o [5]
__iar_Memset_word       0x00004e05          Code  Gb  ABImemset.o [5]
__iar_d2uiz             0x00004771          Code  Gb  DblToI32.o [4]
__iar_dadd              0x00004671          Code  Gb  DblAdd.o [4]
__iar_data_init3        0x00004f21    0x28  Code  Gb  data_init.o [5]
__iar_dsub              0x0000490d          Code  Gb  DblSub.o [4]
__iar_dsubStart         0x0000491f          Code  Gb  DblSub.o [4]
__iar_init_vfp          0x00004f49          Code  Gb  fpinit_M.o [4]
__iar_program_start     0x00004fb5          Code  Gb  cstartup_M.o [5]
__iar_ui2d              0x00004259          Code  Gb  I32ToDbl.o [4]
__iar_unaligned___aeabi_memcpy
                        0x00004d85          Code  Gb  ABImemcpy_unaligned.o [5]
__iar_unaligned___aeabi_memcpy4
                        0x00004da5          Code  Gb  ABImemcpy_unaligned.o [5]
__iar_unaligned___aeabi_memcpy8
                        0x00004da5          Code  Gb  ABImemcpy_unaligned.o [5]
__iar_zero_init3        0x00001ce7    0x22  Code  Gb  zero_init3.o [5]
__vector_table          0x00000000   0x410  Data  Gb  vectors.o [1]
_call_main              0x00004f89          Code  Gb  cmain.o [5]
_exit                   0x00004f9d          Code  Gb  cexit.o [5]
_main                   0x00004f93          Code  Gb  cmain.o [5]
back_count              0x1fff0960     0x1  Data  Gb  VCAN_camera.o [1]
back_turn_buff          0x1fff1118    0x10  Data  Gb  VCAN_camera.o [1]
block_Lline             0x1fff0748    0xf0  Data  Gb  VCAN_camera.o [1]
block_Rline             0x1fff0838    0xf0  Data  Gb  VCAN_camera.o [1]
block_near_flag_L       0x1fff092c     0x1  Data  Gb  VCAN_camera.o [1]
block_near_flag_R       0x1fff092d     0x1  Data  Gb  VCAN_camera.o [1]
block_processing        0x000017db   0x282  Code  Gb  VCAN_camera.o [1]
bus_clk_khz             0x1fffce30     0x4  Data  Gb  system_MK60DZ10.o [1]
chosse_count            0x1fff0961     0x1  Data  Gb  VCAN_camera.o [1]
common_startup          0x00004cdd    0x48  Code  Gb  system_MK60DZ10.o [1]
core_clk_khz            0x1fffce28     0x4  Data  Gb  system_MK60DZ10.o [1]
core_clk_mhz            0x1fffce2c     0x4  Data  Gb  system_MK60DZ10.o [1]
default_isr             0x00004fc1     0x2  Code  Gb  MK60_conf.o [1]
deviation               0x1fff0936     0x2  Data  Gb  VCAN_camera.o [1]
deviation_deal          0x00001a5d   0x1f2  Code  Gb  VCAN_camera.o [1]
direction_duty_output   0x1fff092e     0x2  Data  Gb  VCAN_camera.o [1]
divide_servos_flag      0x1fff0963     0x1  Data  Gb  VCAN_camera.o [1]
dma_portx2buff_init     0x00004159    0xec  Code  Gb  MK60_dma.o [1]
exit                    0x00004f97     0x4  Code  Gb  exit.o [3]
filter_sigal            0x000031e1    0x8e  Code  Gb  main.o [1]
filter_speed_L          0x0000380d    0x88  Code  Gb  Motor.o [1]
filter_speed_R          0x000038a5    0x88  Code  Gb  Motor.o [1]
ftm_mod                 0x1fff04b8    0x10  Data  Lc  MK60_ftm.o [1]
ftm_pwm_duty            0x000024a7    0x3a  Code  Gb  MK60_ftm.o [1]
ftm_pwm_init            0x00002417    0x90  Code  Gb  MK60_ftm.o [1]
ftm_quad_clean          0x00002573     0x2  Code  Gb  MK60_ftm.o [1]
ftm_quad_get            0x00002567     0xc  Code  Gb  MK60_ftm.o [1]
ftm_quad_init           0x000024e1    0x86  Code  Gb  MK60_ftm.o [1]
gpio_init               0x00002289    0x42  Code  Gb  MK60_gpio.o [1]
gpio_set                0x000022cb    0x22  Code  Gb  MK60_gpio.o [1]
gpio_turn               0x000022ed    0x16  Code  Gb  MK60_gpio.o [1]
img                     0x1fff82e0  0x4b00  Data  Gb  main.o [1]
img_1                   0x1fff37e0  0x4b00  Data  Gb  main.o [1]
img_extract             0x0000120d    0x76  Code  Gb  VCAN_camera.o [1]
img_switch_flag         0x1fff1240     0x1  Data  Gb  main.o [1]
img_switch_flag_1       0x1fff1241     0x1  Data  Gb  main.o [1]
imgbuff_block_1         0x1fff2520   0x960  Data  Gb  main.o [1]
imgbuff_block_2         0x1fff2e80   0x960  Data  Gb  main.o [1]
imgbuff_sigal_1         0x1fff1260   0x960  Data  Gb  main.o [1]
imgbuff_sigal_2         0x1fff1bc0   0x960  Data  Gb  main.o [1]
last_motor_speed_set    0x1fff1256     0x2  Data  Gb  main.o [1]
main                    0x00002db1   0x428  Code  Gb  main.o [1]
mcg_cfg                 0x1fff04dc    0x58  Data  Gb  MK60_mcg.o [1]
mcg_div                 0x1fff0534     0x4  Data  Gb  MK60_mcg.o [1]
mcg_div_count           0x00004a81   0x176  Code  Gb  MK60_mcg.o [1]
motor                   0x1fffcde0    0x48  Data  Gb  Motor.o [1]
no_block                0x1fff092b     0x1  Data  Gb  VCAN_camera.o [1]
ov7725_eagle_cfgnum     0x1fff1139     0x1  Data  Gb  VCAN_OV7725_Eagle.o [1]
ov7725_eagle_dma        0x00003527    0x12  Code  Gb  VCAN_OV7725_Eagle.o [1]
ov7725_eagle_dma_1      0x00003405    0x12  Code  Gb  VCAN_OV7725_Eagle.o [1]
ov7725_eagle_get_img    0x00003539    0x28  Code  Gb  VCAN_OV7725_Eagle.o [1]
ov7725_eagle_get_img_1  0x00003417    0x2a  Code  Gb  VCAN_OV7725_Eagle.o [1]
ov7725_eagle_img_buff   0x1fff1140     0x4  Data  Gb  VCAN_OV7725_Eagle.o [1]
ov7725_eagle_img_buff_1
                        0x1fff113c     0x4  Data  Gb  VCAN_OV7725_Eagle.o [1]
ov7725_eagle_img_flag   0x1fff113a     0x1  Data  Gb  VCAN_OV7725_Eagle.o [1]
ov7725_eagle_img_flag_1
                        0x1fff1138     0x1  Data  Gb  VCAN_OV7725_Eagle.o [1]
ov7725_eagle_init       0x00003441    0xa2  Code  Gb  VCAN_OV7725_Eagle.o [1]
ov7725_eagle_init_1     0x00003329    0xa2  Code  Gb  VCAN_OV7725_Eagle.o [1]
ov7725_eagle_reg        0x1fff11a4    0x60  Data  Gb  VCAN_OV7725_Eagle.o [1]
ov7725_eagle_reg_1      0x1fff1144    0x60  Data  Gb  VCAN_OV7725_Eagle.o [1]
ov7725_eagle_vsync      0x000034ed    0x3a  Code  Gb  VCAN_OV7725_Eagle.o [1]
ov7725_eagle_vsync_1    0x000033cb    0x3a  Code  Gb  VCAN_OV7725_Eagle.o [1]
pit_init                0x00003cb5    0x30  Code  Gb  MK60_PIT.o [1]
pll_init                0x00004bf7    0x7c  Code  Gb  MK60_mcg.o [1]
port_init               0x000025c1    0x2c  Code  Gb  MK60_port.o [1]
port_init_NoALT         0x000025ed    0x38  Code  Gb  MK60_port.o [1]
real_deviation          0x1fff0938     0x2  Data  Gb  VCAN_camera.o [1]
rule                    0x1fff0410    0x64  Data  Gb  FuzzySet_Speed.o [1]
servos_divide_buff2     0x1fff10f0    0x28  Data  Gb  VCAN_camera.o [1]
set_sys_dividers        0x1fff1205    0x3c  Code  Gb  MK60_mcg.o [1]
set_vector_handler      0x00003cf7     0x8  Code  Gb  misc.o [1]
show_OLED_flag          0x1fff0928     0x1  Data  Gb  VCAN_camera.o [1]
show_process_flag       0x1fffcf24     0x1  Data  Gb  VCAN_camera.o [1]
sigal_Lline_normal      0x1fff0b50    0xf0  Data  Gb  VCAN_camera.o [1]
sigal_LturnR_1          0x1fff0d30    0xf0  Data  Gb  VCAN_camera.o [1]
sigal_LturnR_2          0x1fff0f10    0xf0  Data  Gb  VCAN_camera.o [1]
sigal_Rline_normal      0x1fff0c40    0xf0  Data  Gb  VCAN_camera.o [1]
sigal_RturnL_1          0x1fff0e20    0xf0  Data  Gb  VCAN_camera.o [1]
sigal_RturnL_2          0x1fff1000    0xf0  Data  Gb  VCAN_camera.o [1]
sigal_processing        0x00001283   0x558  Code  Gb  VCAN_camera.o [1]
sigal_row               0x1fff0932     0x2  Data  Gb  VCAN_camera.o [1]
slowdown_flag           0x1fff095f     0x1  Data  Gb  VCAN_camera.o [1]
slowdown_flag_agree     0x1fff095e     0x1  Data  Gb  VCAN_camera.o [1]
speed                   0x1fff1258     0x4  Data  Gb  main.o [1]
speed_control2          0x000035c1   0x206  Code  Gb  Motor.o [1]
start                   0x00004c81    0x28  Code  Gb  system_MK60DZ10.o [1]
start_flag              0x1fff095c     0x1  Data  Gb  VCAN_camera.o [1]
sysinit                 0x00004ca9    0x34  Code  Gb  system_MK60DZ10.o [1]
systick_delay_ms        0x00003d09    0x2a  Code  Gb  MK60_SysTick.o [1]
turn_buff               0x1fff0940    0x10  Data  Gb  VCAN_camera.o [1]
turn_buff_count         0x1fff0962     0x1  Data  Gb  VCAN_camera.o [1]
turn_count              0x1fff093e     0x1  Data  Gb  VCAN_camera.o [1]
uart_init               0x00004791   0x148  Code  Gb  MK60_uart.o [1]
uart_putbuff            0x000048d9    0x24  Code  Gb  MK60_uart.o [1]
var                     0x1fff1244    0x10  Data  Gb  main.o [1]
vcan_sendware           0x00004139    0x16  Code  Gb  VCAN_computer.o [1]
wdog_disable            0x00004d59    0x26  Code  Gb  MK60_wdog.o [1]
write_vtor              0x00003cf1     0x6  Code  Gb  misc.o [1]


[1] = C:\Users\杨宇钢\Desktop\程序分类管理\双摄像头 欧泡果奶库 全新\Prj\IAR\FN15_Release\Obj
[2] = command line
[3] = dl7M_tlf.a
[4] = m7M_tlv.a
[5] = rt7M_tl.a

  15 730 bytes of readonly  code memory
      60 bytes of readwrite code memory
   4 690 bytes of readonly  data memory
  51 929 bytes of readwrite data memory

Errors: none
Warnings: none
